Archive member included to satisfy reference by file (symbol)

/opt/st/stm32cubeide_1.13.2/plugins/com.st.stm32cube.ide.mcu.externaltools.gnu-tools-for-stm32.11.3.rel1.linux64_1.1.1.202309131626/tools/bin/../lib/gcc/arm-none-eabi/11.3.1/../../../../arm-none-eabi/lib/thumb/v7-m/nofp/libc_nano.a(libc_a-exit.o)
                              /opt/st/stm32cubeide_1.13.2/plugins/com.st.stm32cube.ide.mcu.externaltools.gnu-tools-for-stm32.11.3.rel1.linux64_1.1.1.202309131626/tools/bin/../lib/gcc/arm-none-eabi/11.3.1/../../../../arm-none-eabi/lib/thumb/v7-m/nofp/crt0.o (exit)
/opt/st/stm32cubeide_1.13.2/plugins/com.st.stm32cube.ide.mcu.externaltools.gnu-tools-for-stm32.11.3.rel1.linux64_1.1.1.202309131626/tools/bin/../lib/gcc/arm-none-eabi/11.3.1/../../../../arm-none-eabi/lib/thumb/v7-m/nofp/libc_nano.a(libc_a-findfp.o)
                              /opt/st/stm32cubeide_1.13.2/plugins/com.st.stm32cube.ide.mcu.externaltools.gnu-tools-for-stm32.11.3.rel1.linux64_1.1.1.202309131626/tools/bin/../lib/gcc/arm-none-eabi/11.3.1/../../../../arm-none-eabi/lib/thumb/v7-m/nofp/libc_nano.a(libc_a-exit.o) (__stdio_exit_handler)
/opt/st/stm32cubeide_1.13.2/plugins/com.st.stm32cube.ide.mcu.externaltools.gnu-tools-for-stm32.11.3.rel1.linux64_1.1.1.202309131626/tools/bin/../lib/gcc/arm-none-eabi/11.3.1/../../../../arm-none-eabi/lib/thumb/v7-m/nofp/libc_nano.a(libc_a-fwalk.o)
                              /opt/st/stm32cubeide_1.13.2/plugins/com.st.stm32cube.ide.mcu.externaltools.gnu-tools-for-stm32.11.3.rel1.linux64_1.1.1.202309131626/tools/bin/../lib/gcc/arm-none-eabi/11.3.1/../../../../arm-none-eabi/lib/thumb/v7-m/nofp/libc_nano.a(libc_a-findfp.o) (_fwalk_sglue)
/opt/st/stm32cubeide_1.13.2/plugins/com.st.stm32cube.ide.mcu.externaltools.gnu-tools-for-stm32.11.3.rel1.linux64_1.1.1.202309131626/tools/bin/../lib/gcc/arm-none-eabi/11.3.1/../../../../arm-none-eabi/lib/thumb/v7-m/nofp/libc_nano.a(libc_a-stdio.o)
                              /opt/st/stm32cubeide_1.13.2/plugins/com.st.stm32cube.ide.mcu.externaltools.gnu-tools-for-stm32.11.3.rel1.linux64_1.1.1.202309131626/tools/bin/../lib/gcc/arm-none-eabi/11.3.1/../../../../arm-none-eabi/lib/thumb/v7-m/nofp/libc_nano.a(libc_a-findfp.o) (__sread)
/opt/st/stm32cubeide_1.13.2/plugins/com.st.stm32cube.ide.mcu.externaltools.gnu-tools-for-stm32.11.3.rel1.linux64_1.1.1.202309131626/tools/bin/../lib/gcc/arm-none-eabi/11.3.1/../../../../arm-none-eabi/lib/thumb/v7-m/nofp/libc_nano.a(libc_a-memset.o)
                              /opt/st/stm32cubeide_1.13.2/plugins/com.st.stm32cube.ide.mcu.externaltools.gnu-tools-for-stm32.11.3.rel1.linux64_1.1.1.202309131626/tools/bin/../lib/gcc/arm-none-eabi/11.3.1/../../../../arm-none-eabi/lib/thumb/v7-m/nofp/crt0.o (memset)
/opt/st/stm32cubeide_1.13.2/plugins/com.st.stm32cube.ide.mcu.externaltools.gnu-tools-for-stm32.11.3.rel1.linux64_1.1.1.202309131626/tools/bin/../lib/gcc/arm-none-eabi/11.3.1/../../../../arm-none-eabi/lib/thumb/v7-m/nofp/libc_nano.a(libc_a-closer.o)
                              /opt/st/stm32cubeide_1.13.2/plugins/com.st.stm32cube.ide.mcu.externaltools.gnu-tools-for-stm32.11.3.rel1.linux64_1.1.1.202309131626/tools/bin/../lib/gcc/arm-none-eabi/11.3.1/../../../../arm-none-eabi/lib/thumb/v7-m/nofp/libc_nano.a(libc_a-stdio.o) (_close_r)
/opt/st/stm32cubeide_1.13.2/plugins/com.st.stm32cube.ide.mcu.externaltools.gnu-tools-for-stm32.11.3.rel1.linux64_1.1.1.202309131626/tools/bin/../lib/gcc/arm-none-eabi/11.3.1/../../../../arm-none-eabi/lib/thumb/v7-m/nofp/libc_nano.a(libc_a-reent.o)
                              /opt/st/stm32cubeide_1.13.2/plugins/com.st.stm32cube.ide.mcu.externaltools.gnu-tools-for-stm32.11.3.rel1.linux64_1.1.1.202309131626/tools/bin/../lib/gcc/arm-none-eabi/11.3.1/../../../../arm-none-eabi/lib/thumb/v7-m/nofp/libc_nano.a(libc_a-closer.o) (errno)
/opt/st/stm32cubeide_1.13.2/plugins/com.st.stm32cube.ide.mcu.externaltools.gnu-tools-for-stm32.11.3.rel1.linux64_1.1.1.202309131626/tools/bin/../lib/gcc/arm-none-eabi/11.3.1/../../../../arm-none-eabi/lib/thumb/v7-m/nofp/libc_nano.a(libc_a-impure.o)
                              /opt/st/stm32cubeide_1.13.2/plugins/com.st.stm32cube.ide.mcu.externaltools.gnu-tools-for-stm32.11.3.rel1.linux64_1.1.1.202309131626/tools/bin/../lib/gcc/arm-none-eabi/11.3.1/../../../../arm-none-eabi/lib/thumb/v7-m/nofp/libc_nano.a(libc_a-reent.o) (_impure_ptr)
/opt/st/stm32cubeide_1.13.2/plugins/com.st.stm32cube.ide.mcu.externaltools.gnu-tools-for-stm32.11.3.rel1.linux64_1.1.1.202309131626/tools/bin/../lib/gcc/arm-none-eabi/11.3.1/../../../../arm-none-eabi/lib/thumb/v7-m/nofp/libc_nano.a(libc_a-lseekr.o)
                              /opt/st/stm32cubeide_1.13.2/plugins/com.st.stm32cube.ide.mcu.externaltools.gnu-tools-for-stm32.11.3.rel1.linux64_1.1.1.202309131626/tools/bin/../lib/gcc/arm-none-eabi/11.3.1/../../../../arm-none-eabi/lib/thumb/v7-m/nofp/libc_nano.a(libc_a-stdio.o) (_lseek_r)
[...]
Memory Configuration

Name             Origin             Length             Attributes
RAM              0x0000000020000000 0x0000000000005000 xrw
FLASH            0x0000000008000000 0x0000000000010000 xr
*default*        0x0000000000000000 0xffffffffffffffff

Linker script and memory map

LOAD /opt/st/stm32cubeide_1.13.2/plugins/com.st.stm32cube.ide.mcu.externaltools.gnu-tools-for-stm32.11.3.rel1.linux64_1.1.1.202309131626/tools/bin/../lib/gcc/arm-none-eabi/11.3.1/thumb/v7-m/nofp/crti.o
LOAD /opt/st/stm32cubeide_1.13.2/plugins/com.st.stm32cube.ide.mcu.externaltools.gnu-tools-for-stm32.11.3.rel1.linux64_1.1.1.202309131626/tools/bin/../lib/gcc/arm-none-eabi/11.3.1/thumb/v7-m/nofp/crtbegin.o
LOAD /opt/st/stm32cubeide_1.13.2/plugins/com.st.stm32cube.ide.mcu.externaltools.gnu-tools-for-stm32.11.3.rel1.linux64_1.1.1.202309131626/tools/bin/../lib/gcc/arm-none-eabi/11.3.1/../../../../arm-none-eabi/lib/thumb/v7-m/nofp/crt0.o
LOAD ./Core/Src/freertos.o
LOAD ./Core/Src/gpio.o
LOAD ./Core/Src/main.o
LOAD ./Core/Src/stm32f1xx_hal_msp.o
LOAD ./Core/Src/stm32f1xx_hal_timebase_tim.o
LOAD ./Core/Src/stm32f1xx_it.o
LOAD ./Core/Src/syscalls.o
LOAD ./Core/Src/sysmem.o
LOAD ./Core/Src/system_stm32f1xx.o
LOAD ./Core/Startup/startup_stm32f103c8tx.o
LOAD ./Drivers/STM32F1xx_HAL_Driver/Src/stm32f1xx_hal.o
LOAD ./Drivers/STM32F1xx_HAL_Driver/Src/stm32f1xx_hal_cortex.o
LOAD ./Drivers/STM32F1xx_HAL_Driver/Src/stm32f1xx_hal_dma.o
LOAD ./Drivers/STM32F1xx_HAL_Driver/Src/stm32f1xx_hal_exti.o
LOAD ./Drivers/STM32F1xx_HAL_Driver/Src/stm32f1xx_hal_flash.o
LOAD ./Drivers/STM32F1xx_HAL_Driver/Src/stm32f1xx_hal_flash_ex.o
LOAD ./Drivers/STM32F1xx_HAL_Driver/Src/stm32f1xx_hal_gpio.o
LOAD ./Drivers/STM32F1xx_HAL_Driver/Src/stm32f1xx_hal_gpio_ex.o
LOAD ./Drivers/STM32F1xx_HAL_Driver/Src/stm32f1xx_hal_pwr.o
LOAD ./Drivers/STM32F1xx_HAL_Driver/Src/stm32f1xx_hal_rcc.o
LOAD ./Drivers/STM32F1xx_HAL_Driver/Src/stm32f1xx_hal_rcc_ex.o
LOAD ./Drivers/STM32F1xx_HAL_Driver/Src/stm32f1xx_hal_tim.o
LOAD ./Drivers/STM32F1xx_HAL_Driver/Src/stm32f1xx_hal_tim_ex.o
LOAD ./Middlewares/Third_Party/FreeRTOS/Source/CMSIS_RTOS_V2/cmsis_os2.o
LOAD ./Middlewares/Third_Party/FreeRTOS/Source/croutine.o
LOAD ./Middlewares/Third_Party/FreeRTOS/Source/event_groups.o
LOAD ./Middlewares/Third_Party/FreeRTOS/Source/list.o
LOAD ./Middlewares/Third_Party/FreeRTOS/Source/queue.o
LOAD ./Middlewares/Third_Party/FreeRTOS/Source/stream_buffer.o
LOAD ./Middlewares/Third_Party/FreeRTOS/Source/tasks.o
LOAD ./Middlewares/Third_Party/FreeRTOS/Source/timers.o
LOAD ./Middlewares/Third_Party/FreeRTOS/Source/portable/GCC/ARM_CM3/port.o
LOAD ./Middlewares/Third_Party/FreeRTOS/Source/portable/MemMang/heap_4.o
START GROUP
LOAD /opt/st/stm32cubeide_1.13.2/plugins/com.st.stm32cube.ide.mcu.externaltools.gnu-tools-for-stm32.11.3.rel1.linux64_1.1.1.202309131626/tools/bin/../lib/gcc/arm-none-eabi/11.3.1/../../../../arm-none-eabi/lib/thumb/v7-m/nofp/libstdc++_nano.a
LOAD /opt/st/stm32cubeide_1.13.2/plugins/com.st.stm32cube.ide.mcu.externaltools.gnu-tools-for-stm32.11.3.rel1.linux64_1.1.1.202309131626/tools/bin/../lib/gcc/arm-none-eabi/11.3.1/../../../../arm-none-eabi/lib/thumb/v7-m/nofp/libsupc++_nano.a
END GROUP
LOAD /opt/st/stm32cubeide_1.13.2/plugins/com.st.stm32cube.ide.mcu.externaltools.gnu-tools-for-stm32.11.3.rel1.linux64_1.1.1.202309131626/tools/bin/../lib/gcc/arm-none-eabi/11.3.1/../../../../arm-none-eabi/lib/thumb/v7-m/nofp/libstdc++_nano.a
LOAD /opt/st/stm32cubeide_1.13.2/plugins/com.st.stm32cube.ide.mcu.externaltools.gnu-tools-for-stm32.11.3.rel1.linux64_1.1.1.202309131626/tools/bin/../lib/gcc/arm-none-eabi/11.3.1/../../../../arm-none-eabi/lib/thumb/v7-m/nofp/libm.a
LOAD /opt/st/stm32cubeide_1.13.2/plugins/com.st.stm32cube.ide.mcu.externaltools.gnu-tools-for-stm32.11.3.rel1.linux64_1.1.1.202309131626/tools/bin/../lib/gcc/arm-none-eabi/11.3.1/../../../../arm-none-eabi/lib/thumb/v7-m/nofp/libc_nano.a
START GROUP
LOAD /opt/st/stm32cubeide_1.13.2/plugins/com.st.stm32cube.ide.mcu.externaltools.gnu-tools-for-stm32.11.3.rel1.linux64_1.1.1.202309131626/tools/bin/../lib/gcc/arm-none-eabi/11.3.1/thumb/v7-m/nofp/libgcc.a
LOAD /opt/st/stm32cubeide_1.13.2/plugins/com.st.stm32cube.ide.mcu.externaltools.gnu-tools-for-stm32.11.3.rel1.linux64_1.1.1.202309131626/tools/bin/../lib/gcc/arm-none-eabi/11.3.1/../../../../arm-none-eabi/lib/thumb/v7-m/nofp/libc_nano.a
END GROUP
START GROUP
LOAD /opt/st/stm32cubeide_1.13.2/plugins/com.st.stm32cube.ide.mcu.externaltools.gnu-tools-for-stm32.11.3.rel1.linux64_1.1.1.202309131626/tools/bin/../lib/gcc/arm-none-eabi/11.3.1/thumb/v7-m/nofp/libgcc.a
LOAD /opt/st/stm32cubeide_1.13.2/plugins/com.st.stm32cube.ide.mcu.externaltools.gnu-tools-for-stm32.11.3.rel1.linux64_1.1.1.202309131626/tools/bin/../lib/gcc/arm-none-eabi/11.3.1/../../../../arm-none-eabi/lib/thumb/v7-m/nofp/libc_nano.a
LOAD /opt/st/stm32cubeide_1.13.2/plugins/com.st.stm32cube.ide.mcu.externaltools.gnu-tools-for-stm32.11.3.rel1.linux64_1.1.1.202309131626/tools/bin/../lib/gcc/arm-none-eabi/11.3.1/../../../../arm-none-eabi/lib/thumb/v7-m/nofp/libnosys.a
END GROUP
START GROUP
LOAD /opt/st/stm32cubeide_1.13.2/plugins/com.st.stm32cube.ide.mcu.externaltools.gnu-tools-for-stm32.11.3.rel1.linux64_1.1.1.202309131626/tools/bin/../lib/gcc/arm-none-eabi/11.3.1/thumb/v7-m/nofp/libgcc.a
LOAD /opt/st/stm32cubeide_1.13.2/plugins/com.st.stm32cube.ide.mcu.externaltools.gnu-tools-for-stm32.11.3.rel1.linux64_1.1.1.202309131626/tools/bin/../lib/gcc/arm-none-eabi/11.3.1/../../../../arm-none-eabi/lib/thumb/v7-m/nofp/libc_nano.a
LOAD /opt/st/stm32cubeide_1.13.2/plugins/com.st.stm32cube.ide.mcu.externaltools.gnu-tools-for-stm32.11.3.rel1.linux64_1.1.1.202309131626/tools/bin/../lib/gcc/arm-none-eabi/11.3.1/../../../../arm-none-eabi/lib/thumb/v7-m/nofp/libnosys.a
END GROUP
LOAD /opt/st/stm32cubeide_1.13.2/plugins/com.st.stm32cube.ide.mcu.externaltools.gnu-tools-for-stm32.11.3.rel1.linux64_1.1.1.202309131626/tools/bin/../lib/gcc/arm-none-eabi/11.3.1/thumb/v7-m/nofp/crtend.o
LOAD /opt/st/stm32cubeide_1.13.2/plugins/com.st.stm32cube.ide.mcu.externaltools.gnu-tools-for-stm32.11.3.rel1.linux64_1.1.1.202309131626/tools/bin/../lib/gcc/arm-none-eabi/11.3.1/thumb/v7-m/nofp/crtn.o
                0x0000000020005000                _estack = (ORIGIN (RAM) + LENGTH (RAM))
                0x0000000000000200                _Min_Heap_Size = 0x200
                0x0000000000000400                _Min_Stack_Size = 0x400

.isr_vector     0x0000000008000000      0x10c
                0x0000000008000000                . = ALIGN (0x4)
 *(.isr_vector)
 .isr_vector    0x0000000008000000      0x10c ./Core/Startup/startup_stm32f103c8tx.o
                0x0000000008000000                g_pfnVectors
                0x000000000800010c                . = ALIGN (0x4)

.text           0x0000000008000110     0x40d8
                0x0000000008000110                . = ALIGN (0x4)
 *(.text)
 .text          0x0000000008000110       0x40 /opt/st/stm32cubeide_1.13.2/plugins/com.st.stm32cube.ide.mcu.externaltools.gnu-tools-for-stm32.11.3.rel1.linux64_1.1.1.202309131626/tools/bin/../lib/gcc/arm-none-eabi/11.3.1/thumb/v7-m/nofp/crtbegin.o
 *(.text*)
 .text.vApplicationIdleHook
                0x0000000008000150        0xc ./Core/Src/freertos.o
                0x0000000008000150                vApplicationIdleHook
 .text.MX_FREERTOS_Init
                0x000000000800015c       0x5c ./Core/Src/freertos.o
                0x000000000800015c                MX_FREERTOS_Init
 .text.StartTask01
                0x00000000080001b8       0x38 ./Core/Src/freertos.o
                0x00000000080001b8                StartTask01
 .text.StartTask02
                0x00000000080001f0       0x38 ./Core/Src/freertos.o
                0x00000000080001f0                StartTask02
 .text.StartTask03
                0x0000000008000228       0x38 ./Core/Src/freertos.o
                0x0000000008000228                StartTask03
 .text.MX_GPIO_Init
                0x0000000008000260       0x68 ./Core/Src/gpio.o
                0x0000000008000260                MX_GPIO_Init
 .text.main     0x00000000080002c8       0x1e ./Core/Src/main.o
                0x00000000080002c8                main
 .text.SystemClock_Config
                0x00000000080002e6       0x76 ./Core/Src/main.o
                0x00000000080002e6                SystemClock_Config
 .text.HAL_TIM_PeriodElapsedCallback
                0x000000000800035c       0x1e ./Core/Src/main.o
                0x000000000800035c                HAL_TIM_PeriodElapsedCallback
 .text.Error_Handler
                0x000000000800037a        0xa ./Core/Src/main.o
                0x000000000800037a                Error_Handler
 .text.HAL_MspInit
                0x0000000008000384       0x50 ./Core/Src/stm32f1xx_hal_msp.o
                0x0000000008000384                HAL_MspInit
 .text.HAL_InitTick
                0x00000000080003d4       0xf8 ./Core/Src/stm32f1xx_hal_timebase_tim.o
                0x00000000080003d4                HAL_InitTick
 .text.NMI_Handler
                0x00000000080004cc        0x6 ./Core/Src/stm32f1xx_it.o
                0x00000000080004cc                NMI_Handler
 .text.HardFault_Handler
                0x00000000080004d2        0x6 ./Core/Src/stm32f1xx_it.o
                0x00000000080004d2                HardFault_Handler
 .text.MemManage_Handler
                0x00000000080004d8        0x6 ./Core/Src/stm32f1xx_it.o
                0x00000000080004d8                MemManage_Handler
 .text.BusFault_Handler
                0x00000000080004de        0x6 ./Core/Src/stm32f1xx_it.o
                0x00000000080004de                BusFault_Handler
 .text.UsageFault_Handler
                0x00000000080004e4        0x6 ./Core/Src/stm32f1xx_it.o
                0x00000000080004e4                UsageFault_Handler
 .text.DebugMon_Handler
                0x00000000080004ea        0xc ./Core/Src/stm32f1xx_it.o
                0x00000000080004ea                DebugMon_Handler
 *fill*         0x00000000080004f6        0x2 
 .text.TIM2_IRQHandler
                0x00000000080004f8       0x14 ./Core/Src/stm32f1xx_it.o
                0x00000000080004f8                TIM2_IRQHandler
 .text.SystemInit
                0x000000000800050c        0xc ./Core/Src/system_stm32f1xx.o
                0x000000000800050c                SystemInit
 .text.Reset_Handler
                0x0000000008000518       0x48 ./Core/Startup/startup_stm32f103c8tx.o
                0x0000000008000518                Reset_Handler
 .text.Default_Handler
                0x0000000008000560        0x2 ./Core/Startup/startup_stm32f103c8tx.o
                0x0000000008000560                RTC_Alarm_IRQHandler
                0x0000000008000560                EXTI2_IRQHandler
                0x0000000008000560                TIM1_CC_IRQHandler
                0x0000000008000560                PVD_IRQHandler
                0x0000000008000560                EXTI3_IRQHandler
                0x0000000008000560                EXTI0_IRQHandler
                0x0000000008000560                I2C2_EV_IRQHandler
                0x0000000008000560                ADC1_2_IRQHandler
                0x0000000008000560                SPI1_IRQHandler
                0x0000000008000560                TAMPER_IRQHandler
                0x0000000008000560                DMA1_Channel4_IRQHandler
                0x0000000008000560                USART3_IRQHandler
                0x0000000008000560                RTC_IRQHandler
                0x0000000008000560                DMA1_Channel7_IRQHandler
                0x0000000008000560                CAN1_RX1_IRQHandler
                0x0000000008000560                TIM4_IRQHandler
                0x0000000008000560                I2C1_EV_IRQHandler
                0x0000000008000560                DMA1_Channel6_IRQHandler
                0x0000000008000560                TIM3_IRQHandler
                0x0000000008000560                RCC_IRQHandler
                0x0000000008000560                TIM1_TRG_COM_IRQHandler
                0x0000000008000560                DMA1_Channel1_IRQHandler
                0x0000000008000560                Default_Handler
                0x0000000008000560                EXTI15_10_IRQHandler
                0x0000000008000560                EXTI9_5_IRQHandler
                0x0000000008000560                SPI2_IRQHandler
                0x0000000008000560                DMA1_Channel5_IRQHandler
                0x0000000008000560                EXTI4_IRQHandler
                0x0000000008000560                USB_LP_CAN1_RX0_IRQHandler
                0x0000000008000560                USB_HP_CAN1_TX_IRQHandler
                0x0000000008000560                DMA1_Channel3_IRQHandler
                0x0000000008000560                TIM1_UP_IRQHandler
                0x0000000008000560                WWDG_IRQHandler
                0x0000000008000560                TIM1_BRK_IRQHandler
                0x0000000008000560                EXTI1_IRQHandler
                0x0000000008000560                USART2_IRQHandler
                0x0000000008000560                I2C2_ER_IRQHandler
                0x0000000008000560                DMA1_Channel2_IRQHandler
                0x0000000008000560                CAN1_SCE_IRQHandler
                0x0000000008000560                FLASH_IRQHandler
                0x0000000008000560                USART1_IRQHandler
                0x0000000008000560                I2C1_ER_IRQHandler
                0x0000000008000560                USBWakeUp_IRQHandler
 *fill*         0x0000000008000562        0x2 
 .text.HAL_Init
                0x0000000008000564       0x2c ./Drivers/STM32F1xx_HAL_Driver/Src/stm32f1xx_hal.o
                0x0000000008000564                HAL_Init
 .text.HAL_IncTick
                0x0000000008000590       0x24 ./Drivers/STM32F1xx_HAL_Driver/Src/stm32f1xx_hal.o
                0x0000000008000590                HAL_IncTick
 .text.HAL_GetTick
                0x00000000080005b4       0x14 ./Drivers/STM32F1xx_HAL_Driver/Src/stm32f1xx_hal.o
                0x00000000080005b4                HAL_GetTick
 .text.__NVIC_SetPriorityGrouping
                0x00000000080005c8       0x48 ./Drivers/STM32F1xx_HAL_Driver/Src/stm32f1xx_hal_cortex.o
 .text.__NVIC_GetPriorityGrouping
                0x0000000008000610       0x1c ./Drivers/STM32F1xx_HAL_Driver/Src/stm32f1xx_hal_cortex.o
 .text.__NVIC_EnableIRQ
                0x000000000800062c       0x38 ./Drivers/STM32F1xx_HAL_Driver/Src/stm32f1xx_hal_cortex.o
 .text.__NVIC_SetPriority
                0x0000000008000664       0x54 ./Drivers/STM32F1xx_HAL_Driver/Src/stm32f1xx_hal_cortex.o
 .text.NVIC_EncodePriority
                0x00000000080006b8       0x64 ./Drivers/STM32F1xx_HAL_Driver/Src/stm32f1xx_hal_cortex.o
 .text.HAL_NVIC_SetPriorityGrouping
                0x000000000800071c       0x16 ./Drivers/STM32F1xx_HAL_Driver/Src/stm32f1xx_hal_cortex.o
                0x000000000800071c                HAL_NVIC_SetPriorityGrouping
 .text.HAL_NVIC_SetPriority
                0x0000000008000732       0x38 ./Drivers/STM32F1xx_HAL_Driver/Src/stm32f1xx_hal_cortex.o
                0x0000000008000732                HAL_NVIC_SetPriority
 .text.HAL_NVIC_EnableIRQ
                0x000000000800076a       0x1c ./Drivers/STM32F1xx_HAL_Driver/Src/stm32f1xx_hal_cortex.o
                0x000000000800076a                HAL_NVIC_EnableIRQ
 *fill*         0x0000000008000786        0x2 
 .text.HAL_GPIO_Init
                0x0000000008000788      0x308 ./Drivers/STM32F1xx_HAL_Driver/Src/stm32f1xx_hal_gpio.o
                0x0000000008000788                HAL_GPIO_Init
 .text.HAL_GPIO_WritePin
                0x0000000008000a90       0x30 ./Drivers/STM32F1xx_HAL_Driver/Src/stm32f1xx_hal_gpio.o
                0x0000000008000a90                HAL_GPIO_WritePin
 .text.HAL_RCC_OscConfig
                0x0000000008000ac0      0x504 ./Drivers/STM32F1xx_HAL_Driver/Src/stm32f1xx_hal_rcc.o
                0x0000000008000ac0                HAL_RCC_OscConfig
 .text.HAL_RCC_ClockConfig
                0x0000000008000fc4      0x1d4 ./Drivers/STM32F1xx_HAL_Driver/Src/stm32f1xx_hal_rcc.o
                0x0000000008000fc4                HAL_RCC_ClockConfig
 .text.HAL_RCC_GetSysClockFreq
                0x0000000008001198       0xa8 ./Drivers/STM32F1xx_HAL_Driver/Src/stm32f1xx_hal_rcc.o
                0x0000000008001198                HAL_RCC_GetSysClockFreq
 .text.HAL_RCC_GetHCLKFreq
                0x0000000008001240       0x14 ./Drivers/STM32F1xx_HAL_Driver/Src/stm32f1xx_hal_rcc.o
                0x0000000008001240                HAL_RCC_GetHCLKFreq
 .text.HAL_RCC_GetPCLK1Freq
                0x0000000008001254       0x28 ./Drivers/STM32F1xx_HAL_Driver/Src/stm32f1xx_hal_rcc.o
                0x0000000008001254                HAL_RCC_GetPCLK1Freq
 .text.HAL_RCC_GetClockConfig
                0x000000000800127c       0x60 ./Drivers/STM32F1xx_HAL_Driver/Src/stm32f1xx_hal_rcc.o
                0x000000000800127c                HAL_RCC_GetClockConfig
 .text.RCC_Delay
                0x00000000080012dc       0x3c ./Drivers/STM32F1xx_HAL_Driver/Src/stm32f1xx_hal_rcc.o
 .text.HAL_TIM_Base_Init
                0x0000000008001318       0x9e ./Drivers/STM32F1xx_HAL_Driver/Src/stm32f1xx_hal_tim.o
                0x0000000008001318                HAL_TIM_Base_Init
 .text.HAL_TIM_Base_MspInit
                0x00000000080013b6       0x12 ./Drivers/STM32F1xx_HAL_Driver/Src/stm32f1xx_hal_tim.o
                0x00000000080013b6                HAL_TIM_Base_MspInit
 .text.HAL_TIM_Base_Start_IT
                0x00000000080013c8       0xa4 ./Drivers/STM32F1xx_HAL_Driver/Src/stm32f1xx_hal_tim.o
                0x00000000080013c8                HAL_TIM_Base_Start_IT
 .text.HAL_TIM_IRQHandler
                0x000000000800146c      0x210 ./Drivers/STM32F1xx_HAL_Driver/Src/stm32f1xx_hal_tim.o
                0x000000000800146c                HAL_TIM_IRQHandler
 .text.HAL_TIM_OC_DelayElapsedCallback
                0x000000000800167c       0x12 ./Drivers/STM32F1xx_HAL_Driver/Src/stm32f1xx_hal_tim.o
                0x000000000800167c                HAL_TIM_OC_DelayElapsedCallback
 .text.HAL_TIM_IC_CaptureCallback
                0x000000000800168e       0x12 ./Drivers/STM32F1xx_HAL_Driver/Src/stm32f1xx_hal_tim.o
                0x000000000800168e                HAL_TIM_IC_CaptureCallback
 .text.HAL_TIM_PWM_PulseFinishedCallback
                0x00000000080016a0       0x12 ./Drivers/STM32F1xx_HAL_Driver/Src/stm32f1xx_hal_tim.o
                0x00000000080016a0                HAL_TIM_PWM_PulseFinishedCallback
 .text.HAL_TIM_TriggerCallback
                0x00000000080016b2       0x12 ./Drivers/STM32F1xx_HAL_Driver/Src/stm32f1xx_hal_tim.o
                0x00000000080016b2                HAL_TIM_TriggerCallback
 .text.TIM_Base_SetConfig
                0x00000000080016c4       0xc4 ./Drivers/STM32F1xx_HAL_Driver/Src/stm32f1xx_hal_tim.o
                0x00000000080016c4                TIM_Base_SetConfig
 .text.HAL_TIMEx_CommutCallback
                0x0000000008001788       0x12 ./Drivers/STM32F1xx_HAL_Driver/Src/stm32f1xx_hal_tim_ex.o
                0x0000000008001788                HAL_TIMEx_CommutCallback
 .text.HAL_TIMEx_BreakCallback
                0x000000000800179a       0x12 ./Drivers/STM32F1xx_HAL_Driver/Src/stm32f1xx_hal_tim_ex.o
                0x000000000800179a                HAL_TIMEx_BreakCallback
 .text.osKernelInitialize
                0x00000000080017ac       0x64 ./Middlewares/Third_Party/FreeRTOS/Source/CMSIS_RTOS_V2/cmsis_os2.o
                0x00000000080017ac                osKernelInitialize
 .text.osKernelStart
                0x0000000008001810       0x68 ./Middlewares/Third_Party/FreeRTOS/Source/CMSIS_RTOS_V2/cmsis_os2.o
                0x0000000008001810                osKernelStart
 .text.osThreadNew
                0x0000000008001878      0x154 ./Middlewares/Third_Party/FreeRTOS/Source/CMSIS_RTOS_V2/cmsis_os2.o
                0x0000000008001878                osThreadNew
 .text.osDelay  0x00000000080019cc       0x5c ./Middlewares/Third_Party/FreeRTOS/Source/CMSIS_RTOS_V2/cmsis_os2.o
                0x00000000080019cc                osDelay
 .text.vApplicationGetIdleTaskMemory
                0x0000000008001a28       0x30 ./Middlewares/Third_Party/FreeRTOS/Source/CMSIS_RTOS_V2/cmsis_os2.o
                0x0000000008001a28                vApplicationGetIdleTaskMemory
 .text.vApplicationGetTimerTaskMemory
                0x0000000008001a58       0x34 ./Middlewares/Third_Party/FreeRTOS/Source/CMSIS_RTOS_V2/cmsis_os2.o
                0x0000000008001a58                vApplicationGetTimerTaskMemory
 .text.vListInitialise
                0x0000000008001a8c       0x3e ./Middlewares/Third_Party/FreeRTOS/Source/list.o
                0x0000000008001a8c                vListInitialise
 .text.vListInitialiseItem
                0x0000000008001aca       0x18 ./Middlewares/Third_Party/FreeRTOS/Source/list.o
                0x0000000008001aca                vListInitialiseItem
 .text.vListInsertEnd
                0x0000000008001ae2       0x46 ./Middlewares/Third_Party/FreeRTOS/Source/list.o
                0x0000000008001ae2                vListInsertEnd
 .text.vListInsert
                0x0000000008001b28       0x70 ./Middlewares/Third_Party/FreeRTOS/Source/list.o
                0x0000000008001b28                vListInsert
 .text.uxListRemove
                0x0000000008001b98       0x52 ./Middlewares/Third_Party/FreeRTOS/Source/list.o
                0x0000000008001b98                uxListRemove
 *fill*         0x0000000008001bea        0x2 
 .text.xQueueGenericReset
                0x0000000008001bec       0xd0 ./Middlewares/Third_Party/FreeRTOS/Source/queue.o
                0x0000000008001bec                xQueueGenericReset
 .text.xQueueGenericCreateStatic
                0x0000000008001cbc       0xee ./Middlewares/Third_Party/FreeRTOS/Source/queue.o
                0x0000000008001cbc                xQueueGenericCreateStatic
 .text.prvInitialiseNewQueue
                0x0000000008001daa       0x46 ./Middlewares/Third_Party/FreeRTOS/Source/queue.o
 .text.xQueueGenericSend
                0x0000000008001df0      0x1fc ./Middlewares/Third_Party/FreeRTOS/Source/queue.o
                0x0000000008001df0                xQueueGenericSend
 .text.xQueueGenericSendFromISR
                0x0000000008001fec      0x130 ./Middlewares/Third_Party/FreeRTOS/Source/queue.o
                0x0000000008001fec                xQueueGenericSendFromISR
 .text.xQueueReceive
                0x000000000800211c      0x1c0 ./Middlewares/Third_Party/FreeRTOS/Source/queue.o
                0x000000000800211c                xQueueReceive
 .text.prvCopyDataToQueue
                0x00000000080022dc       0xd4 ./Middlewares/Third_Party/FreeRTOS/Source/queue.o
 .text.prvCopyDataFromQueue
                0x00000000080023b0       0x4c ./Middlewares/Third_Party/FreeRTOS/Source/queue.o
 .text.prvUnlockQueue
                0x00000000080023fc       0xa4 ./Middlewares/Third_Party/FreeRTOS/Source/queue.o
 .text.prvIsQueueEmpty
                0x00000000080024a0       0x2c ./Middlewares/Third_Party/FreeRTOS/Source/queue.o
 .text.prvIsQueueFull
                0x00000000080024cc       0x30 ./Middlewares/Third_Party/FreeRTOS/Source/queue.o
 .text.vQueueAddToRegistry
                0x00000000080024fc       0x50 ./Middlewares/Third_Party/FreeRTOS/Source/queue.o
                0x00000000080024fc                vQueueAddToRegistry
 .text.vQueueWaitForMessageRestricted
                0x000000000800254c       0x68 ./Middlewares/Third_Party/FreeRTOS/Source/queue.o
                0x000000000800254c                vQueueWaitForMessageRestricted
 .text.xTaskCreateStatic
                0x00000000080025b4       0xb8 ./Middlewares/Third_Party/FreeRTOS/Source/tasks.o
                0x00000000080025b4                xTaskCreateStatic
 .text.xTaskCreate
                0x000000000800266c       0x8a ./Middlewares/Third_Party/FreeRTOS/Source/tasks.o
                0x000000000800266c                xTaskCreate
 .text.prvInitialiseNewTask
                0x00000000080026f6      0x10e ./Middlewares/Third_Party/FreeRTOS/Source/tasks.o
 .text.prvAddNewTaskToReadyList
                0x0000000008002804       0xe0 ./Middlewares/Third_Party/FreeRTOS/Source/tasks.o
 .text.vTaskDelay
                0x00000000080028e4       0x68 ./Middlewares/Third_Party/FreeRTOS/Source/tasks.o
                0x00000000080028e4                vTaskDelay
 .text.vTaskStartScheduler
                0x000000000800294c       0xcc ./Middlewares/Third_Party/FreeRTOS/Source/tasks.o
                0x000000000800294c                vTaskStartScheduler
 .text.vTaskSuspendAll
                0x0000000008002a18       0x1c ./Middlewares/Third_Party/FreeRTOS/Source/tasks.o
                0x0000000008002a18                vTaskSuspendAll
 .text.xTaskResumeAll
                0x0000000008002a34      0x13c ./Middlewares/Third_Party/FreeRTOS/Source/tasks.o
                0x0000000008002a34                xTaskResumeAll
 .text.xTaskGetTickCount
                0x0000000008002b70       0x1c ./Middlewares/Third_Party/FreeRTOS/Source/tasks.o
                0x0000000008002b70                xTaskGetTickCount
 .text.xTaskIncrementTick
                0x0000000008002b8c      0x17c ./Middlewares/Third_Party/FreeRTOS/Source/tasks.o
                0x0000000008002b8c                xTaskIncrementTick
 .text.vTaskSwitchContext
                0x0000000008002d08       0xb8 ./Middlewares/Third_Party/FreeRTOS/Source/tasks.o
                0x0000000008002d08                vTaskSwitchContext
 .text.vTaskPlaceOnEventList
                0x0000000008002dc0       0x48 ./Middlewares/Third_Party/FreeRTOS/Source/tasks.o
                0x0000000008002dc0                vTaskPlaceOnEventList
 .text.vTaskPlaceOnEventListRestricted
                0x0000000008002e08       0x58 ./Middlewares/Third_Party/FreeRTOS/Source/tasks.o
                0x0000000008002e08                vTaskPlaceOnEventListRestricted
 .text.xTaskRemoveFromEventList
                0x0000000008002e60       0xc8 ./Middlewares/Third_Party/FreeRTOS/Source/tasks.o
                0x0000000008002e60                xTaskRemoveFromEventList
 .text.vTaskInternalSetTimeOutState
                0x0000000008002f28       0x2c ./Middlewares/Third_Party/FreeRTOS/Source/tasks.o
                0x0000000008002f28                vTaskInternalSetTimeOutState
 .text.xTaskCheckForTimeOut
                0x0000000008002f54       0xc4 ./Middlewares/Third_Party/FreeRTOS/Source/tasks.o
                0x0000000008002f54                xTaskCheckForTimeOut
 .text.vTaskMissedYield
                0x0000000008003018       0x18 ./Middlewares/Third_Party/FreeRTOS/Source/tasks.o
                0x0000000008003018                vTaskMissedYield
 .text.prvIdleTask
                0x0000000008003030       0x34 ./Middlewares/Third_Party/FreeRTOS/Source/tasks.o
 .text.prvInitialiseTaskLists
                0x0000000008003064       0x80 ./Middlewares/Third_Party/FreeRTOS/Source/tasks.o
 .text.prvCheckTasksWaitingTermination
                0x00000000080030e4       0x5c ./Middlewares/Third_Party/FreeRTOS/Source/tasks.o
 .text.prvDeleteTCB
                0x0000000008003140       0x5e ./Middlewares/Third_Party/FreeRTOS/Source/tasks.o
 *fill*         0x000000000800319e        0x2 
 .text.prvResetNextTaskUnblockTime
                0x00000000080031a0       0x48 ./Middlewares/Third_Party/FreeRTOS/Source/tasks.o
 .text.xTaskGetSchedulerState
                0x00000000080031e8       0x3c ./Middlewares/Third_Party/FreeRTOS/Source/tasks.o
                0x00000000080031e8                xTaskGetSchedulerState
 .text.xTaskPriorityDisinherit
                0x0000000008003224       0xdc ./Middlewares/Third_Party/FreeRTOS/Source/tasks.o
                0x0000000008003224                xTaskPriorityDisinherit
 .text.prvAddCurrentTaskToDelayedList
                0x0000000008003300       0xa8 ./Middlewares/Third_Party/FreeRTOS/Source/tasks.o
 .text.xTimerCreateTimerTask
                0x00000000080033a8       0x90 ./Middlewares/Third_Party/FreeRTOS/Source/timers.o
                0x00000000080033a8                xTimerCreateTimerTask
 .text.xTimerGenericCommand
                0x0000000008003438       0x9c ./Middlewares/Third_Party/FreeRTOS/Source/timers.o
                0x0000000008003438                xTimerGenericCommand
 .text.prvProcessExpiredTimer
                0x00000000080034d4       0x80 ./Middlewares/Third_Party/FreeRTOS/Source/timers.o
 .text.prvTimerTask
                0x0000000008003554       0x24 ./Middlewares/Third_Party/FreeRTOS/Source/timers.o
 .text.prvProcessTimerOrBlockTask
                0x0000000008003578       0x9c ./Middlewares/Third_Party/FreeRTOS/Source/timers.o
 .text.prvGetNextExpireTime
                0x0000000008003614       0x48 ./Middlewares/Third_Party/FreeRTOS/Source/timers.o
 .text.prvSampleTimeNow
                0x000000000800365c       0x40 ./Middlewares/Third_Party/FreeRTOS/Source/timers.o
 .text.prvInsertTimerInActiveList
                0x000000000800369c       0x84 ./Middlewares/Third_Party/FreeRTOS/Source/timers.o
 .text.prvProcessReceivedCommands
                0x0000000008003720      0x168 ./Middlewares/Third_Party/FreeRTOS/Source/timers.o
 .text.prvSwitchTimerLists
                0x0000000008003888       0xc4 ./Middlewares/Third_Party/FreeRTOS/Source/timers.o
 .text.prvCheckForValidListAndQueue
                0x000000000800394c       0x80 ./Middlewares/Third_Party/FreeRTOS/Source/timers.o
 .text.pxPortInitialiseStack
                0x00000000080039cc       0x58 ./Middlewares/Third_Party/FreeRTOS/Source/portable/GCC/ARM_CM3/port.o
                0x00000000080039cc                pxPortInitialiseStack
 .text.prvTaskExitError
                0x0000000008003a24       0x58 ./Middlewares/Third_Party/FreeRTOS/Source/portable/GCC/ARM_CM3/port.o
 *fill*         0x0000000008003a7c        0x4 
 .text.SVC_Handler
                0x0000000008003a80       0x28 ./Middlewares/Third_Party/FreeRTOS/Source/portable/GCC/ARM_CM3/port.o
                0x0000000008003a80                SVC_Handler
 .text.prvPortStartFirstTask
                0x0000000008003aa8       0x20 ./Middlewares/Third_Party/FreeRTOS/Source/portable/GCC/ARM_CM3/port.o
 .text.xPortStartScheduler
                0x0000000008003ac8       0xe4 ./Middlewares/Third_Party/FreeRTOS/Source/portable/GCC/ARM_CM3/port.o
                0x0000000008003ac8                xPortStartScheduler
 .text.vPortEnterCritical
                0x0000000008003bac       0x60 ./Middlewares/Third_Party/FreeRTOS/Source/portable/GCC/ARM_CM3/port.o
                0x0000000008003bac                vPortEnterCritical
 .text.vPortExitCritical
                0x0000000008003c0c       0x50 ./Middlewares/Third_Party/FreeRTOS/Source/portable/GCC/ARM_CM3/port.o
                0x0000000008003c0c                vPortExitCritical
 *fill*         0x0000000008003c5c        0x4 
 .text.PendSV_Handler
                0x0000000008003c60       0x48 ./Middlewares/Third_Party/FreeRTOS/Source/portable/GCC/ARM_CM3/port.o
                0x0000000008003c60                PendSV_Handler
 .text.SysTick_Handler
                0x0000000008003ca8       0x44 ./Middlewares/Third_Party/FreeRTOS/Source/portable/GCC/ARM_CM3/port.o
                0x0000000008003ca8                SysTick_Handler
 .text.vPortSetupTimerInterrupt
                0x0000000008003cec       0x44 ./Middlewares/Third_Party/FreeRTOS/Source/portable/GCC/ARM_CM3/port.o
                0x0000000008003cec                vPortSetupTimerInterrupt
 .text.vPortValidateInterruptPriority
                0x0000000008003d30       0x7c ./Middlewares/Third_Party/FreeRTOS/Source/portable/GCC/ARM_CM3/port.o
                0x0000000008003d30                vPortValidateInterruptPriority
 .text.pvPortMalloc
                0x0000000008003dac      0x188 ./Middlewares/Third_Party/FreeRTOS/Source/portable/MemMang/heap_4.o
                0x0000000008003dac                pvPortMalloc
 .text.vPortFree
                0x0000000008003f34       0xb4 ./Middlewares/Third_Party/FreeRTOS/Source/portable/MemMang/heap_4.o
                0x0000000008003f34                vPortFree
 .text.prvHeapInit
                0x0000000008003fe8       0xc4 ./Middlewares/Third_Party/FreeRTOS/Source/portable/MemMang/heap_4.o
 .text.prvInsertBlockIntoFreeList
                0x00000000080040ac       0xb0 ./Middlewares/Third_Party/FreeRTOS/Source/portable/MemMang/heap_4.o
 .text.memset   0x000000000800415c       0x10 /opt/st/stm32cubeide_1.13.2/plugins/com.st.stm32cube.ide.mcu.externaltools.gnu-tools-for-stm32.11.3.rel1.linux64_1.1.1.202309131626/tools/bin/../lib/gcc/arm-none-eabi/11.3.1/../../../../arm-none-eabi/lib/thumb/v7-m/nofp/libc_nano.a(libc_a-memset.o)
                0x000000000800415c                memset
 .text.__libc_init_array
                0x000000000800416c       0x48 /opt/st/stm32cubeide_1.13.2/plugins/com.st.stm32cube.ide.mcu.externaltools.gnu-tools-for-stm32.11.3.rel1.linux64_1.1.1.202309131626/tools/bin/../lib/gcc/arm-none-eabi/11.3.1/../../../../arm-none-eabi/lib/thumb/v7-m/nofp/libc_nano.a(libc_a-init.o)
                0x000000000800416c                __libc_init_array
 .text.memcpy   0x00000000080041b4       0x1c /opt/st/stm32cubeide_1.13.2/plugins/com.st.stm32cube.ide.mcu.externaltools.gnu-tools-for-stm32.11.3.rel1.linux64_1.1.1.202309131626/tools/bin/../lib/gcc/arm-none-eabi/11.3.1/../../../../arm-none-eabi/lib/thumb/v7-m/nofp/libc_nano.a(libc_a-memcpy-stub.o)
                0x00000000080041b4                memcpy
 *(.glue_7)
 .glue_7        0x00000000080041d0        0x0 linker stubs
 *(.glue_7t)
 .glue_7t       0x00000000080041d0        0x0 linker stubs
 *(.eh_frame)
 .eh_frame      0x00000000080041d0        0x0 /opt/st/stm32cubeide_1.13.2/plugins/com.st.stm32cube.ide.mcu.externaltools.gnu-tools-for-stm32.11.3.rel1.linux64_1.1.1.202309131626/tools/bin/../lib/gcc/arm-none-eabi/11.3.1/thumb/v7-m/nofp/crtbegin.o
 *(.init)
 .init          0x00000000080041d0        0x4 /opt/st/stm32cubeide_1.13.2/plugins/com.st.stm32cube.ide.mcu.externaltools.gnu-tools-for-stm32.11.3.rel1.linux64_1.1.1.202309131626/tools/bin/../lib/gcc/arm-none-eabi/11.3.1/thumb/v7-m/nofp/crti.o
                0x00000000080041d0                _init
 .init          0x00000000080041d4        0x8 /opt/st/stm32cubeide_1.13.2/plugins/com.st.stm32cube.ide.mcu.externaltools.gnu-tools-for-stm32.11.3.rel1.linux64_1.1.1.202309131626/tools/bin/../lib/gcc/arm-none-eabi/11.3.1/thumb/v7-m/nofp/crtn.o
 *(.fini)
 .fini          0x00000000080041dc        0x4 /opt/st/stm32cubeide_1.13.2/plugins/com.st.stm32cube.ide.mcu.externaltools.gnu-tools-for-stm32.11.3.rel1.linux64_1.1.1.202309131626/tools/bin/../lib/gcc/arm-none-eabi/11.3.1/thumb/v7-m/nofp/crti.o
                0x00000000080041dc                _fini
 .fini          0x00000000080041e0        0x8 /opt/st/stm32cubeide_1.13.2/plugins/com.st.stm32cube.ide.mcu.externaltools.gnu-tools-for-stm32.11.3.rel1.linux64_1.1.1.202309131626/tools/bin/../lib/gcc/arm-none-eabi/11.3.1/thumb/v7-m/nofp/crtn.o
                0x00000000080041e8                . = ALIGN (0x4)
                0x00000000080041e8                _etext = .

.vfp11_veneer   0x00000000080041e8        0x0
 .vfp11_veneer  0x00000000080041e8        0x0 linker stubs

.v4_bx          0x00000000080041e8        0x0
 .v4_bx         0x00000000080041e8        0x0 linker stubs

.iplt           0x00000000080041e8        0x0
 .iplt          0x00000000080041e8        0x0 /opt/st/stm32cubeide_1.13.2/plugins/com.st.stm32cube.ide.mcu.externaltools.gnu-tools-for-stm32.11.3.rel1.linux64_1.1.1.202309131626/tools/bin/../lib/gcc/arm-none-eabi/11.3.1/thumb/v7-m/nofp/crtbegin.o

.rodata         0x00000000080041e8       0xd4
                0x00000000080041e8                . = ALIGN (0x4)
 *(.rodata)
 .rodata        0x00000000080041e8       0x21 ./Core/Src/freertos.o
 *fill*         0x0000000008004209        0x3 
 .rodata        0x000000000800420c        0x5 ./Middlewares/Third_Party/FreeRTOS/Source/tasks.o
 *fill*         0x0000000008004211        0x3 
 .rodata        0x0000000008004214        0xd ./Middlewares/Third_Party/FreeRTOS/Source/timers.o
 *(.rodata*)
 *fill*         0x0000000008004221        0x3 
 .rodata.myTask01_attributes
                0x0000000008004224       0x24 ./Core/Src/freertos.o
                0x0000000008004224                myTask01_attributes
 .rodata.myTask02_attributes
                0x0000000008004248       0x24 ./Core/Src/freertos.o
                0x0000000008004248                myTask02_attributes
 .rodata.myTask03_attributes
                0x000000000800426c       0x24 ./Core/Src/freertos.o
                0x000000000800426c                myTask03_attributes
 .rodata.AHBPrescTable
                0x0000000008004290       0x10 ./Core/Src/system_stm32f1xx.o
                0x0000000008004290                AHBPrescTable
 .rodata.APBPrescTable
                0x00000000080042a0        0x8 ./Core/Src/system_stm32f1xx.o
                0x00000000080042a0                APBPrescTable
 .rodata.aPLLMULFactorTable.1
                0x00000000080042a8       0x10 ./Drivers/STM32F1xx_HAL_Driver/Src/stm32f1xx_hal_rcc.o
 .rodata.aPredivFactorTable.0
                0x00000000080042b8        0x2 ./Drivers/STM32F1xx_HAL_Driver/Src/stm32f1xx_hal_rcc.o
                0x00000000080042bc                . = ALIGN (0x4)
 *fill*         0x00000000080042ba        0x2 

.rel.dyn        0x00000000080042bc        0x0
 .rel.iplt      0x00000000080042bc        0x0 /opt/st/stm32cubeide_1.13.2/plugins/com.st.stm32cube.ide.mcu.externaltools.gnu-tools-for-stm32.11.3.rel1.linux64_1.1.1.202309131626/tools/bin/../lib/gcc/arm-none-eabi/11.3.1/thumb/v7-m/nofp/crtbegin.o

.ARM.extab      0x00000000080042bc        0x0
                0x00000000080042bc                . = ALIGN (0x4)
 *(.ARM.extab* .gnu.linkonce.armextab.*)
                0x00000000080042bc                . = ALIGN (0x4)

.ARM            0x00000000080042bc        0x0
                0x00000000080042bc                . = ALIGN (0x4)
                0x00000000080042bc                __exidx_start = .
 *(.ARM.exidx*)
                0x00000000080042bc                __exidx_end = .
                0x00000000080042bc                . = ALIGN (0x4)

.preinit_array  0x00000000080042bc        0x0
                0x00000000080042bc                . = ALIGN (0x4)
                0x00000000080042bc                PROVIDE (__preinit_array_start = .)
 *(.preinit_array*)
                0x00000000080042bc                PROVIDE (__preinit_array_end = .)
                0x00000000080042bc                . = ALIGN (0x4)

.init_array     0x00000000080042bc        0x4
                0x00000000080042bc                . = ALIGN (0x4)
                0x00000000080042bc                PROVIDE (__init_array_start = .)
 *(SORT_BY_NAME(.init_array.*))
 *(.init_array*)
 .init_array    0x00000000080042bc        0x4 /opt/st/stm32cubeide_1.13.2/plugins/com.st.stm32cube.ide.mcu.externaltools.gnu-tools-for-stm32.11.3.rel1.linux64_1.1.1.202309131626/tools/bin/../lib/gcc/arm-none-eabi/11.3.1/thumb/v7-m/nofp/crtbegin.o
                0x00000000080042c0                PROVIDE (__init_array_end = .)
                0x00000000080042c0                . = ALIGN (0x4)

.fini_array     0x00000000080042c0        0x4
                0x00000000080042c0                . = ALIGN (0x4)
                [!provide]                        PROVIDE (__fini_array_start = .)
 *(SORT_BY_NAME(.fini_array.*))
 *(.fini_array*)
 .fini_array    0x00000000080042c0        0x4 /opt/st/stm32cubeide_1.13.2/plugins/com.st.stm32cube.ide.mcu.externaltools.gnu-tools-for-stm32.11.3.rel1.linux64_1.1.1.202309131626/tools/bin/../lib/gcc/arm-none-eabi/11.3.1/thumb/v7-m/nofp/crtbegin.o
                [!provide]                        PROVIDE (__fini_array_end = .)
                0x00000000080042c4                . = ALIGN (0x4)
                0x00000000080042c4                _sidata = LOADADDR (.data)

.data           0x0000000020000000       0x10 load address 0x00000000080042c4
                0x0000000020000000                . = ALIGN (0x4)
                0x0000000020000000                _sdata = .
 *(.data)
 *(.data*)
 .data.SystemCoreClock
                0x0000000020000000        0x4 ./Core/Src/system_stm32f1xx.o
                0x0000000020000000                SystemCoreClock
 .data.uwTickPrio
                0x0000000020000004        0x4 ./Drivers/STM32F1xx_HAL_Driver/Src/stm32f1xx_hal.o
                0x0000000020000004                uwTickPrio
 .data.uwTickFreq
                0x0000000020000008        0x1 ./Drivers/STM32F1xx_HAL_Driver/Src/stm32f1xx_hal.o
                0x0000000020000008                uwTickFreq
 *fill*         0x0000000020000009        0x3 
 .data.uxCriticalNesting
                0x000000002000000c        0x4 ./Middlewares/Third_Party/FreeRTOS/Source/portable/GCC/ARM_CM3/port.o
 *(.RamFunc)
 *(.RamFunc*)
                0x0000000020000010                . = ALIGN (0x4)
                0x0000000020000010                _edata = .

.igot.plt       0x0000000020000010        0x0 load address 0x00000000080042d4
 .igot.plt      0x0000000020000010        0x0 /opt/st/stm32cubeide_1.13.2/plugins/com.st.stm32cube.ide.mcu.externaltools.gnu-tools-for-stm32.11.3.rel1.linux64_1.1.1.202309131626/tools/bin/../lib/gcc/arm-none-eabi/11.3.1/thumb/v7-m/nofp/crtbegin.o
                0x0000000020000010                . = ALIGN (0x4)

.bss            0x0000000020000010     0x19bc load address 0x00000000080042d4
                0x0000000020000010                _sbss = .
                0x0000000020000010                __bss_start__ = _sbss
 *(.bss)
 .bss           0x0000000020000010       0x1c /opt/st/stm32cubeide_1.13.2/plugins/com.st.stm32cube.ide.mcu.externaltools.gnu-tools-for-stm32.11.3.rel1.linux64_1.1.1.202309131626/tools/bin/../lib/gcc/arm-none-eabi/11.3.1/thumb/v7-m/nofp/crtbegin.o
 *(.bss*)
 .bss.myTask01Handle
                0x000000002000002c        0x4 ./Core/Src/freertos.o
                0x000000002000002c                myTask01Handle
 .bss.myTask02Handle
                0x0000000020000030        0x4 ./Core/Src/freertos.o
                0x0000000020000030                myTask02Handle
 .bss.myTask03Handle
                0x0000000020000034        0x4 ./Core/Src/freertos.o
                0x0000000020000034                myTask03Handle
 .bss.htim2     0x0000000020000038       0x48 ./Core/Src/stm32f1xx_hal_timebase_tim.o
                0x0000000020000038                htim2
 .bss.uwTick    0x0000000020000080        0x4 ./Drivers/STM32F1xx_HAL_Driver/Src/stm32f1xx_hal.o
                0x0000000020000080                uwTick
 .bss.KernelState
                0x0000000020000084        0x4 ./Middlewares/Third_Party/FreeRTOS/Source/CMSIS_RTOS_V2/cmsis_os2.o
 .bss.Idle_TCB  0x0000000020000088       0x5c ./Middlewares/Third_Party/FreeRTOS/Source/CMSIS_RTOS_V2/cmsis_os2.o
 .bss.Idle_Stack
                0x00000000200000e4      0x200 ./Middlewares/Third_Party/FreeRTOS/Source/CMSIS_RTOS_V2/cmsis_os2.o
 .bss.Timer_TCB
                0x00000000200002e4       0x5c ./Middlewares/Third_Party/FreeRTOS/Source/CMSIS_RTOS_V2/cmsis_os2.o
 .bss.Timer_Stack
                0x0000000020000340      0x400 ./Middlewares/Third_Party/FreeRTOS/Source/CMSIS_RTOS_V2/cmsis_os2.o
 .bss.xQueueRegistry
                0x0000000020000740       0x40 ./Middlewares/Third_Party/FreeRTOS/Source/queue.o
                0x0000000020000740                xQueueRegistry
 .bss.pxCurrentTCB
                0x0000000020000780        0x4 ./Middlewares/Third_Party/FreeRTOS/Source/tasks.o
                0x0000000020000780                pxCurrentTCB
 .bss.pxReadyTasksLists
                0x0000000020000784      0x460 ./Middlewares/Third_Party/FreeRTOS/Source/tasks.o
 .bss.xDelayedTaskList1
                0x0000000020000be4       0x14 ./Middlewares/Third_Party/FreeRTOS/Source/tasks.o
 .bss.xDelayedTaskList2
                0x0000000020000bf8       0x14 ./Middlewares/Third_Party/FreeRTOS/Source/tasks.o
 .bss.pxDelayedTaskList
                0x0000000020000c0c        0x4 ./Middlewares/Third_Party/FreeRTOS/Source/tasks.o
 .bss.pxOverflowDelayedTaskList
                0x0000000020000c10        0x4 ./Middlewares/Third_Party/FreeRTOS/Source/tasks.o
 .bss.xPendingReadyList
                0x0000000020000c14       0x14 ./Middlewares/Third_Party/FreeRTOS/Source/tasks.o
 .bss.xTasksWaitingTermination
                0x0000000020000c28       0x14 ./Middlewares/Third_Party/FreeRTOS/Source/tasks.o
 .bss.uxDeletedTasksWaitingCleanUp
                0x0000000020000c3c        0x4 ./Middlewares/Third_Party/FreeRTOS/Source/tasks.o
 .bss.xSuspendedTaskList
                0x0000000020000c40       0x14 ./Middlewares/Third_Party/FreeRTOS/Source/tasks.o
 .bss.uxCurrentNumberOfTasks
                0x0000000020000c54        0x4 ./Middlewares/Third_Party/FreeRTOS/Source/tasks.o
 .bss.xTickCount
                0x0000000020000c58        0x4 ./Middlewares/Third_Party/FreeRTOS/Source/tasks.o
 .bss.uxTopReadyPriority
                0x0000000020000c5c        0x4 ./Middlewares/Third_Party/FreeRTOS/Source/tasks.o
 .bss.xSchedulerRunning
                0x0000000020000c60        0x4 ./Middlewares/Third_Party/FreeRTOS/Source/tasks.o
 .bss.uxPendedTicks
                0x0000000020000c64        0x4 ./Middlewares/Third_Party/FreeRTOS/Source/tasks.o
 .bss.xYieldPending
                0x0000000020000c68        0x4 ./Middlewares/Third_Party/FreeRTOS/Source/tasks.o
 .bss.xNumOfOverflows
                0x0000000020000c6c        0x4 ./Middlewares/Third_Party/FreeRTOS/Source/tasks.o
 .bss.uxTaskNumber
                0x0000000020000c70        0x4 ./Middlewares/Third_Party/FreeRTOS/Source/tasks.o
 .bss.xNextTaskUnblockTime
                0x0000000020000c74        0x4 ./Middlewares/Third_Party/FreeRTOS/Source/tasks.o
 .bss.xIdleTaskHandle
                0x0000000020000c78        0x4 ./Middlewares/Third_Party/FreeRTOS/Source/tasks.o
 .bss.uxSchedulerSuspended
                0x0000000020000c7c        0x4 ./Middlewares/Third_Party/FreeRTOS/Source/tasks.o
 .bss.xActiveTimerList1
                0x0000000020000c80       0x14 ./Middlewares/Third_Party/FreeRTOS/Source/timers.o
 .bss.xActiveTimerList2
                0x0000000020000c94       0x14 ./Middlewares/Third_Party/FreeRTOS/Source/timers.o
 .bss.pxCurrentTimerList
                0x0000000020000ca8        0x4 ./Middlewares/Third_Party/FreeRTOS/Source/timers.o
 .bss.pxOverflowTimerList
                0x0000000020000cac        0x4 ./Middlewares/Third_Party/FreeRTOS/Source/timers.o
 .bss.xTimerQueue
                0x0000000020000cb0        0x4 ./Middlewares/Third_Party/FreeRTOS/Source/timers.o
 .bss.xTimerTaskHandle
                0x0000000020000cb4        0x4 ./Middlewares/Third_Party/FreeRTOS/Source/timers.o
 .bss.xLastTime.2
                0x0000000020000cb8        0x4 ./Middlewares/Third_Party/FreeRTOS/Source/timers.o
 .bss.ucStaticTimerQueueStorage.1
                0x0000000020000cbc       0xa0 ./Middlewares/Third_Party/FreeRTOS/Source/timers.o
 .bss.xStaticTimerQueue.0
                0x0000000020000d5c       0x50 ./Middlewares/Third_Party/FreeRTOS/Source/timers.o
 .bss.ucMaxSysCallPriority
                0x0000000020000dac        0x1 ./Middlewares/Third_Party/FreeRTOS/Source/portable/GCC/ARM_CM3/port.o
 *fill*         0x0000000020000dad        0x3 
 .bss.ulMaxPRIGROUPValue
                0x0000000020000db0        0x4 ./Middlewares/Third_Party/FreeRTOS/Source/portable/GCC/ARM_CM3/port.o
 .bss.ucHeap    0x0000000020000db4      0xc00 ./Middlewares/Third_Party/FreeRTOS/Source/portable/MemMang/heap_4.o
 .bss.xStart    0x00000000200019b4        0x8 ./Middlewares/Third_Party/FreeRTOS/Source/portable/MemMang/heap_4.o
 .bss.pxEnd     0x00000000200019bc        0x4 ./Middlewares/Third_Party/FreeRTOS/Source/portable/MemMang/heap_4.o
 .bss.xFreeBytesRemaining
                0x00000000200019c0        0x4 ./Middlewares/Third_Party/FreeRTOS/Source/portable/MemMang/heap_4.o
 .bss.xMinimumEverFreeBytesRemaining
                0x00000000200019c4        0x4 ./Middlewares/Third_Party/FreeRTOS/Source/portable/MemMang/heap_4.o
 .bss.xBlockAllocatedBit
                0x00000000200019c8        0x4 ./Middlewares/Third_Party/FreeRTOS/Source/portable/MemMang/heap_4.o
 *(COMMON)
                0x00000000200019cc                . = ALIGN (0x4)
                0x00000000200019cc                _ebss = .
                0x00000000200019cc                __bss_end__ = _ebss

._user_heap_stack
                0x00000000200019cc      0x604 load address 0x00000000080042d4
                0x00000000200019d0                . = ALIGN (0x8)
 *fill*         0x00000000200019cc        0x4 
                [!provide]                        PROVIDE (end = .)
                0x00000000200019d0                PROVIDE (_end = .)
                0x0000000020001bd0                . = (. + _Min_Heap_Size)
 *fill*         0x00000000200019d0      0x200 
                0x0000000020001fd0                . = (. + _Min_Stack_Size)
 *fill*         0x0000000020001bd0      0x400 
                0x0000000020001fd0                . = ALIGN (0x8)

/DISCARD/
 libc.a(*)
 libm.a(*)
 libgcc.a(*)

.ARM.attributes
                0x0000000000000000       0x29
 *(.ARM.attributes)
 .ARM.attributes
                0x0000000000000000       0x1d /opt/st/stm32cubeide_1.13.2/plugins/com.st.stm32cube.ide.mcu.externaltools.gnu-tools-for-stm32.11.3.rel1.linux64_1.1.1.202309131626/tools/bin/../lib/gcc/arm-none-eabi/11.3.1/thumb/v7-m/nofp/crti.o
 .ARM.attributes
                0x000000000000001d       0x2d /opt/st/stm32cubeide_1.13.2/plugins/com.st.stm32cube.ide.mcu.externaltools.gnu-tools-for-stm32.11.3.rel1.linux64_1.1.1.202309131626/tools/bin/../lib/gcc/arm-none-eabi/11.3.1/thumb/v7-m/nofp/crtbegin.o
 .ARM.attributes
                0x000000000000004a       0x2d ./Core/Src/freertos.o
 .ARM.attributes
                0x0000000000000077       0x2d ./Core/Src/gpio.o
 .ARM.attributes
                0x00000000000000a4       0x2d ./Core/Src/main.o
 .ARM.attributes
                0x00000000000000d1       0x2d ./Core/Src/stm32f1xx_hal_msp.o
 .ARM.attributes
                0x00000000000000fe       0x2d ./Core/Src/stm32f1xx_hal_timebase_tim.o
 .ARM.attributes
                0x000000000000012b       0x2d ./Core/Src/stm32f1xx_it.o
 .ARM.attributes
                0x0000000000000158       0x2d ./Core/Src/system_stm32f1xx.o
 .ARM.attributes
                0x0000000000000185       0x21 ./Core/Startup/startup_stm32f103c8tx.o
 .ARM.attributes
                0x00000000000001a6       0x2d ./Drivers/STM32F1xx_HAL_Driver/Src/stm32f1xx_hal.o
 .ARM.attributes
                0x00000000000001d3       0x2d ./Drivers/STM32F1xx_HAL_Driver/Src/stm32f1xx_hal_cortex.o
 .ARM.attributes
                0x0000000000000200       0x2d ./Drivers/STM32F1xx_HAL_Driver/Src/stm32f1xx_hal_gpio.o
 .ARM.attributes
                0x000000000000022d       0x2d ./Drivers/STM32F1xx_HAL_Driver/Src/stm32f1xx_hal_rcc.o
 .ARM.attributes
                0x000000000000025a       0x2d ./Drivers/STM32F1xx_HAL_Driver/Src/stm32f1xx_hal_tim.o
 .ARM.attributes
                0x0000000000000287       0x2d ./Drivers/STM32F1xx_HAL_Driver/Src/stm32f1xx_hal_tim_ex.o
 .ARM.attributes
                0x00000000000002b4       0x2d ./Middlewares/Third_Party/FreeRTOS/Source/CMSIS_RTOS_V2/cmsis_os2.o
 .ARM.attributes
                0x00000000000002e1       0x2d ./Middlewares/Third_Party/FreeRTOS/Source/list.o
 .ARM.attributes
                0x000000000000030e       0x2d ./Middlewares/Third_Party/FreeRTOS/Source/queue.o
 .ARM.attributes
                0x000000000000033b       0x2d ./Middlewares/Third_Party/FreeRTOS/Source/tasks.o
 .ARM.attributes
                0x0000000000000368       0x2d ./Middlewares/Third_Party/FreeRTOS/Source/timers.o
 .ARM.attributes
                0x0000000000000395       0x2d ./Middlewares/Third_Party/FreeRTOS/Source/portable/GCC/ARM_CM3/port.o
 .ARM.attributes
                0x00000000000003c2       0x2d ./Middlewares/Third_Party/FreeRTOS/Source/portable/MemMang/heap_4.o
 .ARM.attributes
                0x00000000000003ef       0x2d /opt/st/stm32cubeide_1.13.2/plugins/com.st.stm32cube.ide.mcu.externaltools.gnu-tools-for-stm32.11.3.rel1.linux64_1.1.1.202309131626/tools/bin/../lib/gcc/arm-none-eabi/11.3.1/../../../../arm-none-eabi/lib/thumb/v7-m/nofp/libc_nano.a(libc_a-memset.o)
 .ARM.attributes
                0x000000000000041c       0x2d /opt/st/stm32cubeide_1.13.2/plugins/com.st.stm32cube.ide.mcu.externaltools.gnu-tools-for-stm32.11.3.rel1.linux64_1.1.1.202309131626/tools/bin/../lib/gcc/arm-none-eabi/11.3.1/../../../../arm-none-eabi/lib/thumb/v7-m/nofp/libc_nano.a(libc_a-init.o)
 .ARM.attributes
                0x0000000000000449       0x2d /opt/st/stm32cubeide_1.13.2/plugins/com.st.stm32cube.ide.mcu.externaltools.gnu-tools-for-stm32.11.3.rel1.linux64_1.1.1.202309131626/tools/bin/../lib/gcc/arm-none-eabi/11.3.1/../../../../arm-none-eabi/lib/thumb/v7-m/nofp/libc_nano.a(libc_a-memcpy-stub.o)
 .ARM.attributes
                0x0000000000000476       0x1d /opt/st/stm32cubeide_1.13.2/plugins/com.st.stm32cube.ide.mcu.externaltools.gnu-tools-for-stm32.11.3.rel1.linux64_1.1.1.202309131626/tools/bin/../lib/gcc/arm-none-eabi/11.3.1/thumb/v7-m/nofp/crtn.o
OUTPUT(FREERTOS.elf elf32-littlearm)
LOAD linker stubs
LOAD /opt/st/stm32cubeide_1.13.2/plugins/com.st.stm32cube.ide.mcu.externaltools.gnu-tools-for-stm32.11.3.rel1.linux64_1.1.1.202309131626/tools/bin/../lib/gcc/arm-none-eabi/11.3.1/../../../../arm-none-eabi/lib/thumb/v7-m/nofp/libc.a
LOAD /opt/st/stm32cubeide_1.13.2/plugins/com.st.stm32cube.ide.mcu.externaltools.gnu-tools-for-stm32.11.3.rel1.linux64_1.1.1.202309131626/tools/bin/../lib/gcc/arm-none-eabi/11.3.1/../../../../arm-none-eabi/lib/thumb/v7-m/nofp/libm.a
LOAD /opt/st/stm32cubeide_1.13.2/plugins/com.st.stm32cube.ide.mcu.externaltools.gnu-tools-for-stm32.11.3.rel1.linux64_1.1.1.202309131626/tools/bin/../lib/gcc/arm-none-eabi/11.3.1/thumb/v7-m/nofp/libgcc.a

.comment        0x0000000000000000       0x43
 .comment       0x0000000000000000       0x43 /opt/st/stm32cubeide_1.13.2/plugins/com.st.stm32cube.ide.mcu.externaltools.gnu-tools-for-stm32.11.3.rel1.linux64_1.1.1.202309131626/tools/bin/../lib/gcc/arm-none-eabi/11.3.1/thumb/v7-m/nofp/crtbegin.o
                                         0x44 (size before relaxing)
 .comment       0x0000000000000043       0x44 ./Core/Src/freertos.o
 .comment       0x0000000000000043       0x44 ./Core/Src/gpio.o
 .comment       0x0000000000000043       0x44 ./Core/Src/main.o
 .comment       0x0000000000000043       0x44 ./Core/Src/stm32f1xx_hal_msp.o
 .comment       0x0000000000000043       0x44 ./Core/Src/stm32f1xx_hal_timebase_tim.o
 .comment       0x0000000000000043       0x44 ./Core/Src/stm32f1xx_it.o
 .comment       0x0000000000000043       0x44 ./Core/Src/system_stm32f1xx.o
 .comment       0x0000000000000043       0x44 ./Drivers/STM32F1xx_HAL_Driver/Src/stm32f1xx_hal.o
 .comment       0x0000000000000043       0x44 ./Drivers/STM32F1xx_HAL_Driver/Src/stm32f1xx_hal_cortex.o
 .comment       0x0000000000000043       0x44 ./Drivers/STM32F1xx_HAL_Driver/Src/stm32f1xx_hal_gpio.o
 .comment       0x0000000000000043       0x44 ./Drivers/STM32F1xx_HAL_Driver/Src/stm32f1xx_hal_rcc.o
 .comment       0x0000000000000043       0x44 ./Drivers/STM32F1xx_HAL_Driver/Src/stm32f1xx_hal_tim.o
 .comment       0x0000000000000043       0x44 ./Drivers/STM32F1xx_HAL_Driver/Src/stm32f1xx_hal_tim_ex.o
 .comment       0x0000000000000043       0x44 ./Middlewares/Third_Party/FreeRTOS/Source/CMSIS_RTOS_V2/cmsis_os2.o
 .comment       0x0000000000000043       0x44 ./Middlewares/Third_Party/FreeRTOS/Source/list.o
 .comment       0x0000000000000043       0x44 ./Middlewares/Third_Party/FreeRTOS/Source/queue.o
 .comment       0x0000000000000043       0x44 ./Middlewares/Third_Party/FreeRTOS/Source/tasks.o
 .comment       0x0000000000000043       0x44 ./Middlewares/Third_Party/FreeRTOS/Source/timers.o
 .comment       0x0000000000000043       0x44 ./Middlewares/Third_Party/FreeRTOS/Source/portable/GCC/ARM_CM3/port.o
 .comment       0x0000000000000043       0x44 ./Middlewares/Third_Party/FreeRTOS/Source/portable/MemMang/heap_4.o

.debug_info     0x0000000000000000    0x11654
 .debug_info    0x0000000000000000      0x4fc ./Core/Src/freertos.o
 .debug_info    0x00000000000004fc      0x27f ./Core/Src/gpio.o
 .debug_info    0x000000000000077b      0x888 ./Core/Src/main.o
 .debug_info    0x0000000000001003      0x2d9 ./Core/Src/stm32f1xx_hal_msp.o
 .debug_info    0x00000000000012dc      0x9a8 ./Core/Src/stm32f1xx_hal_timebase_tim.o
 .debug_info    0x0000000000001c84      0x66a ./Core/Src/stm32f1xx_it.o
 .debug_info    0x00000000000022ee      0x222 ./Core/Src/system_stm32f1xx.o
 .debug_info    0x0000000000002510       0x23 ./Core/Startup/startup_stm32f103c8tx.o
 .debug_info    0x0000000000002533      0x704 ./Drivers/STM32F1xx_HAL_Driver/Src/stm32f1xx_hal.o
 .debug_info    0x0000000000002c37      0xa87 ./Drivers/STM32F1xx_HAL_Driver/Src/stm32f1xx_hal_cortex.o
 .debug_info    0x00000000000036be      0x5ab ./Drivers/STM32F1xx_HAL_Driver/Src/stm32f1xx_hal_gpio.o
 .debug_info    0x0000000000003c69      0x7d5 ./Drivers/STM32F1xx_HAL_Driver/Src/stm32f1xx_hal_rcc.o
 .debug_info    0x000000000000443e     0x293b ./Drivers/STM32F1xx_HAL_Driver/Src/stm32f1xx_hal_tim.o
 .debug_info    0x0000000000006d79     0x149b ./Drivers/STM32F1xx_HAL_Driver/Src/stm32f1xx_hal_tim_ex.o
 .debug_info    0x0000000000008214     0x39d2 ./Middlewares/Third_Party/FreeRTOS/Source/CMSIS_RTOS_V2/cmsis_os2.o
 .debug_info    0x000000000000bbe6      0x2aa ./Middlewares/Third_Party/FreeRTOS/Source/list.o
 .debug_info    0x000000000000be90     0x1abf ./Middlewares/Third_Party/FreeRTOS/Source/queue.o
 .debug_info    0x000000000000d94f     0x20f9 ./Middlewares/Third_Party/FreeRTOS/Source/tasks.o
 .debug_info    0x000000000000fa48     0x13b5 ./Middlewares/Third_Party/FreeRTOS/Source/timers.o
 .debug_info    0x0000000000010dfd      0x494 ./Middlewares/Third_Party/FreeRTOS/Source/portable/GCC/ARM_CM3/port.o
 .debug_info    0x0000000000011291      0x3c3 ./Middlewares/Third_Party/FreeRTOS/Source/portable/MemMang/heap_4.o

.debug_abbrev   0x0000000000000000     0x2d8d
 .debug_abbrev  0x0000000000000000      0x1a5 ./Core/Src/freertos.o
 .debug_abbrev  0x00000000000001a5      0x134 ./Core/Src/gpio.o
 .debug_abbrev  0x00000000000002d9      0x22e ./Core/Src/main.o
 .debug_abbrev  0x0000000000000507      0x107 ./Core/Src/stm32f1xx_hal_msp.o
 .debug_abbrev  0x000000000000060e      0x1f3 ./Core/Src/stm32f1xx_hal_timebase_tim.o
 .debug_abbrev  0x0000000000000801      0x17c ./Core/Src/stm32f1xx_it.o
 .debug_abbrev  0x000000000000097d      0x13f ./Core/Src/system_stm32f1xx.o
 .debug_abbrev  0x0000000000000abc       0x12 ./Core/Startup/startup_stm32f103c8tx.o
 .debug_abbrev  0x0000000000000ace      0x201 ./Drivers/STM32F1xx_HAL_Driver/Src/stm32f1xx_hal.o
 .debug_abbrev  0x0000000000000ccf      0x2f8 ./Drivers/STM32F1xx_HAL_Driver/Src/stm32f1xx_hal_cortex.o
 .debug_abbrev  0x0000000000000fc7      0x1ca ./Drivers/STM32F1xx_HAL_Driver/Src/stm32f1xx_hal_gpio.o
 .debug_abbrev  0x0000000000001191      0x2b3 ./Drivers/STM32F1xx_HAL_Driver/Src/stm32f1xx_hal_rcc.o
 .debug_abbrev  0x0000000000001444      0x277 ./Drivers/STM32F1xx_HAL_Driver/Src/stm32f1xx_hal_tim.o
 .debug_abbrev  0x00000000000016bb      0x282 ./Drivers/STM32F1xx_HAL_Driver/Src/stm32f1xx_hal_tim_ex.o
 .debug_abbrev  0x000000000000193d      0x44c ./Middlewares/Third_Party/FreeRTOS/Source/CMSIS_RTOS_V2/cmsis_os2.o
 .debug_abbrev  0x0000000000001d89       0xf5 ./Middlewares/Third_Party/FreeRTOS/Source/list.o
 .debug_abbrev  0x0000000000001e7e      0x3ce ./Middlewares/Third_Party/FreeRTOS/Source/queue.o
 .debug_abbrev  0x000000000000224c      0x39c ./Middlewares/Third_Party/FreeRTOS/Source/tasks.o
 .debug_abbrev  0x00000000000025e8      0x348 ./Middlewares/Third_Party/FreeRTOS/Source/timers.o
 .debug_abbrev  0x0000000000002930      0x258 ./Middlewares/Third_Party/FreeRTOS/Source/portable/GCC/ARM_CM3/port.o
 .debug_abbrev  0x0000000000002b88      0x205 ./Middlewares/Third_Party/FreeRTOS/Source/portable/MemMang/heap_4.o

.debug_aranges  0x0000000000000000     0x10f0
 .debug_aranges
                0x0000000000000000       0x40 ./Core/Src/freertos.o
 .debug_aranges
                0x0000000000000040       0x20 ./Core/Src/gpio.o
 .debug_aranges
                0x0000000000000060       0x38 ./Core/Src/main.o
 .debug_aranges
                0x0000000000000098       0x20 ./Core/Src/stm32f1xx_hal_msp.o
 .debug_aranges
                0x00000000000000b8       0x30 ./Core/Src/stm32f1xx_hal_timebase_tim.o
 .debug_aranges
                0x00000000000000e8       0x50 ./Core/Src/stm32f1xx_it.o
 .debug_aranges
                0x0000000000000138       0x28 ./Core/Src/system_stm32f1xx.o
 .debug_aranges
                0x0000000000000160       0x28 ./Core/Startup/startup_stm32f103c8tx.o
 .debug_aranges
                0x0000000000000188       0xe0 ./Drivers/STM32F1xx_HAL_Driver/Src/stm32f1xx_hal.o
 .debug_aranges
                0x0000000000000268      0x100 ./Drivers/STM32F1xx_HAL_Driver/Src/stm32f1xx_hal_cortex.o
 .debug_aranges
                0x0000000000000368       0x58 ./Drivers/STM32F1xx_HAL_Driver/Src/stm32f1xx_hal_gpio.o
 .debug_aranges
                0x00000000000003c0       0x90 ./Drivers/STM32F1xx_HAL_Driver/Src/stm32f1xx_hal_rcc.o
 .debug_aranges
                0x0000000000000450      0x3d0 ./Drivers/STM32F1xx_HAL_Driver/Src/stm32f1xx_hal_tim.o
 .debug_aranges
                0x0000000000000820      0x168 ./Drivers/STM32F1xx_HAL_Driver/Src/stm32f1xx_hal_tim_ex.o
 .debug_aranges
                0x0000000000000988      0x230 ./Middlewares/Third_Party/FreeRTOS/Source/CMSIS_RTOS_V2/cmsis_os2.o
 .debug_aranges
                0x0000000000000bb8       0x40 ./Middlewares/Third_Party/FreeRTOS/Source/list.o
 .debug_aranges
                0x0000000000000bf8      0x158 ./Middlewares/Third_Party/FreeRTOS/Source/queue.o
 .debug_aranges
                0x0000000000000d50      0x1f8 ./Middlewares/Third_Party/FreeRTOS/Source/tasks.o
 .debug_aranges
                0x0000000000000f48       0xe0 ./Middlewares/Third_Party/FreeRTOS/Source/timers.o
 .debug_aranges
                0x0000000000001028       0x78 ./Middlewares/Third_Party/FreeRTOS/Source/portable/GCC/ARM_CM3/port.o
 .debug_aranges
                0x00000000000010a0       0x50 ./Middlewares/Third_Party/FreeRTOS/Source/portable/MemMang/heap_4.o

.debug_rnglists
                0x0000000000000000      0xd06
 .debug_rnglists
                0x0000000000000000       0x2b ./Core/Src/freertos.o
 .debug_rnglists
                0x000000000000002b       0x13 ./Core/Src/gpio.o
 .debug_rnglists
                0x000000000000003e       0x25 ./Core/Src/main.o
 .debug_rnglists
                0x0000000000000063       0x13 ./Core/Src/stm32f1xx_hal_msp.o
 .debug_rnglists
                0x0000000000000076       0x20 ./Core/Src/stm32f1xx_hal_timebase_tim.o
 .debug_rnglists
                0x0000000000000096       0x37 ./Core/Src/stm32f1xx_it.o
 .debug_rnglists
                0x00000000000000cd       0x1a ./Core/Src/system_stm32f1xx.o
 .debug_rnglists
                0x00000000000000e7       0x19 ./Core/Startup/startup_stm32f103c8tx.o
 .debug_rnglists
                0x0000000000000100       0xa3 ./Drivers/STM32F1xx_HAL_Driver/Src/stm32f1xx_hal.o
 .debug_rnglists
                0x00000000000001a3       0xbb ./Drivers/STM32F1xx_HAL_Driver/Src/stm32f1xx_hal_cortex.o
 .debug_rnglists
                0x000000000000025e       0x3f ./Drivers/STM32F1xx_HAL_Driver/Src/stm32f1xx_hal_gpio.o
 .debug_rnglists
                0x000000000000029d       0x6c ./Drivers/STM32F1xx_HAL_Driver/Src/stm32f1xx_hal_rcc.o
 .debug_rnglists
                0x0000000000000309      0x31a ./Drivers/STM32F1xx_HAL_Driver/Src/stm32f1xx_hal_tim.o
 .debug_rnglists
                0x0000000000000623      0x125 ./Drivers/STM32F1xx_HAL_Driver/Src/stm32f1xx_hal_tim_ex.o
 .debug_rnglists
                0x0000000000000748      0x1ba ./Middlewares/Third_Party/FreeRTOS/Source/CMSIS_RTOS_V2/cmsis_os2.o
 .debug_rnglists
                0x0000000000000902       0x2b ./Middlewares/Third_Party/FreeRTOS/Source/list.o
 .debug_rnglists
                0x000000000000092d      0x109 ./Middlewares/Third_Party/FreeRTOS/Source/queue.o
 .debug_rnglists
                0x0000000000000a36      0x194 ./Middlewares/Third_Party/FreeRTOS/Source/tasks.o
 .debug_rnglists
                0x0000000000000bca       0xab ./Middlewares/Third_Party/FreeRTOS/Source/timers.o
 .debug_rnglists
                0x0000000000000c75       0x56 ./Middlewares/Third_Party/FreeRTOS/Source/portable/GCC/ARM_CM3/port.o
 .debug_rnglists
                0x0000000000000ccb       0x3b ./Middlewares/Third_Party/FreeRTOS/Source/portable/MemMang/heap_4.o

.debug_macro    0x0000000000000000    0x187da
 .debug_macro   0x0000000000000000      0x22d ./Core/Src/freertos.o
 .debug_macro   0x000000000000022d      0xa9c ./Core/Src/freertos.o
 .debug_macro   0x0000000000000cc9      0x174 ./Core/Src/freertos.o
 .debug_macro   0x0000000000000e3d       0x22 ./Core/Src/freertos.o
 .debug_macro   0x0000000000000e5f       0x8e ./Core/Src/freertos.o
 .debug_macro   0x0000000000000eed       0x51 ./Core/Src/freertos.o
 .debug_macro   0x0000000000000f3e      0x103 ./Core/Src/freertos.o
 .debug_macro   0x0000000000001041       0x6a ./Core/Src/freertos.o
 .debug_macro   0x00000000000010ab      0x1df ./Core/Src/freertos.o
 .debug_macro   0x000000000000128a      0x122 ./Core/Src/freertos.o
 .debug_macro   0x00000000000013ac      0x15a ./Core/Src/freertos.o
 .debug_macro   0x0000000000001506       0xc2 ./Core/Src/freertos.o
 .debug_macro   0x00000000000015c8       0x10 ./Core/Src/freertos.o
 .debug_macro   0x00000000000015d8       0x1f ./Core/Src/freertos.o
 .debug_macro   0x00000000000015f7      0x47f ./Core/Src/freertos.o
 .debug_macro   0x0000000000001a76       0xb5 ./Core/Src/freertos.o
 .debug_macro   0x0000000000001b2b       0x8c ./Core/Src/freertos.o
 .debug_macro   0x0000000000001bb7      0x215 ./Core/Src/freertos.o
 .debug_macro   0x0000000000001dcc       0x2e ./Core/Src/freertos.o
 .debug_macro   0x0000000000001dfa       0x22 ./Core/Src/freertos.o
 .debug_macro   0x0000000000001e1c       0x1c ./Core/Src/freertos.o
 .debug_macro   0x0000000000001e38       0x22 ./Core/Src/freertos.o
 .debug_macro   0x0000000000001e5a       0xbd ./Core/Src/freertos.o
 .debug_macro   0x0000000000001f17      0xd23 ./Core/Src/freertos.o
 .debug_macro   0x0000000000002c3a     0xe09e ./Core/Src/freertos.o
 .debug_macro   0x0000000000010cd8       0x6d ./Core/Src/freertos.o
 .debug_macro   0x0000000000010d45     0x348d ./Core/Src/freertos.o
 .debug_macro   0x00000000000141d2       0x5c ./Core/Src/freertos.o
 .debug_macro   0x000000000001422e      0x5bc ./Core/Src/freertos.o
 .debug_macro   0x00000000000147ea      0x289 ./Core/Src/freertos.o
 .debug_macro   0x0000000000014a73      0x1cb ./Core/Src/freertos.o
 .debug_macro   0x0000000000014c3e      0x114 ./Core/Src/freertos.o
 .debug_macro   0x0000000000014d52      0x1b2 ./Core/Src/freertos.o
 .debug_macro   0x0000000000014f04       0x27 ./Core/Src/freertos.o
 .debug_macro   0x0000000000014f2b      0x136 ./Core/Src/freertos.o
 .debug_macro   0x0000000000015061      0x1bc ./Core/Src/freertos.o
 .debug_macro   0x000000000001521d       0x34 ./Core/Src/freertos.o
 .debug_macro   0x0000000000015251       0x3c ./Core/Src/freertos.o
 .debug_macro   0x000000000001528d       0x57 ./Core/Src/freertos.o
 .debug_macro   0x00000000000152e4       0x87 ./Core/Src/freertos.o
 .debug_macro   0x000000000001536b      0x240 ./Core/Src/freertos.o
 .debug_macro   0x00000000000155ab      0x140 ./Core/Src/freertos.o
 .debug_macro   0x00000000000156eb      0x8ed ./Core/Src/freertos.o
 .debug_macro   0x0000000000015fd8       0x83 ./Core/Src/freertos.o
 .debug_macro   0x000000000001605b       0x5b ./Core/Src/freertos.o
 .debug_macro   0x00000000000160b6       0x74 ./Core/Src/freertos.o
 .debug_macro   0x000000000001612a       0xdd ./Core/Src/freertos.o
 .debug_macro   0x0000000000016207      0x1ad ./Core/Src/gpio.o
 .debug_macro   0x00000000000163b4      0x224 ./Core/Src/main.o
 .debug_macro   0x00000000000165d8      0x122 ./Core/Src/main.o
 .debug_macro   0x00000000000166fa      0x1a3 ./Core/Src/stm32f1xx_hal_msp.o
 .debug_macro   0x000000000001689d      0x199 ./Core/Src/stm32f1xx_hal_timebase_tim.o
 .debug_macro   0x0000000000016a36      0x1ad ./Core/Src/stm32f1xx_it.o
 .debug_macro   0x0000000000016be3      0x199 ./Core/Src/system_stm32f1xx.o
 .debug_macro   0x0000000000016d7c      0x1bd ./Drivers/STM32F1xx_HAL_Driver/Src/stm32f1xx_hal.o
 .debug_macro   0x0000000000016f39      0x199 ./Drivers/STM32F1xx_HAL_Driver/Src/stm32f1xx_hal_cortex.o
 .debug_macro   0x00000000000170d2      0x204 ./Drivers/STM32F1xx_HAL_Driver/Src/stm32f1xx_hal_gpio.o
 .debug_macro   0x00000000000172d6      0x1ab ./Drivers/STM32F1xx_HAL_Driver/Src/stm32f1xx_hal_rcc.o
 .debug_macro   0x0000000000017481      0x19a ./Drivers/STM32F1xx_HAL_Driver/Src/stm32f1xx_hal_tim.o
 .debug_macro   0x000000000001761b      0x199 ./Drivers/STM32F1xx_HAL_Driver/Src/stm32f1xx_hal_tim_ex.o
 .debug_macro   0x00000000000177b4      0x247 ./Middlewares/Third_Party/FreeRTOS/Source/CMSIS_RTOS_V2/cmsis_os2.o
 .debug_macro   0x00000000000179fb       0x10 ./Middlewares/Third_Party/FreeRTOS/Source/CMSIS_RTOS_V2/cmsis_os2.o
 .debug_macro   0x0000000000017a0b       0x20 ./Middlewares/Third_Party/FreeRTOS/Source/CMSIS_RTOS_V2/cmsis_os2.o
 .debug_macro   0x0000000000017a2b       0x10 ./Middlewares/Third_Party/FreeRTOS/Source/CMSIS_RTOS_V2/cmsis_os2.o
 .debug_macro   0x0000000000017a3b       0xb7 ./Middlewares/Third_Party/FreeRTOS/Source/CMSIS_RTOS_V2/cmsis_os2.o
 .debug_macro   0x0000000000017af2       0x91 ./Middlewares/Third_Party/FreeRTOS/Source/CMSIS_RTOS_V2/cmsis_os2.o
 .debug_macro   0x0000000000017b83       0x8d ./Middlewares/Third_Party/FreeRTOS/Source/CMSIS_RTOS_V2/cmsis_os2.o
 .debug_macro   0x0000000000017c10       0x9a ./Middlewares/Third_Party/FreeRTOS/Source/CMSIS_RTOS_V2/cmsis_os2.o
 .debug_macro   0x0000000000017caa      0x187 ./Middlewares/Third_Party/FreeRTOS/Source/list.o
 .debug_macro   0x0000000000017e31      0x212 ./Middlewares/Third_Party/FreeRTOS/Source/queue.o
 .debug_macro   0x0000000000018043       0x16 ./Middlewares/Third_Party/FreeRTOS/Source/queue.o
 .debug_macro   0x0000000000018059      0x287 ./Middlewares/Third_Party/FreeRTOS/Source/tasks.o
 .debug_macro   0x00000000000182e0       0x10 ./Middlewares/Third_Party/FreeRTOS/Source/tasks.o
 .debug_macro   0x00000000000182f0      0x1ca ./Middlewares/Third_Party/FreeRTOS/Source/timers.o
 .debug_macro   0x00000000000184ba      0x172 ./Middlewares/Third_Party/FreeRTOS/Source/portable/GCC/ARM_CM3/port.o
 .debug_macro   0x000000000001862c      0x1ae ./Middlewares/Third_Party/FreeRTOS/Source/portable/MemMang/heap_4.o

.debug_line     0x0000000000000000    0x12139
 .debug_line    0x0000000000000000      0x837 ./Core/Src/freertos.o
 .debug_line    0x0000000000000837      0x636 ./Core/Src/gpio.o
 .debug_line    0x0000000000000e6d      0x7fc ./Core/Src/main.o
 .debug_line    0x0000000000001669      0x62b ./Core/Src/stm32f1xx_hal_msp.o
 .debug_line    0x0000000000001c94      0x6a6 ./Core/Src/stm32f1xx_hal_timebase_tim.o
 .debug_line    0x000000000000233a      0x6c6 ./Core/Src/stm32f1xx_it.o
 .debug_line    0x0000000000002a00      0x6a8 ./Core/Src/system_stm32f1xx.o
 .debug_line    0x00000000000030a8       0x78 ./Core/Startup/startup_stm32f103c8tx.o
 .debug_line    0x0000000000003120      0x8d5 ./Drivers/STM32F1xx_HAL_Driver/Src/stm32f1xx_hal.o
 .debug_line    0x00000000000039f5      0xabd ./Drivers/STM32F1xx_HAL_Driver/Src/stm32f1xx_hal_cortex.o
 .debug_line    0x00000000000044b2      0x96e ./Drivers/STM32F1xx_HAL_Driver/Src/stm32f1xx_hal_gpio.o
 .debug_line    0x0000000000004e20      0xcde ./Drivers/STM32F1xx_HAL_Driver/Src/stm32f1xx_hal_rcc.o
 .debug_line    0x0000000000005afe     0x33c1 ./Drivers/STM32F1xx_HAL_Driver/Src/stm32f1xx_hal_tim.o
 .debug_line    0x0000000000008ebf     0x1834 ./Drivers/STM32F1xx_HAL_Driver/Src/stm32f1xx_hal_tim_ex.o
 .debug_line    0x000000000000a6f3     0x2425 ./Middlewares/Third_Party/FreeRTOS/Source/CMSIS_RTOS_V2/cmsis_os2.o
 .debug_line    0x000000000000cb18      0x6c0 ./Middlewares/Third_Party/FreeRTOS/Source/list.o
 .debug_line    0x000000000000d1d8     0x1683 ./Middlewares/Third_Party/FreeRTOS/Source/queue.o
 .debug_line    0x000000000000e85b     0x1cf2 ./Middlewares/Third_Party/FreeRTOS/Source/tasks.o
 .debug_line    0x000000000001054d      0xc57 ./Middlewares/Third_Party/FreeRTOS/Source/timers.o
 .debug_line    0x00000000000111a4      0x713 ./Middlewares/Third_Party/FreeRTOS/Source/portable/GCC/ARM_CM3/port.o
 .debug_line    0x00000000000118b7      0x882 ./Middlewares/Third_Party/FreeRTOS/Source/portable/MemMang/heap_4.o

.debug_str      0x0000000000000000    0x910e3
 .debug_str     0x0000000000000000    0x85fc4 ./Core/Src/freertos.o
                                      0x86338 (size before relaxing)
 .debug_str     0x0000000000085fc4       0xac ./Core/Src/gpio.o
                                      0x81a11 (size before relaxing)
 .debug_str     0x0000000000086070      0x638 ./Core/Src/main.o
                                      0x85731 (size before relaxing)
 .debug_str     0x00000000000866a8      0x2af ./Core/Src/stm32f1xx_hal_msp.o
                                      0x81c5f (size before relaxing)
 .debug_str     0x0000000000086957      0x11a ./Core/Src/stm32f1xx_hal_timebase_tim.o
                                      0x8228c (size before relaxing)
 .debug_str     0x0000000000086a71       0xb5 ./Core/Src/stm32f1xx_it.o
                                      0x81e68 (size before relaxing)
 .debug_str     0x0000000000086b26       0x88 ./Core/Src/system_stm32f1xx.o
                                      0x819c4 (size before relaxing)
 .debug_str     0x0000000000086bae       0x34 ./Core/Startup/startup_stm32f103c8tx.o
                                         0x6f (size before relaxing)
 .debug_str     0x0000000000086be2      0x34a ./Drivers/STM32F1xx_HAL_Driver/Src/stm32f1xx_hal.o
                                      0x820f7 (size before relaxing)
 .debug_str     0x0000000000086f2c      0x2a9 ./Drivers/STM32F1xx_HAL_Driver/Src/stm32f1xx_hal_cortex.o
                                      0x82043 (size before relaxing)
 .debug_str     0x00000000000871d5      0x31a ./Drivers/STM32F1xx_HAL_Driver/Src/stm32f1xx_hal_gpio.o
                                      0x81d4a (size before relaxing)
 .debug_str     0x00000000000874ef      0x1f3 ./Drivers/STM32F1xx_HAL_Driver/Src/stm32f1xx_hal_rcc.o
                                      0x81df3 (size before relaxing)
 .debug_str     0x00000000000876e2      0xe69 ./Drivers/STM32F1xx_HAL_Driver/Src/stm32f1xx_hal_tim.o
                                      0x82de5 (size before relaxing)
 .debug_str     0x000000000008854b      0x503 ./Drivers/STM32F1xx_HAL_Driver/Src/stm32f1xx_hal_tim_ex.o
                                      0x82601 (size before relaxing)
 .debug_str     0x0000000000088a4e     0x5da9 ./Middlewares/Third_Party/FreeRTOS/Source/CMSIS_RTOS_V2/cmsis_os2.o
                                       0xe552 (size before relaxing)
 .debug_str     0x000000000008e7f7      0x21b ./Middlewares/Third_Party/FreeRTOS/Source/list.o
                                       0xa62a (size before relaxing)
 .debug_str     0x000000000008ea12      0x86c ./Middlewares/Third_Party/FreeRTOS/Source/queue.o
                                       0xc024 (size before relaxing)
 .debug_str     0x000000000008f27e     0x10a8 ./Middlewares/Third_Party/FreeRTOS/Source/tasks.o
                                       0xcb9d (size before relaxing)
 .debug_str     0x0000000000090326      0x515 ./Middlewares/Third_Party/FreeRTOS/Source/timers.o
                                       0xc4f9 (size before relaxing)
 .debug_str     0x000000000009083b      0x66e ./Middlewares/Third_Party/FreeRTOS/Source/portable/GCC/ARM_CM3/port.o
                                       0x809f (size before relaxing)
 .debug_str     0x0000000000090ea9      0x23a ./Middlewares/Third_Party/FreeRTOS/Source/portable/MemMang/heap_4.o
                                       0xad77 (size before relaxing)

.debug_frame    0x0000000000000000     0x45b8
 .debug_frame   0x0000000000000000       0xac ./Core/Src/freertos.o
 .debug_frame   0x00000000000000ac       0x34 ./Core/Src/gpio.o
 .debug_frame   0x00000000000000e0       0x8c ./Core/Src/main.o
 .debug_frame   0x000000000000016c       0x34 ./Core/Src/stm32f1xx_hal_msp.o
 .debug_frame   0x00000000000001a0       0x74 ./Core/Src/stm32f1xx_hal_timebase_tim.o
 .debug_frame   0x0000000000000214       0xc4 ./Core/Src/stm32f1xx_it.o
 .debug_frame   0x00000000000002d8       0x58 ./Core/Src/system_stm32f1xx.o
 .debug_frame   0x0000000000000330      0x334 ./Drivers/STM32F1xx_HAL_Driver/Src/stm32f1xx_hal.o
 .debug_frame   0x0000000000000664      0x428 ./Drivers/STM32F1xx_HAL_Driver/Src/stm32f1xx_hal_cortex.o
 .debug_frame   0x0000000000000a8c      0x14c ./Drivers/STM32F1xx_HAL_Driver/Src/stm32f1xx_hal_gpio.o
 .debug_frame   0x0000000000000bd8      0x218 ./Drivers/STM32F1xx_HAL_Driver/Src/stm32f1xx_hal_rcc.o
 .debug_frame   0x0000000000000df0     0x11bc ./Drivers/STM32F1xx_HAL_Driver/Src/stm32f1xx_hal_tim.o
 .debug_frame   0x0000000000001fac      0x638 ./Drivers/STM32F1xx_HAL_Driver/Src/stm32f1xx_hal_tim_ex.o
 .debug_frame   0x00000000000025e4      0x9a0 ./Middlewares/Third_Party/FreeRTOS/Source/CMSIS_RTOS_V2/cmsis_os2.o
 .debug_frame   0x0000000000002f84       0xd8 ./Middlewares/Third_Party/FreeRTOS/Source/list.o
 .debug_frame   0x000000000000305c      0x5ec ./Middlewares/Third_Party/FreeRTOS/Source/queue.o
 .debug_frame   0x0000000000003648      0x8a8 ./Middlewares/Third_Party/FreeRTOS/Source/tasks.o
 .debug_frame   0x0000000000003ef0      0x3b4 ./Middlewares/Third_Party/FreeRTOS/Source/timers.o
 .debug_frame   0x00000000000042a4      0x198 ./Middlewares/Third_Party/FreeRTOS/Source/portable/GCC/ARM_CM3/port.o
 .debug_frame   0x000000000000443c      0x108 ./Middlewares/Third_Party/FreeRTOS/Source/portable/MemMang/heap_4.o
 .debug_frame   0x0000000000004544       0x20 /opt/st/stm32cubeide_1.13.2/plugins/com.st.stm32cube.ide.mcu.externaltools.gnu-tools-for-stm32.11.3.rel1.linux64_1.1.1.202309131626/tools/bin/../lib/gcc/arm-none-eabi/11.3.1/../../../../arm-none-eabi/lib/thumb/v7-m/nofp/libc_nano.a(libc_a-memset.o)
 .debug_frame   0x0000000000004564       0x2c /opt/st/stm32cubeide_1.13.2/plugins/com.st.stm32cube.ide.mcu.externaltools.gnu-tools-for-stm32.11.3.rel1.linux64_1.1.1.202309131626/tools/bin/../lib/gcc/arm-none-eabi/11.3.1/../../../../arm-none-eabi/lib/thumb/v7-m/nofp/libc_nano.a(libc_a-init.o)
 .debug_frame   0x0000000000004590       0x28 /opt/st/stm32cubeide_1.13.2/plugins/com.st.stm32cube.ide.mcu.externaltools.gnu-tools-for-stm32.11.3.rel1.linux64_1.1.1.202309131626/tools/bin/../lib/gcc/arm-none-eabi/11.3.1/../../../../arm-none-eabi/lib/thumb/v7-m/nofp/libc_nano.a(libc_a-memcpy-stub.o)

.debug_line_str
                0x0000000000000000       0x63
 .debug_line_str
                0x0000000000000000       0x63 ./Core/Startup/startup_stm32f103c8tx.o
                                         0x7b (size before relaxing)
