Archive member included to satisfy reference by file (symbol)

/opt/st/stm32cubeide_1.13.2/plugins/com.st.stm32cube.ide.mcu.externaltools.gnu-tools-for-stm32.11.3.rel1.linux64_1.1.1.202309131626/tools/bin/../lib/gcc/arm-none-eabi/11.3.1/../../../../arm-none-eabi/lib/thumb/v7-m/nofp/libc_nano.a(libc_a-exit.o)
                              /opt/st/stm32cubeide_1.13.2/plugins/com.st.stm32cube.ide.mcu.externaltools.gnu-tools-for-stm32.11.3.rel1.linux64_1.1.1.202309131626/tools/bin/../lib/gcc/arm-none-eabi/11.3.1/../../../../arm-none-eabi/lib/thumb/v7-m/nofp/crt0.o (exit)
/opt/st/stm32cubeide_1.13.2/plugins/com.st.stm32cube.ide.mcu.externaltools.gnu-tools-for-stm32.11.3.rel1.linux64_1.1.1.202309131626/tools/bin/../lib/gcc/arm-none-eabi/11.3.1/../../../../arm-none-eabi/lib/thumb/v7-m/nofp/libc_nano.a(libc_a-rand.o)
                              ./Core/Src/main.o (rand)
/opt/st/stm32cubeide_1.13.2/plugins/com.st.stm32cube.ide.mcu.externaltools.gnu-tools-for-stm32.11.3.rel1.linux64_1.1.1.202309131626/tools/bin/../lib/gcc/arm-none-eabi/11.3.1/../../../../arm-none-eabi/lib/thumb/v7-m/nofp/libc_nano.a(libc_a-findfp.o)
                              /opt/st/stm32cubeide_1.13.2/plugins/com.st.stm32cube.ide.mcu.externaltools.gnu-tools-for-stm32.11.3.rel1.linux64_1.1.1.202309131626/tools/bin/../lib/gcc/arm-none-eabi/11.3.1/../../../../arm-none-eabi/lib/thumb/v7-m/nofp/libc_nano.a(libc_a-exit.o) (__stdio_exit_handler)
/opt/st/stm32cubeide_1.13.2/plugins/com.st.stm32cube.ide.mcu.externaltools.gnu-tools-for-stm32.11.3.rel1.linux64_1.1.1.202309131626/tools/bin/../lib/gcc/arm-none-eabi/11.3.1/../../../../arm-none-eabi/lib/thumb/v7-m/nofp/libc_nano.a(libc_a-fwalk.o)
                              /opt/st/stm32cubeide_1.13.2/plugins/com.st.stm32cube.ide.mcu.externaltools.gnu-tools-for-stm32.11.3.rel1.linux64_1.1.1.202309131626/tools/bin/../lib/gcc/arm-none-eabi/11.3.1/../../../../arm-none-eabi/lib/thumb/v7-m/nofp/libc_nano.a(libc_a-findfp.o) (_fwalk_sglue)
/opt/st/stm32cubeide_1.13.2/plugins/com.st.stm32cube.ide.mcu.externaltools.gnu-tools-for-stm32.11.3.rel1.linux64_1.1.1.202309131626/tools/bin/../lib/gcc/arm-none-eabi/11.3.1/../../../../arm-none-eabi/lib/thumb/v7-m/nofp/libc_nano.a(libc_a-stdio.o)
                              /opt/st/stm32cubeide_1.13.2/plugins/com.st.stm32cube.ide.mcu.externaltools.gnu-tools-for-stm32.11.3.rel1.linux64_1.1.1.202309131626/tools/bin/../lib/gcc/arm-none-eabi/11.3.1/../../../../arm-none-eabi/lib/thumb/v7-m/nofp/libc_nano.a(libc_a-findfp.o) (__sread)
/opt/st/stm32cubeide_1.13.2/plugins/com.st.stm32cube.ide.mcu.externaltools.gnu-tools-for-stm32.11.3.rel1.linux64_1.1.1.202309131626/tools/bin/../lib/gcc/arm-none-eabi/11.3.1/../../../../arm-none-eabi/lib/thumb/v7-m/nofp/libc_nano.a(libc_a-memset.o)
                              /opt/st/stm32cubeide_1.13.2/plugins/com.st.stm32cube.ide.mcu.externaltools.gnu-tools-for-stm32.11.3.rel1.linux64_1.1.1.202309131626/tools/bin/../lib/gcc/arm-none-eabi/11.3.1/../../../../arm-none-eabi/lib/thumb/v7-m/nofp/crt0.o (memset)
/opt/st/stm32cubeide_1.13.2/plugins/com.st.stm32cube.ide.mcu.externaltools.gnu-tools-for-stm32.11.3.rel1.linux64_1.1.1.202309131626/tools/bin/../lib/gcc/arm-none-eabi/11.3.1/../../../../arm-none-eabi/lib/thumb/v7-m/nofp/libc_nano.a(libc_a-closer.o)
                              /opt/st/stm32cubeide_1.13.2/plugins/com.st.stm32cube.ide.mcu.externaltools.gnu-tools-for-stm32.11.3.rel1.linux64_1.1.1.202309131626/tools/bin/../lib/gcc/arm-none-eabi/11.3.1/../../../../arm-none-eabi/lib/thumb/v7-m/nofp/libc_nano.a(libc_a-stdio.o) (_close_r)
/opt/st/stm32cubeide_1.13.2/plugins/com.st.stm32cube.ide.mcu.externaltools.gnu-tools-for-stm32.11.3.rel1.linux64_1.1.1.202309131626/tools/bin/../lib/gcc/arm-none-eabi/11.3.1/../../../../arm-none-eabi/lib/thumb/v7-m/nofp/libc_nano.a(libc_a-reent.o)
                              /opt/st/stm32cubeide_1.13.2/plugins/com.st.stm32cube.ide.mcu.externaltools.gnu-tools-for-stm32.11.3.rel1.linux64_1.1.1.202309131626/tools/bin/../lib/gcc/arm-none-eabi/11.3.1/../../../../arm-none-eabi/lib/thumb/v7-m/nofp/libc_nano.a(libc_a-closer.o) (errno)
/opt/st/stm32cubeide_1.13.2/plugins/com.st.stm32cube.ide.mcu.externaltools.gnu-tools-for-stm32.11.3.rel1.linux64_1.1.1.202309131626/tools/bin/../lib/gcc/arm-none-eabi/11.3.1/../../../../arm-none-eabi/lib/thumb/v7-m/nofp/libc_nano.a(libc_a-impure.o)
                              /opt/st/stm32cubeide_1.13.2/plugins/com.st.stm32cube.ide.mcu.externaltools.gnu-tools-for-stm32.11.3.rel1.linux64_1.1.1.202309131626/tools/bin/../lib/gcc/arm-none-eabi/11.3.1/../../../../arm-none-eabi/lib/thumb/v7-m/nofp/libc_nano.a(libc_a-rand.o) (_impure_ptr)
/opt/st/stm32cubeide_1.13.2/plugins/com.st.stm32cube.ide.mcu.externaltools.gnu-tools-for-stm32.11.3.rel1.linux64_1.1.1.202309131626/tools/bin/../lib/gcc/arm-none-eabi/11.3.1/../../../../arm-none-eabi/lib/thumb/v7-m/nofp/libc_nano.a(libc_a-lseekr.o)
[...]
Memory Configuration

Name             Origin             Length             Attributes
RAM              0x0000000020000000 0x0000000000005000 xrw
FLASH            0x0000000008000000 0x0000000000010000 xr
*default*        0x0000000000000000 0xffffffffffffffff

Linker script and memory map

LOAD /opt/st/stm32cubeide_1.13.2/plugins/com.st.stm32cube.ide.mcu.externaltools.gnu-tools-for-stm32.11.3.rel1.linux64_1.1.1.202309131626/tools/bin/../lib/gcc/arm-none-eabi/11.3.1/thumb/v7-m/nofp/crti.o
LOAD /opt/st/stm32cubeide_1.13.2/plugins/com.st.stm32cube.ide.mcu.externaltools.gnu-tools-for-stm32.11.3.rel1.linux64_1.1.1.202309131626/tools/bin/../lib/gcc/arm-none-eabi/11.3.1/thumb/v7-m/nofp/crtbegin.o
LOAD /opt/st/stm32cubeide_1.13.2/plugins/com.st.stm32cube.ide.mcu.externaltools.gnu-tools-for-stm32.11.3.rel1.linux64_1.1.1.202309131626/tools/bin/../lib/gcc/arm-none-eabi/11.3.1/../../../../arm-none-eabi/lib/thumb/v7-m/nofp/crt0.o
LOAD ./Core/Src/croutine.o
LOAD ./Core/Src/event_groups.o
LOAD ./Core/Src/fonts.o
LOAD ./Core/Src/heap_2.o
LOAD ./Core/Src/list.o
LOAD ./Core/Src/main.o
LOAD ./Core/Src/port.o
LOAD ./Core/Src/queue.o
LOAD ./Core/Src/ssd1306.o
LOAD ./Core/Src/stm32f1xx_hal_msp.o
LOAD ./Core/Src/syscalls.o
LOAD ./Core/Src/sysmem.o
LOAD ./Core/Src/system_stm32f1xx.o
LOAD ./Core/Src/tasks.o
LOAD ./Core/Src/timers.o
LOAD ./Core/Startup/startup_stm32f103c8tx.o
LOAD ./Drivers/STM32F1xx_HAL_Driver/Src/stm32f1xx_hal.o
LOAD ./Drivers/STM32F1xx_HAL_Driver/Src/stm32f1xx_hal_cortex.o
LOAD ./Drivers/STM32F1xx_HAL_Driver/Src/stm32f1xx_hal_dma.o
LOAD ./Drivers/STM32F1xx_HAL_Driver/Src/stm32f1xx_hal_exti.o
LOAD ./Drivers/STM32F1xx_HAL_Driver/Src/stm32f1xx_hal_flash.o
LOAD ./Drivers/STM32F1xx_HAL_Driver/Src/stm32f1xx_hal_flash_ex.o
LOAD ./Drivers/STM32F1xx_HAL_Driver/Src/stm32f1xx_hal_gpio.o
LOAD ./Drivers/STM32F1xx_HAL_Driver/Src/stm32f1xx_hal_gpio_ex.o
LOAD ./Drivers/STM32F1xx_HAL_Driver/Src/stm32f1xx_hal_i2c.o
LOAD ./Drivers/STM32F1xx_HAL_Driver/Src/stm32f1xx_hal_pwr.o
LOAD ./Drivers/STM32F1xx_HAL_Driver/Src/stm32f1xx_hal_rcc.o
LOAD ./Drivers/STM32F1xx_HAL_Driver/Src/stm32f1xx_hal_rcc_ex.o
START GROUP
LOAD /opt/st/stm32cubeide_1.13.2/plugins/com.st.stm32cube.ide.mcu.externaltools.gnu-tools-for-stm32.11.3.rel1.linux64_1.1.1.202309131626/tools/bin/../lib/gcc/arm-none-eabi/11.3.1/../../../../arm-none-eabi/lib/thumb/v7-m/nofp/libc_nano.a
LOAD /opt/st/stm32cubeide_1.13.2/plugins/com.st.stm32cube.ide.mcu.externaltools.gnu-tools-for-stm32.11.3.rel1.linux64_1.1.1.202309131626/tools/bin/../lib/gcc/arm-none-eabi/11.3.1/../../../../arm-none-eabi/lib/thumb/v7-m/nofp/libm.a
END GROUP
START GROUP
LOAD /opt/st/stm32cubeide_1.13.2/plugins/com.st.stm32cube.ide.mcu.externaltools.gnu-tools-for-stm32.11.3.rel1.linux64_1.1.1.202309131626/tools/bin/../lib/gcc/arm-none-eabi/11.3.1/thumb/v7-m/nofp/libgcc.a
LOAD /opt/st/stm32cubeide_1.13.2/plugins/com.st.stm32cube.ide.mcu.externaltools.gnu-tools-for-stm32.11.3.rel1.linux64_1.1.1.202309131626/tools/bin/../lib/gcc/arm-none-eabi/11.3.1/../../../../arm-none-eabi/lib/thumb/v7-m/nofp/libc_nano.a
END GROUP
START GROUP
LOAD /opt/st/stm32cubeide_1.13.2/plugins/com.st.stm32cube.ide.mcu.externaltools.gnu-tools-for-stm32.11.3.rel1.linux64_1.1.1.202309131626/tools/bin/../lib/gcc/arm-none-eabi/11.3.1/thumb/v7-m/nofp/libgcc.a
LOAD /opt/st/stm32cubeide_1.13.2/plugins/com.st.stm32cube.ide.mcu.externaltools.gnu-tools-for-stm32.11.3.rel1.linux64_1.1.1.202309131626/tools/bin/../lib/gcc/arm-none-eabi/11.3.1/../../../../arm-none-eabi/lib/thumb/v7-m/nofp/libc_nano.a
LOAD /opt/st/stm32cubeide_1.13.2/plugins/com.st.stm32cube.ide.mcu.externaltools.gnu-tools-for-stm32.11.3.rel1.linux64_1.1.1.202309131626/tools/bin/../lib/gcc/arm-none-eabi/11.3.1/../../../../arm-none-eabi/lib/thumb/v7-m/nofp/libnosys.a
END GROUP
START GROUP
LOAD /opt/st/stm32cubeide_1.13.2/plugins/com.st.stm32cube.ide.mcu.externaltools.gnu-tools-for-stm32.11.3.rel1.linux64_1.1.1.202309131626/tools/bin/../lib/gcc/arm-none-eabi/11.3.1/thumb/v7-m/nofp/libgcc.a
LOAD /opt/st/stm32cubeide_1.13.2/plugins/com.st.stm32cube.ide.mcu.externaltools.gnu-tools-for-stm32.11.3.rel1.linux64_1.1.1.202309131626/tools/bin/../lib/gcc/arm-none-eabi/11.3.1/../../../../arm-none-eabi/lib/thumb/v7-m/nofp/libc_nano.a
LOAD /opt/st/stm32cubeide_1.13.2/plugins/com.st.stm32cube.ide.mcu.externaltools.gnu-tools-for-stm32.11.3.rel1.linux64_1.1.1.202309131626/tools/bin/../lib/gcc/arm-none-eabi/11.3.1/../../../../arm-none-eabi/lib/thumb/v7-m/nofp/libnosys.a
END GROUP
LOAD /opt/st/stm32cubeide_1.13.2/plugins/com.st.stm32cube.ide.mcu.externaltools.gnu-tools-for-stm32.11.3.rel1.linux64_1.1.1.202309131626/tools/bin/../lib/gcc/arm-none-eabi/11.3.1/thumb/v7-m/nofp/crtend.o
LOAD /opt/st/stm32cubeide_1.13.2/plugins/com.st.stm32cube.ide.mcu.externaltools.gnu-tools-for-stm32.11.3.rel1.linux64_1.1.1.202309131626/tools/bin/../lib/gcc/arm-none-eabi/11.3.1/thumb/v7-m/nofp/crtn.o
                0x0000000020005000                _estack = (ORIGIN (RAM) + LENGTH (RAM))
                0x0000000000000200                _Min_Heap_Size = 0x200
                0x0000000000000400                _Min_Stack_Size = 0x400

.isr_vector     0x0000000008000000      0x10c
                0x0000000008000000                . = ALIGN (0x4)
 *(.isr_vector)
 .isr_vector    0x0000000008000000      0x10c ./Core/Startup/startup_stm32f103c8tx.o
                0x0000000008000000                g_pfnVectors
                0x000000000800010c                . = ALIGN (0x4)

.text           0x0000000008000110     0x4d44
                0x0000000008000110                . = ALIGN (0x4)
 *(.text)
 .text          0x0000000008000110       0x40 /opt/st/stm32cubeide_1.13.2/plugins/com.st.stm32cube.ide.mcu.externaltools.gnu-tools-for-stm32.11.3.rel1.linux64_1.1.1.202309131626/tools/bin/../lib/gcc/arm-none-eabi/11.3.1/thumb/v7-m/nofp/crtbegin.o
 *(.text*)
 .text.pvPortMalloc
                0x0000000008000150      0x13c ./Core/Src/heap_2.o
                0x0000000008000150                pvPortMalloc
 .text.vPortFree
                0x000000000800028c       0x98 ./Core/Src/heap_2.o
                0x000000000800028c                vPortFree
 .text.prvHeapInit
                0x0000000008000324       0x50 ./Core/Src/heap_2.o
 .text.vListInitialise
                0x0000000008000374       0x3e ./Core/Src/list.o
                0x0000000008000374                vListInitialise
 .text.vListInitialiseItem
                0x00000000080003b2       0x18 ./Core/Src/list.o
                0x00000000080003b2                vListInitialiseItem
 .text.vListInsert
                0x00000000080003ca       0x70 ./Core/Src/list.o
                0x00000000080003ca                vListInsert
 .text.uxListRemove
                0x000000000800043a       0x52 ./Core/Src/list.o
                0x000000000800043a                uxListRemove
 .text.main     0x000000000800048c       0x90 ./Core/Src/main.o
                0x000000000800048c                main
 .text.Sender   0x000000000800051c       0x2c ./Core/Src/main.o
                0x000000000800051c                Sender
 .text.Monitor  0x0000000008000548       0x48 ./Core/Src/main.o
                0x0000000008000548                Monitor
 .text.SystemClock_Config
                0x0000000008000590       0x76 ./Core/Src/main.o
                0x0000000008000590                SystemClock_Config
 *fill*         0x0000000008000606        0x2 
 .text.MX_I2C1_Init
                0x0000000008000608       0x5c ./Core/Src/main.o
 .text.MX_GPIO_Init
                0x0000000008000664       0x2c ./Core/Src/main.o
 .text.printRandomAlphabet
                0x0000000008000690       0x40 ./Core/Src/main.o
                0x0000000008000690                printRandomAlphabet
 .text.Error_Handler
                0x00000000080006d0        0xa ./Core/Src/main.o
                0x00000000080006d0                Error_Handler
 *fill*         0x00000000080006da        0x2 
 .text.pxPortInitialiseStack
                0x00000000080006dc       0x58 ./Core/Src/port.o
                0x00000000080006dc                pxPortInitialiseStack
 .text.prvTaskExitError
                0x0000000008000734       0x32 ./Core/Src/port.o
 *fill*         0x0000000008000766        0xa 
 .text.SVC_Handler
                0x0000000008000770       0x28 ./Core/Src/port.o
                0x0000000008000770                SVC_Handler
 .text.prvPortStartFirstTask
                0x0000000008000798       0x24 ./Core/Src/port.o
 .text.xPortStartScheduler
                0x00000000080007bc       0x40 ./Core/Src/port.o
                0x00000000080007bc                xPortStartScheduler
 .text.vPortEnterCritical
                0x00000000080007fc       0x34 ./Core/Src/port.o
                0x00000000080007fc                vPortEnterCritical
 .text.vPortExitCritical
                0x0000000008000830       0x34 ./Core/Src/port.o
                0x0000000008000830                vPortExitCritical
 *fill*         0x0000000008000864        0xc 
 .text.PendSV_Handler
                0x0000000008000870       0x48 ./Core/Src/port.o
                0x0000000008000870                PendSV_Handler
 .text.SysTick_Handler
                0x00000000080008b8       0x44 ./Core/Src/port.o
                0x00000000080008b8                SysTick_Handler
 .text.vPortSetupTimerInterrupt
                0x00000000080008fc       0x34 ./Core/Src/port.o
                0x00000000080008fc                vPortSetupTimerInterrupt
 .text.xQueueGenericReset
                0x0000000008000930       0xe8 ./Core/Src/queue.o
                0x0000000008000930                xQueueGenericReset
 .text.xQueueGenericCreate
                0x0000000008000a18       0x7e ./Core/Src/queue.o
                0x0000000008000a18                xQueueGenericCreate
 .text.prvInitialiseNewQueue
                0x0000000008000a96       0x46 ./Core/Src/queue.o
 .text.xQueueGenericSend
                0x0000000008000adc      0x154 ./Core/Src/queue.o
                0x0000000008000adc                xQueueGenericSend
 .text.xQueueReceive
                0x0000000008000c30      0x144 ./Core/Src/queue.o
                0x0000000008000c30                xQueueReceive
 .text.prvCopyDataToQueue
                0x0000000008000d74       0xd4 ./Core/Src/queue.o
 .text.prvCopyDataFromQueue
                0x0000000008000e48       0x4c ./Core/Src/queue.o
 .text.prvUnlockQueue
                0x0000000008000e94       0xa4 ./Core/Src/queue.o
 .text.prvIsQueueEmpty
                0x0000000008000f38       0x2c ./Core/Src/queue.o
 .text.prvIsQueueFull
                0x0000000008000f64       0x30 ./Core/Src/queue.o
 .text.SSD1306_Init
                0x0000000008000f94      0x188 ./Core/Src/ssd1306.o
                0x0000000008000f94                SSD1306_Init
 .text.SSD1306_UpdateScreen
                0x000000000800111c       0x5c ./Core/Src/ssd1306.o
                0x000000000800111c                SSD1306_UpdateScreen
 .text.SSD1306_Fill
                0x0000000008001178       0x30 ./Core/Src/ssd1306.o
                0x0000000008001178                SSD1306_Fill
 .text.SSD1306_DrawPixel
                0x00000000080011a8       0xbc ./Core/Src/ssd1306.o
                0x00000000080011a8                SSD1306_DrawPixel
 .text.SSD1306_GotoXY
                0x0000000008001264       0x2c ./Core/Src/ssd1306.o
                0x0000000008001264                SSD1306_GotoXY
 .text.SSD1306_Putc
                0x0000000008001290      0x100 ./Core/Src/ssd1306.o
                0x0000000008001290                SSD1306_Putc
 .text.SSD1306_Puts
                0x0000000008001390       0x4a ./Core/Src/ssd1306.o
                0x0000000008001390                SSD1306_Puts
 .text.SSD1306_Clear
                0x00000000080013da       0x12 ./Core/Src/ssd1306.o
                0x00000000080013da                SSD1306_Clear
 .text.ssd1306_I2C_Init
                0x00000000080013ec       0x28 ./Core/Src/ssd1306.o
                0x00000000080013ec                ssd1306_I2C_Init
 .text.ssd1306_I2C_WriteMulti
                0x0000000008001414       0xcc ./Core/Src/ssd1306.o
                0x0000000008001414                ssd1306_I2C_WriteMulti
 .text.ssd1306_I2C_Write
                0x00000000080014e0       0x3c ./Core/Src/ssd1306.o
                0x00000000080014e0                ssd1306_I2C_Write
 .text.HAL_MspInit
                0x000000000800151c       0x44 ./Core/Src/stm32f1xx_hal_msp.o
                0x000000000800151c                HAL_MspInit
 .text.HAL_I2C_MspInit
                0x0000000008001560       0x7c ./Core/Src/stm32f1xx_hal_msp.o
                0x0000000008001560                HAL_I2C_MspInit
 .text._getpid  0x00000000080015dc        0xe ./Core/Src/syscalls.o
                0x00000000080015dc                _getpid
 .text._kill    0x00000000080015ea       0x20 ./Core/Src/syscalls.o
                0x00000000080015ea                _kill
 .text._exit    0x000000000800160a       0x14 ./Core/Src/syscalls.o
                0x000000000800160a                _exit
 .text._read    0x000000000800161e       0x3a ./Core/Src/syscalls.o
                0x000000000800161e                _read
 .text._write   0x0000000008001658       0x38 ./Core/Src/syscalls.o
                0x0000000008001658                _write
 .text._close   0x0000000008001690       0x16 ./Core/Src/syscalls.o
                0x0000000008001690                _close
 .text._fstat   0x00000000080016a6       0x1e ./Core/Src/syscalls.o
                0x00000000080016a6                _fstat
 .text._isatty  0x00000000080016c4       0x14 ./Core/Src/syscalls.o
                0x00000000080016c4                _isatty
 .text._lseek   0x00000000080016d8       0x18 ./Core/Src/syscalls.o
                0x00000000080016d8                _lseek
 .text._sbrk    0x00000000080016f0       0x6c ./Core/Src/sysmem.o
                0x00000000080016f0                _sbrk
 .text.SystemInit
                0x000000000800175c        0xc ./Core/Src/system_stm32f1xx.o
                0x000000000800175c                SystemInit
 .text.xTaskCreate
                0x0000000008001768       0x8c ./Core/Src/tasks.o
                0x0000000008001768                xTaskCreate
 .text.prvInitialiseNewTask
                0x00000000080017f4       0xe0 ./Core/Src/tasks.o
 .text.prvAddNewTaskToReadyList
                0x00000000080018d4      0x12c ./Core/Src/tasks.o
 .text.vTaskStartScheduler
                0x0000000008001a00       0x78 ./Core/Src/tasks.o
                0x0000000008001a00                vTaskStartScheduler
 .text.vTaskSuspendAll
                0x0000000008001a78       0x1c ./Core/Src/tasks.o
                0x0000000008001a78                vTaskSuspendAll
 .text.xTaskResumeAll
                0x0000000008001a94      0x1d8 ./Core/Src/tasks.o
                0x0000000008001a94                xTaskResumeAll
 .text.xTaskIncrementTick
                0x0000000008001c6c      0x20c ./Core/Src/tasks.o
                0x0000000008001c6c                xTaskIncrementTick
 .text.vTaskSwitchContext
                0x0000000008001e78       0x8c ./Core/Src/tasks.o
                0x0000000008001e78                vTaskSwitchContext
 .text.vTaskPlaceOnEventList
                0x0000000008001f04       0x2c ./Core/Src/tasks.o
                0x0000000008001f04                vTaskPlaceOnEventList
 .text.xTaskRemoveFromEventList
                0x0000000008001f30      0x190 ./Core/Src/tasks.o
                0x0000000008001f30                xTaskRemoveFromEventList
 .text.vTaskInternalSetTimeOutState
                0x00000000080020c0       0x2c ./Core/Src/tasks.o
                0x00000000080020c0                vTaskInternalSetTimeOutState
 .text.xTaskCheckForTimeOut
                0x00000000080020ec       0x94 ./Core/Src/tasks.o
                0x00000000080020ec                xTaskCheckForTimeOut
 .text.vTaskMissedYield
                0x0000000008002180       0x18 ./Core/Src/tasks.o
                0x0000000008002180                vTaskMissedYield
 .text.prvIdleTask
                0x0000000008002198       0x30 ./Core/Src/tasks.o
 .text.prvInitialiseTaskLists
                0x00000000080021c8       0x80 ./Core/Src/tasks.o
 .text.prvCheckTasksWaitingTermination
                0x0000000008002248       0x5c ./Core/Src/tasks.o
 .text.prvDeleteTCB
                0x00000000080022a4       0x20 ./Core/Src/tasks.o
 .text.prvResetNextTaskUnblockTime
                0x00000000080022c4       0x34 ./Core/Src/tasks.o
 .text.xTaskPriorityDisinherit
                0x00000000080022f8      0x104 ./Core/Src/tasks.o
                0x00000000080022f8                xTaskPriorityDisinherit
 .text.prvAddCurrentTaskToDelayedList
                0x00000000080023fc      0x100 ./Core/Src/tasks.o
 .text.Reset_Handler
                0x00000000080024fc       0x48 ./Core/Startup/startup_stm32f103c8tx.o
                0x00000000080024fc                Reset_Handler
 .text.Default_Handler
                0x0000000008002544        0x2 ./Core/Startup/startup_stm32f103c8tx.o
                0x0000000008002544                RTC_Alarm_IRQHandler
                0x0000000008002544                EXTI2_IRQHandler
                0x0000000008002544                DebugMon_Handler
                0x0000000008002544                TIM1_CC_IRQHandler
                0x0000000008002544                HardFault_Handler
                0x0000000008002544                PVD_IRQHandler
                0x0000000008002544                NMI_Handler
                0x0000000008002544                EXTI3_IRQHandler
                0x0000000008002544                EXTI0_IRQHandler
                0x0000000008002544                I2C2_EV_IRQHandler
                0x0000000008002544                UsageFault_Handler
                0x0000000008002544                ADC1_2_IRQHandler
                0x0000000008002544                SPI1_IRQHandler
                0x0000000008002544                TAMPER_IRQHandler
                0x0000000008002544                DMA1_Channel4_IRQHandler
                0x0000000008002544                USART3_IRQHandler
                0x0000000008002544                RTC_IRQHandler
                0x0000000008002544                DMA1_Channel7_IRQHandler
                0x0000000008002544                CAN1_RX1_IRQHandler
                0x0000000008002544                TIM4_IRQHandler
                0x0000000008002544                I2C1_EV_IRQHandler
                0x0000000008002544                DMA1_Channel6_IRQHandler
                0x0000000008002544                TIM3_IRQHandler
                0x0000000008002544                RCC_IRQHandler
                0x0000000008002544                TIM1_TRG_COM_IRQHandler
                0x0000000008002544                DMA1_Channel1_IRQHandler
                0x0000000008002544                Default_Handler
                0x0000000008002544                EXTI15_10_IRQHandler
                0x0000000008002544                EXTI9_5_IRQHandler
                0x0000000008002544                SPI2_IRQHandler
                0x0000000008002544                MemManage_Handler
                0x0000000008002544                DMA1_Channel5_IRQHandler
                0x0000000008002544                EXTI4_IRQHandler
                0x0000000008002544                USB_LP_CAN1_RX0_IRQHandler
                0x0000000008002544                USB_HP_CAN1_TX_IRQHandler
                0x0000000008002544                DMA1_Channel3_IRQHandler
                0x0000000008002544                TIM1_UP_IRQHandler
                0x0000000008002544                WWDG_IRQHandler
                0x0000000008002544                TIM2_IRQHandler
                0x0000000008002544                TIM1_BRK_IRQHandler
                0x0000000008002544                EXTI1_IRQHandler
                0x0000000008002544                USART2_IRQHandler
                0x0000000008002544                I2C2_ER_IRQHandler
                0x0000000008002544                DMA1_Channel2_IRQHandler
                0x0000000008002544                CAN1_SCE_IRQHandler
                0x0000000008002544                FLASH_IRQHandler
                0x0000000008002544                BusFault_Handler
                0x0000000008002544                USART1_IRQHandler
                0x0000000008002544                I2C1_ER_IRQHandler
                0x0000000008002544                USBWakeUp_IRQHandler
 *fill*         0x0000000008002546        0x2 
 .text.HAL_Init
                0x0000000008002548       0x2c ./Drivers/STM32F1xx_HAL_Driver/Src/stm32f1xx_hal.o
                0x0000000008002548                HAL_Init
 .text.HAL_InitTick
                0x0000000008002574       0x60 ./Drivers/STM32F1xx_HAL_Driver/Src/stm32f1xx_hal.o
                0x0000000008002574                HAL_InitTick
 .text.HAL_GetTick
                0x00000000080025d4       0x14 ./Drivers/STM32F1xx_HAL_Driver/Src/stm32f1xx_hal.o
                0x00000000080025d4                HAL_GetTick
 .text.__NVIC_SetPriorityGrouping
                0x00000000080025e8       0x48 ./Drivers/STM32F1xx_HAL_Driver/Src/stm32f1xx_hal_cortex.o
 .text.__NVIC_GetPriorityGrouping
                0x0000000008002630       0x1c ./Drivers/STM32F1xx_HAL_Driver/Src/stm32f1xx_hal_cortex.o
 .text.__NVIC_SetPriority
                0x000000000800264c       0x54 ./Drivers/STM32F1xx_HAL_Driver/Src/stm32f1xx_hal_cortex.o
 .text.NVIC_EncodePriority
                0x00000000080026a0       0x64 ./Drivers/STM32F1xx_HAL_Driver/Src/stm32f1xx_hal_cortex.o
 .text.SysTick_Config
                0x0000000008002704       0x44 ./Drivers/STM32F1xx_HAL_Driver/Src/stm32f1xx_hal_cortex.o
 .text.HAL_NVIC_SetPriorityGrouping
                0x0000000008002748       0x16 ./Drivers/STM32F1xx_HAL_Driver/Src/stm32f1xx_hal_cortex.o
                0x0000000008002748                HAL_NVIC_SetPriorityGrouping
 .text.HAL_NVIC_SetPriority
                0x000000000800275e       0x38 ./Drivers/STM32F1xx_HAL_Driver/Src/stm32f1xx_hal_cortex.o
                0x000000000800275e                HAL_NVIC_SetPriority
 .text.HAL_SYSTICK_Config
                0x0000000008002796       0x18 ./Drivers/STM32F1xx_HAL_Driver/Src/stm32f1xx_hal_cortex.o
                0x0000000008002796                HAL_SYSTICK_Config
 *fill*         0x00000000080027ae        0x2 
 .text.HAL_GPIO_Init
                0x00000000080027b0      0x308 ./Drivers/STM32F1xx_HAL_Driver/Src/stm32f1xx_hal_gpio.o
                0x00000000080027b0                HAL_GPIO_Init
 .text.HAL_I2C_Init
                0x0000000008002ab8      0x288 ./Drivers/STM32F1xx_HAL_Driver/Src/stm32f1xx_hal_i2c.o
                0x0000000008002ab8                HAL_I2C_Init
 .text.HAL_I2C_Master_Transmit
                0x0000000008002d40      0x1fc ./Drivers/STM32F1xx_HAL_Driver/Src/stm32f1xx_hal_i2c.o
                0x0000000008002d40                HAL_I2C_Master_Transmit
 .text.HAL_I2C_IsDeviceReady
                0x0000000008002f3c      0x25c ./Drivers/STM32F1xx_HAL_Driver/Src/stm32f1xx_hal_i2c.o
                0x0000000008002f3c                HAL_I2C_IsDeviceReady
 .text.I2C_MasterRequestWrite
                0x0000000008003198      0x104 ./Drivers/STM32F1xx_HAL_Driver/Src/stm32f1xx_hal_i2c.o
 .text.I2C_WaitOnFlagUntilTimeout
                0x000000000800329c       0xf4 ./Drivers/STM32F1xx_HAL_Driver/Src/stm32f1xx_hal_i2c.o
 .text.I2C_WaitOnMasterAddressFlagUntilTimeout
                0x0000000008003390      0x140 ./Drivers/STM32F1xx_HAL_Driver/Src/stm32f1xx_hal_i2c.o
 .text.I2C_WaitOnTXEFlagUntilTimeout
                0x00000000080034d0       0x90 ./Drivers/STM32F1xx_HAL_Driver/Src/stm32f1xx_hal_i2c.o
 .text.I2C_WaitOnBTFFlagUntilTimeout
                0x0000000008003560       0x90 ./Drivers/STM32F1xx_HAL_Driver/Src/stm32f1xx_hal_i2c.o
 .text.I2C_IsAcknowledgeFailed
                0x00000000080035f0       0x5c ./Drivers/STM32F1xx_HAL_Driver/Src/stm32f1xx_hal_i2c.o
 .text.HAL_RCC_OscConfig
                0x000000000800364c      0x504 ./Drivers/STM32F1xx_HAL_Driver/Src/stm32f1xx_hal_rcc.o
                0x000000000800364c                HAL_RCC_OscConfig
 .text.HAL_RCC_ClockConfig
                0x0000000008003b50      0x1d4 ./Drivers/STM32F1xx_HAL_Driver/Src/stm32f1xx_hal_rcc.o
                0x0000000008003b50                HAL_RCC_ClockConfig
 .text.HAL_RCC_GetSysClockFreq
                0x0000000008003d24       0xa8 ./Drivers/STM32F1xx_HAL_Driver/Src/stm32f1xx_hal_rcc.o
                0x0000000008003d24                HAL_RCC_GetSysClockFreq
 .text.HAL_RCC_GetHCLKFreq
                0x0000000008003dcc       0x14 ./Drivers/STM32F1xx_HAL_Driver/Src/stm32f1xx_hal_rcc.o
                0x0000000008003dcc                HAL_RCC_GetHCLKFreq
 .text.HAL_RCC_GetPCLK1Freq
                0x0000000008003de0       0x28 ./Drivers/STM32F1xx_HAL_Driver/Src/stm32f1xx_hal_rcc.o
                0x0000000008003de0                HAL_RCC_GetPCLK1Freq
 .text.RCC_Delay
                0x0000000008003e08       0x3c ./Drivers/STM32F1xx_HAL_Driver/Src/stm32f1xx_hal_rcc.o
 .text.rand     0x0000000008003e44       0x7c /opt/st/stm32cubeide_1.13.2/plugins/com.st.stm32cube.ide.mcu.externaltools.gnu-tools-for-stm32.11.3.rel1.linux64_1.1.1.202309131626/tools/bin/../lib/gcc/arm-none-eabi/11.3.1/../../../../arm-none-eabi/lib/thumb/v7-m/nofp/libc_nano.a(libc_a-rand.o)
                0x0000000008003e44                rand
 .text.std      0x0000000008003ec0       0x6c /opt/st/stm32cubeide_1.13.2/plugins/com.st.stm32cube.ide.mcu.externaltools.gnu-tools-for-stm32.11.3.rel1.linux64_1.1.1.202309131626/tools/bin/../lib/gcc/arm-none-eabi/11.3.1/../../../../arm-none-eabi/lib/thumb/v7-m/nofp/libc_nano.a(libc_a-findfp.o)
 .text.stdio_exit_handler
                0x0000000008003f2c       0x18 /opt/st/stm32cubeide_1.13.2/plugins/com.st.stm32cube.ide.mcu.externaltools.gnu-tools-for-stm32.11.3.rel1.linux64_1.1.1.202309131626/tools/bin/../lib/gcc/arm-none-eabi/11.3.1/../../../../arm-none-eabi/lib/thumb/v7-m/nofp/libc_nano.a(libc_a-findfp.o)
 .text.cleanup_stdio
                0x0000000008003f44       0x40 /opt/st/stm32cubeide_1.13.2/plugins/com.st.stm32cube.ide.mcu.externaltools.gnu-tools-for-stm32.11.3.rel1.linux64_1.1.1.202309131626/tools/bin/../lib/gcc/arm-none-eabi/11.3.1/../../../../arm-none-eabi/lib/thumb/v7-m/nofp/libc_nano.a(libc_a-findfp.o)
 .text.global_stdio_init.part.0
                0x0000000008003f84       0x3c /opt/st/stm32cubeide_1.13.2/plugins/com.st.stm32cube.ide.mcu.externaltools.gnu-tools-for-stm32.11.3.rel1.linux64_1.1.1.202309131626/tools/bin/../lib/gcc/arm-none-eabi/11.3.1/../../../../arm-none-eabi/lib/thumb/v7-m/nofp/libc_nano.a(libc_a-findfp.o)
 .text.__sfp_lock_acquire
                0x0000000008003fc0        0xc /opt/st/stm32cubeide_1.13.2/plugins/com.st.stm32cube.ide.mcu.externaltools.gnu-tools-for-stm32.11.3.rel1.linux64_1.1.1.202309131626/tools/bin/../lib/gcc/arm-none-eabi/11.3.1/../../../../arm-none-eabi/lib/thumb/v7-m/nofp/libc_nano.a(libc_a-findfp.o)
                0x0000000008003fc0                __sfp_lock_acquire
 .text.__sfp_lock_release
                0x0000000008003fcc        0xc /opt/st/stm32cubeide_1.13.2/plugins/com.st.stm32cube.ide.mcu.externaltools.gnu-tools-for-stm32.11.3.rel1.linux64_1.1.1.202309131626/tools/bin/../lib/gcc/arm-none-eabi/11.3.1/../../../../arm-none-eabi/lib/thumb/v7-m/nofp/libc_nano.a(libc_a-findfp.o)
                0x0000000008003fcc                __sfp_lock_release
 .text.__sinit  0x0000000008003fd8       0x30 /opt/st/stm32cubeide_1.13.2/plugins/com.st.stm32cube.ide.mcu.externaltools.gnu-tools-for-stm32.11.3.rel1.linux64_1.1.1.202309131626/tools/bin/../lib/gcc/arm-none-eabi/11.3.1/../../../../arm-none-eabi/lib/thumb/v7-m/nofp/libc_nano.a(libc_a-findfp.o)
                0x0000000008003fd8                __sinit
 .text._fwalk_sglue
                0x0000000008004008       0x3c /opt/st/stm32cubeide_1.13.2/plugins/com.st.stm32cube.ide.mcu.externaltools.gnu-tools-for-stm32.11.3.rel1.linux64_1.1.1.202309131626/tools/bin/../lib/gcc/arm-none-eabi/11.3.1/../../../../arm-none-eabi/lib/thumb/v7-m/nofp/libc_nano.a(libc_a-fwalk.o)
                0x0000000008004008                _fwalk_sglue
 .text.__sread  0x0000000008004044       0x22 /opt/st/stm32cubeide_1.13.2/plugins/com.st.stm32cube.ide.mcu.externaltools.gnu-tools-for-stm32.11.3.rel1.linux64_1.1.1.202309131626/tools/bin/../lib/gcc/arm-none-eabi/11.3.1/../../../../arm-none-eabi/lib/thumb/v7-m/nofp/libc_nano.a(libc_a-stdio.o)
                0x0000000008004044                __sread
 .text.__swrite
                0x0000000008004066       0x38 /opt/st/stm32cubeide_1.13.2/plugins/com.st.stm32cube.ide.mcu.externaltools.gnu-tools-for-stm32.11.3.rel1.linux64_1.1.1.202309131626/tools/bin/../lib/gcc/arm-none-eabi/11.3.1/../../../../arm-none-eabi/lib/thumb/v7-m/nofp/libc_nano.a(libc_a-stdio.o)
                0x0000000008004066                __swrite
 .text.__sseek  0x000000000800409e       0x24 /opt/st/stm32cubeide_1.13.2/plugins/com.st.stm32cube.ide.mcu.externaltools.gnu-tools-for-stm32.11.3.rel1.linux64_1.1.1.202309131626/tools/bin/../lib/gcc/arm-none-eabi/11.3.1/../../../../arm-none-eabi/lib/thumb/v7-m/nofp/libc_nano.a(libc_a-stdio.o)
                0x000000000800409e                __sseek
 .text.__sclose
                0x00000000080040c2        0x8 /opt/st/stm32cubeide_1.13.2/plugins/com.st.stm32cube.ide.mcu.externaltools.gnu-tools-for-stm32.11.3.rel1.linux64_1.1.1.202309131626/tools/bin/../lib/gcc/arm-none-eabi/11.3.1/../../../../arm-none-eabi/lib/thumb/v7-m/nofp/libc_nano.a(libc_a-stdio.o)
                0x00000000080040c2                __sclose
 .text.memset   0x00000000080040ca       0x10 /opt/st/stm32cubeide_1.13.2/plugins/com.st.stm32cube.ide.mcu.externaltools.gnu-tools-for-stm32.11.3.rel1.linux64_1.1.1.202309131626/tools/bin/../lib/gcc/arm-none-eabi/11.3.1/../../../../arm-none-eabi/lib/thumb/v7-m/nofp/libc_nano.a(libc_a-memset.o)
                0x00000000080040ca                memset
 *fill*         0x00000000080040da        0x2 
 .text._close_r
                0x00000000080040dc       0x20 /opt/st/stm32cubeide_1.13.2/plugins/com.st.stm32cube.ide.mcu.externaltools.gnu-tools-for-stm32.11.3.rel1.linux64_1.1.1.202309131626/tools/bin/../lib/gcc/arm-none-eabi/11.3.1/../../../../arm-none-eabi/lib/thumb/v7-m/nofp/libc_nano.a(libc_a-closer.o)
                0x00000000080040dc                _close_r
 .text._lseek_r
                0x00000000080040fc       0x24 /opt/st/stm32cubeide_1.13.2/plugins/com.st.stm32cube.ide.mcu.externaltools.gnu-tools-for-stm32.11.3.rel1.linux64_1.1.1.202309131626/tools/bin/../lib/gcc/arm-none-eabi/11.3.1/../../../../arm-none-eabi/lib/thumb/v7-m/nofp/libc_nano.a(libc_a-lseekr.o)
                0x00000000080040fc                _lseek_r
 .text._read_r  0x0000000008004120       0x24 /opt/st/stm32cubeide_1.13.2/plugins/com.st.stm32cube.ide.mcu.externaltools.gnu-tools-for-stm32.11.3.rel1.linux64_1.1.1.202309131626/tools/bin/../lib/gcc/arm-none-eabi/11.3.1/../../../../arm-none-eabi/lib/thumb/v7-m/nofp/libc_nano.a(libc_a-readr.o)
                0x0000000008004120                _read_r
 .text._write_r
                0x0000000008004144       0x24 /opt/st/stm32cubeide_1.13.2/plugins/com.st.stm32cube.ide.mcu.externaltools.gnu-tools-for-stm32.11.3.rel1.linux64_1.1.1.202309131626/tools/bin/../lib/gcc/arm-none-eabi/11.3.1/../../../../arm-none-eabi/lib/thumb/v7-m/nofp/libc_nano.a(libc_a-writer.o)
                0x0000000008004144                _write_r
 .text.__errno  0x0000000008004168        0xc /opt/st/stm32cubeide_1.13.2/plugins/com.st.stm32cube.ide.mcu.externaltools.gnu-tools-for-stm32.11.3.rel1.linux64_1.1.1.202309131626/tools/bin/../lib/gcc/arm-none-eabi/11.3.1/../../../../arm-none-eabi/lib/thumb/v7-m/nofp/libc_nano.a(libc_a-errno.o)
                0x0000000008004168                __errno
 .text.__libc_init_array
                0x0000000008004174       0x48 /opt/st/stm32cubeide_1.13.2/plugins/com.st.stm32cube.ide.mcu.externaltools.gnu-tools-for-stm32.11.3.rel1.linux64_1.1.1.202309131626/tools/bin/../lib/gcc/arm-none-eabi/11.3.1/../../../../arm-none-eabi/lib/thumb/v7-m/nofp/libc_nano.a(libc_a-init.o)
                0x0000000008004174                __libc_init_array
 .text.__retarget_lock_init_recursive
                0x00000000080041bc        0x2 /opt/st/stm32cubeide_1.13.2/plugins/com.st.stm32cube.ide.mcu.externaltools.gnu-tools-for-stm32.11.3.rel1.linux64_1.1.1.202309131626/tools/bin/../lib/gcc/arm-none-eabi/11.3.1/../../../../arm-none-eabi/lib/thumb/v7-m/nofp/libc_nano.a(libc_a-lock.o)
                0x00000000080041bc                __retarget_lock_init_recursive
 .text.__retarget_lock_acquire_recursive
                0x00000000080041be        0x2 /opt/st/stm32cubeide_1.13.2/plugins/com.st.stm32cube.ide.mcu.externaltools.gnu-tools-for-stm32.11.3.rel1.linux64_1.1.1.202309131626/tools/bin/../lib/gcc/arm-none-eabi/11.3.1/../../../../arm-none-eabi/lib/thumb/v7-m/nofp/libc_nano.a(libc_a-lock.o)
                0x00000000080041be                __retarget_lock_acquire_recursive
 .text.__retarget_lock_release_recursive
                0x00000000080041c0        0x2 /opt/st/stm32cubeide_1.13.2/plugins/com.st.stm32cube.ide.mcu.externaltools.gnu-tools-for-stm32.11.3.rel1.linux64_1.1.1.202309131626/tools/bin/../lib/gcc/arm-none-eabi/11.3.1/../../../../arm-none-eabi/lib/thumb/v7-m/nofp/libc_nano.a(libc_a-lock.o)
                0x00000000080041c0                __retarget_lock_release_recursive
 .text.memcpy   0x00000000080041c2       0x1c /opt/st/stm32cubeide_1.13.2/plugins/com.st.stm32cube.ide.mcu.externaltools.gnu-tools-for-stm32.11.3.rel1.linux64_1.1.1.202309131626/tools/bin/../lib/gcc/arm-none-eabi/11.3.1/../../../../arm-none-eabi/lib/thumb/v7-m/nofp/libc_nano.a(libc_a-memcpy-stub.o)
                0x00000000080041c2                memcpy
 *fill*         0x00000000080041de        0x2 
 .text.__assert_func
                0x00000000080041e0       0x3c /opt/st/stm32cubeide_1.13.2/plugins/com.st.stm32cube.ide.mcu.externaltools.gnu-tools-for-stm32.11.3.rel1.linux64_1.1.1.202309131626/tools/bin/../lib/gcc/arm-none-eabi/11.3.1/../../../../arm-none-eabi/lib/thumb/v7-m/nofp/libc_nano.a(libc_a-assert.o)
                0x00000000080041e0                __assert_func
 .text._free_r  0x000000000800421c       0x90 /opt/st/stm32cubeide_1.13.2/plugins/com.st.stm32cube.ide.mcu.externaltools.gnu-tools-for-stm32.11.3.rel1.linux64_1.1.1.202309131626/tools/bin/../lib/gcc/arm-none-eabi/11.3.1/../../../../arm-none-eabi/lib/thumb/v7-m/nofp/libc_nano.a(libc_a-freer.o)
                0x000000000800421c                _free_r
 .text.malloc   0x00000000080042ac       0x10 /opt/st/stm32cubeide_1.13.2/plugins/com.st.stm32cube.ide.mcu.externaltools.gnu-tools-for-stm32.11.3.rel1.linux64_1.1.1.202309131626/tools/bin/../lib/gcc/arm-none-eabi/11.3.1/../../../../arm-none-eabi/lib/thumb/v7-m/nofp/libc_nano.a(libc_a-malloc.o)
                0x00000000080042ac                malloc
 .text.sbrk_aligned
                0x00000000080042bc       0x40 /opt/st/stm32cubeide_1.13.2/plugins/com.st.stm32cube.ide.mcu.externaltools.gnu-tools-for-stm32.11.3.rel1.linux64_1.1.1.202309131626/tools/bin/../lib/gcc/arm-none-eabi/11.3.1/../../../../arm-none-eabi/lib/thumb/v7-m/nofp/libc_nano.a(libc_a-mallocr.o)
 .text._malloc_r
                0x00000000080042fc      0x100 /opt/st/stm32cubeide_1.13.2/plugins/com.st.stm32cube.ide.mcu.externaltools.gnu-tools-for-stm32.11.3.rel1.linux64_1.1.1.202309131626/tools/bin/../lib/gcc/arm-none-eabi/11.3.1/../../../../arm-none-eabi/lib/thumb/v7-m/nofp/libc_nano.a(libc_a-mallocr.o)
                0x00000000080042fc                _malloc_r
 .text.__malloc_lock
                0x00000000080043fc        0xc /opt/st/stm32cubeide_1.13.2/plugins/com.st.stm32cube.ide.mcu.externaltools.gnu-tools-for-stm32.11.3.rel1.linux64_1.1.1.202309131626/tools/bin/../lib/gcc/arm-none-eabi/11.3.1/../../../../arm-none-eabi/lib/thumb/v7-m/nofp/libc_nano.a(libc_a-mlock.o)
                0x00000000080043fc                __malloc_lock
 .text.__malloc_unlock
                0x0000000008004408        0xc /opt/st/stm32cubeide_1.13.2/plugins/com.st.stm32cube.ide.mcu.externaltools.gnu-tools-for-stm32.11.3.rel1.linux64_1.1.1.202309131626/tools/bin/../lib/gcc/arm-none-eabi/11.3.1/../../../../arm-none-eabi/lib/thumb/v7-m/nofp/libc_nano.a(libc_a-mlock.o)
                0x0000000008004408                __malloc_unlock
 .text.__sflush_r
                0x0000000008004414      0x104 /opt/st/stm32cubeide_1.13.2/plugins/com.st.stm32cube.ide.mcu.externaltools.gnu-tools-for-stm32.11.3.rel1.linux64_1.1.1.202309131626/tools/bin/../lib/gcc/arm-none-eabi/11.3.1/../../../../arm-none-eabi/lib/thumb/v7-m/nofp/libc_nano.a(libc_a-fflush.o)
                0x0000000008004414                __sflush_r
 .text._fflush_r
                0x0000000008004518       0x50 /opt/st/stm32cubeide_1.13.2/plugins/com.st.stm32cube.ide.mcu.externaltools.gnu-tools-for-stm32.11.3.rel1.linux64_1.1.1.202309131626/tools/bin/../lib/gcc/arm-none-eabi/11.3.1/../../../../arm-none-eabi/lib/thumb/v7-m/nofp/libc_nano.a(libc_a-fflush.o)
                0x0000000008004518                _fflush_r
 .text.fprintf  0x0000000008004568       0x24 /opt/st/stm32cubeide_1.13.2/plugins/com.st.stm32cube.ide.mcu.externaltools.gnu-tools-for-stm32.11.3.rel1.linux64_1.1.1.202309131626/tools/bin/../lib/gcc/arm-none-eabi/11.3.1/../../../../arm-none-eabi/lib/thumb/v7-m/nofp/libc_nano.a(libc_a-fprintf.o)
                0x0000000008004568                fprintf
                0x0000000008004568                fiprintf
 .text._sbrk_r  0x000000000800458c       0x20 /opt/st/stm32cubeide_1.13.2/plugins/com.st.stm32cube.ide.mcu.externaltools.gnu-tools-for-stm32.11.3.rel1.linux64_1.1.1.202309131626/tools/bin/../lib/gcc/arm-none-eabi/11.3.1/../../../../arm-none-eabi/lib/thumb/v7-m/nofp/libc_nano.a(libc_a-sbrkr.o)
                0x000000000800458c                _sbrk_r
 .text.abort    0x00000000080045ac        0xe /opt/st/stm32cubeide_1.13.2/plugins/com.st.stm32cube.ide.mcu.externaltools.gnu-tools-for-stm32.11.3.rel1.linux64_1.1.1.202309131626/tools/bin/../lib/gcc/arm-none-eabi/11.3.1/../../../../arm-none-eabi/lib/thumb/v7-m/nofp/libc_nano.a(libc_a-abort.o)
                0x00000000080045ac                abort
 .text.__sfputc_r
                0x00000000080045ba       0x2a /opt/st/stm32cubeide_1.13.2/plugins/com.st.stm32cube.ide.mcu.externaltools.gnu-tools-for-stm32.11.3.rel1.linux64_1.1.1.202309131626/tools/bin/../lib/gcc/arm-none-eabi/11.3.1/../../../../arm-none-eabi/lib/thumb/v7-m/nofp/libc_nano.a(libc_a-nano-vfprintf.o)
 .text.__sfputs_r
                0x00000000080045e4       0x24 /opt/st/stm32cubeide_1.13.2/plugins/com.st.stm32cube.ide.mcu.externaltools.gnu-tools-for-stm32.11.3.rel1.linux64_1.1.1.202309131626/tools/bin/../lib/gcc/arm-none-eabi/11.3.1/../../../../arm-none-eabi/lib/thumb/v7-m/nofp/libc_nano.a(libc_a-nano-vfprintf.o)
                0x00000000080045e4                __sfputs_r
 .text._vfprintf_r
                0x0000000008004608      0x234 /opt/st/stm32cubeide_1.13.2/plugins/com.st.stm32cube.ide.mcu.externaltools.gnu-tools-for-stm32.11.3.rel1.linux64_1.1.1.202309131626/tools/bin/../lib/gcc/arm-none-eabi/11.3.1/../../../../arm-none-eabi/lib/thumb/v7-m/nofp/libc_nano.a(libc_a-nano-vfprintf.o)
                0x0000000008004608                _vfiprintf_r
                0x0000000008004608                _vfprintf_r
 .text._printf_common
                0x000000000800483c       0xe4 /opt/st/stm32cubeide_1.13.2/plugins/com.st.stm32cube.ide.mcu.externaltools.gnu-tools-for-stm32.11.3.rel1.linux64_1.1.1.202309131626/tools/bin/../lib/gcc/arm-none-eabi/11.3.1/../../../../arm-none-eabi/lib/thumb/v7-m/nofp/libc_nano.a(libc_a-nano-vfprintf_i.o)
                0x000000000800483c                _printf_common
 .text._printf_i
                0x0000000008004920      0x244 /opt/st/stm32cubeide_1.13.2/plugins/com.st.stm32cube.ide.mcu.externaltools.gnu-tools-for-stm32.11.3.rel1.linux64_1.1.1.202309131626/tools/bin/../lib/gcc/arm-none-eabi/11.3.1/../../../../arm-none-eabi/lib/thumb/v7-m/nofp/libc_nano.a(libc_a-nano-vfprintf_i.o)
                0x0000000008004920                _printf_i
 .text.__swbuf_r
                0x0000000008004b64       0x7a /opt/st/stm32cubeide_1.13.2/plugins/com.st.stm32cube.ide.mcu.externaltools.gnu-tools-for-stm32.11.3.rel1.linux64_1.1.1.202309131626/tools/bin/../lib/gcc/arm-none-eabi/11.3.1/../../../../arm-none-eabi/lib/thumb/v7-m/nofp/libc_nano.a(libc_a-wbuf.o)
                0x0000000008004b64                __swbuf_r
 *fill*         0x0000000008004bde        0x2 
 .text.__swsetup_r
                0x0000000008004be0       0xb0 /opt/st/stm32cubeide_1.13.2/plugins/com.st.stm32cube.ide.mcu.externaltools.gnu-tools-for-stm32.11.3.rel1.linux64_1.1.1.202309131626/tools/bin/../lib/gcc/arm-none-eabi/11.3.1/../../../../arm-none-eabi/lib/thumb/v7-m/nofp/libc_nano.a(libc_a-wsetup.o)
                0x0000000008004be0                __swsetup_r
 .text._raise_r
                0x0000000008004c90       0x50 /opt/st/stm32cubeide_1.13.2/plugins/com.st.stm32cube.ide.mcu.externaltools.gnu-tools-for-stm32.11.3.rel1.linux64_1.1.1.202309131626/tools/bin/../lib/gcc/arm-none-eabi/11.3.1/../../../../arm-none-eabi/lib/thumb/v7-m/nofp/libc_nano.a(libc_a-signal.o)
                0x0000000008004c90                _raise_r
 .text.raise    0x0000000008004ce0       0x10 /opt/st/stm32cubeide_1.13.2/plugins/com.st.stm32cube.ide.mcu.externaltools.gnu-tools-for-stm32.11.3.rel1.linux64_1.1.1.202309131626/tools/bin/../lib/gcc/arm-none-eabi/11.3.1/../../../../arm-none-eabi/lib/thumb/v7-m/nofp/libc_nano.a(libc_a-signal.o)
                0x0000000008004ce0                raise
 .text._kill_r  0x0000000008004cf0       0x24 /opt/st/stm32cubeide_1.13.2/plugins/com.st.stm32cube.ide.mcu.externaltools.gnu-tools-for-stm32.11.3.rel1.linux64_1.1.1.202309131626/tools/bin/../lib/gcc/arm-none-eabi/11.3.1/../../../../arm-none-eabi/lib/thumb/v7-m/nofp/libc_nano.a(libc_a-signalr.o)
                0x0000000008004cf0                _kill_r
 .text._getpid_r
                0x0000000008004d14        0x4 /opt/st/stm32cubeide_1.13.2/plugins/com.st.stm32cube.ide.mcu.externaltools.gnu-tools-for-stm32.11.3.rel1.linux64_1.1.1.202309131626/tools/bin/../lib/gcc/arm-none-eabi/11.3.1/../../../../arm-none-eabi/lib/thumb/v7-m/nofp/libc_nano.a(libc_a-signalr.o)
                0x0000000008004d14                _getpid_r
 .text.memchr   0x0000000008004d18       0x1c /opt/st/stm32cubeide_1.13.2/plugins/com.st.stm32cube.ide.mcu.externaltools.gnu-tools-for-stm32.11.3.rel1.linux64_1.1.1.202309131626/tools/bin/../lib/gcc/arm-none-eabi/11.3.1/../../../../arm-none-eabi/lib/thumb/v7-m/nofp/libc_nano.a(libc_a-memchr-stub.o)
                0x0000000008004d18                memchr
 .text.__swhatbuf_r
                0x0000000008004d34       0x4a /opt/st/stm32cubeide_1.13.2/plugins/com.st.stm32cube.ide.mcu.externaltools.gnu-tools-for-stm32.11.3.rel1.linux64_1.1.1.202309131626/tools/bin/../lib/gcc/arm-none-eabi/11.3.1/../../../../arm-none-eabi/lib/thumb/v7-m/nofp/libc_nano.a(libc_a-makebuf.o)
                0x0000000008004d34                __swhatbuf_r
 .text.__smakebuf_r
                0x0000000008004d7e       0x78 /opt/st/stm32cubeide_1.13.2/plugins/com.st.stm32cube.ide.mcu.externaltools.gnu-tools-for-stm32.11.3.rel1.linux64_1.1.1.202309131626/tools/bin/../lib/gcc/arm-none-eabi/11.3.1/../../../../arm-none-eabi/lib/thumb/v7-m/nofp/libc_nano.a(libc_a-makebuf.o)
                0x0000000008004d7e                __smakebuf_r
 *fill*         0x0000000008004df6        0x2 
 .text._fstat_r
                0x0000000008004df8       0x24 /opt/st/stm32cubeide_1.13.2/plugins/com.st.stm32cube.ide.mcu.externaltools.gnu-tools-for-stm32.11.3.rel1.linux64_1.1.1.202309131626/tools/bin/../lib/gcc/arm-none-eabi/11.3.1/../../../../arm-none-eabi/lib/thumb/v7-m/nofp/libc_nano.a(libc_a-fstatr.o)
                0x0000000008004df8                _fstat_r
 .text._isatty_r
                0x0000000008004e1c       0x20 /opt/st/stm32cubeide_1.13.2/plugins/com.st.stm32cube.ide.mcu.externaltools.gnu-tools-for-stm32.11.3.rel1.linux64_1.1.1.202309131626/tools/bin/../lib/gcc/arm-none-eabi/11.3.1/../../../../arm-none-eabi/lib/thumb/v7-m/nofp/libc_nano.a(libc_a-isattyr.o)
                0x0000000008004e1c                _isatty_r
 *(.glue_7)
 .glue_7        0x0000000008004e3c        0x0 linker stubs
 *(.glue_7t)
 .glue_7t       0x0000000008004e3c        0x0 linker stubs
 *(.eh_frame)
 .eh_frame      0x0000000008004e3c        0x0 /opt/st/stm32cubeide_1.13.2/plugins/com.st.stm32cube.ide.mcu.externaltools.gnu-tools-for-stm32.11.3.rel1.linux64_1.1.1.202309131626/tools/bin/../lib/gcc/arm-none-eabi/11.3.1/thumb/v7-m/nofp/crtbegin.o
 *(.init)
 .init          0x0000000008004e3c        0x4 /opt/st/stm32cubeide_1.13.2/plugins/com.st.stm32cube.ide.mcu.externaltools.gnu-tools-for-stm32.11.3.rel1.linux64_1.1.1.202309131626/tools/bin/../lib/gcc/arm-none-eabi/11.3.1/thumb/v7-m/nofp/crti.o
                0x0000000008004e3c                _init
 .init          0x0000000008004e40        0x8 /opt/st/stm32cubeide_1.13.2/plugins/com.st.stm32cube.ide.mcu.externaltools.gnu-tools-for-stm32.11.3.rel1.linux64_1.1.1.202309131626/tools/bin/../lib/gcc/arm-none-eabi/11.3.1/thumb/v7-m/nofp/crtn.o
 *(.fini)
 .fini          0x0000000008004e48        0x4 /opt/st/stm32cubeide_1.13.2/plugins/com.st.stm32cube.ide.mcu.externaltools.gnu-tools-for-stm32.11.3.rel1.linux64_1.1.1.202309131626/tools/bin/../lib/gcc/arm-none-eabi/11.3.1/thumb/v7-m/nofp/crti.o
                0x0000000008004e48                _fini
 .fini          0x0000000008004e4c        0x8 /opt/st/stm32cubeide_1.13.2/plugins/com.st.stm32cube.ide.mcu.externaltools.gnu-tools-for-stm32.11.3.rel1.linux64_1.1.1.202309131626/tools/bin/../lib/gcc/arm-none-eabi/11.3.1/thumb/v7-m/nofp/crtn.o
                0x0000000008004e54                . = ALIGN (0x4)
                0x0000000008004e54                _etext = .

.vfp11_veneer   0x0000000008004e54        0x0
 .vfp11_veneer  0x0000000008004e54        0x0 linker stubs

.v4_bx          0x0000000008004e54        0x0
 .v4_bx         0x0000000008004e54        0x0 linker stubs

.iplt           0x0000000008004e54        0x0
 .iplt          0x0000000008004e54        0x0 /opt/st/stm32cubeide_1.13.2/plugins/com.st.stm32cube.ide.mcu.externaltools.gnu-tools-for-stm32.11.3.rel1.linux64_1.1.1.202309131626/tools/bin/../lib/gcc/arm-none-eabi/11.3.1/thumb/v7-m/nofp/crtbegin.o

.rodata         0x0000000008004e54      0xeac
                0x0000000008004e54                . = ALIGN (0x4)
 *(.rodata)
 .rodata        0x0000000008004e54       0x3e ./Core/Src/main.o
 *fill*         0x0000000008004e92        0x2 
 .rodata        0x0000000008004e94        0x5 ./Core/Src/tasks.o
 *(.rodata*)
 *fill*         0x0000000008004e99        0x3 
 .rodata.Font11x18
                0x0000000008004e9c      0xd5c ./Core/Src/fonts.o
                0x0000000008004e9c                Font11x18
 .rodata.AHBPrescTable
                0x0000000008005bf8       0x10 ./Core/Src/system_stm32f1xx.o
                0x0000000008005bf8                AHBPrescTable
 .rodata.APBPrescTable
                0x0000000008005c08        0x8 ./Core/Src/system_stm32f1xx.o
                0x0000000008005c08                APBPrescTable
 .rodata.aPLLMULFactorTable.1
                0x0000000008005c10       0x10 ./Drivers/STM32F1xx_HAL_Driver/Src/stm32f1xx_hal_rcc.o
 .rodata.aPredivFactorTable.0
                0x0000000008005c20        0x2 ./Drivers/STM32F1xx_HAL_Driver/Src/stm32f1xx_hal_rcc.o
 .rodata.srand.str1.1
                0x0000000008005c22       0x6f /opt/st/stm32cubeide_1.13.2/plugins/com.st.stm32cube.ide.mcu.externaltools.gnu-tools-for-stm32.11.3.rel1.linux64_1.1.1.202309131626/tools/bin/../lib/gcc/arm-none-eabi/11.3.1/../../../../arm-none-eabi/lib/thumb/v7-m/nofp/libc_nano.a(libc_a-rand.o)
 .rodata.__assert_func.str1.1
                0x0000000008005c91       0x3c /opt/st/stm32cubeide_1.13.2/plugins/com.st.stm32cube.ide.mcu.externaltools.gnu-tools-for-stm32.11.3.rel1.linux64_1.1.1.202309131626/tools/bin/../lib/gcc/arm-none-eabi/11.3.1/../../../../arm-none-eabi/lib/thumb/v7-m/nofp/libc_nano.a(libc_a-assert.o)
                                         0x3d (size before relaxing)
 .rodata._vfprintf_r.str1.1
                0x0000000008005ccd       0x11 /opt/st/stm32cubeide_1.13.2/plugins/com.st.stm32cube.ide.mcu.externaltools.gnu-tools-for-stm32.11.3.rel1.linux64_1.1.1.202309131626/tools/bin/../lib/gcc/arm-none-eabi/11.3.1/../../../../arm-none-eabi/lib/thumb/v7-m/nofp/libc_nano.a(libc_a-nano-vfprintf.o)
 .rodata._printf_i.str1.1
                0x0000000008005cde       0x22 /opt/st/stm32cubeide_1.13.2/plugins/com.st.stm32cube.ide.mcu.externaltools.gnu-tools-for-stm32.11.3.rel1.linux64_1.1.1.202309131626/tools/bin/../lib/gcc/arm-none-eabi/11.3.1/../../../../arm-none-eabi/lib/thumb/v7-m/nofp/libc_nano.a(libc_a-nano-vfprintf_i.o)
                0x0000000008005d00                . = ALIGN (0x4)

.rel.dyn        0x0000000008005d00        0x0
 .rel.iplt      0x0000000008005d00        0x0 /opt/st/stm32cubeide_1.13.2/plugins/com.st.stm32cube.ide.mcu.externaltools.gnu-tools-for-stm32.11.3.rel1.linux64_1.1.1.202309131626/tools/bin/../lib/gcc/arm-none-eabi/11.3.1/thumb/v7-m/nofp/crtbegin.o

.ARM.extab      0x0000000008005d00        0x0
                0x0000000008005d00                . = ALIGN (0x4)
 *(.ARM.extab* .gnu.linkonce.armextab.*)
                0x0000000008005d00                . = ALIGN (0x4)

.ARM            0x0000000008005d00        0x0
                0x0000000008005d00                . = ALIGN (0x4)
                0x0000000008005d00                __exidx_start = .
 *(.ARM.exidx*)
                0x0000000008005d00                __exidx_end = .
                0x0000000008005d00                . = ALIGN (0x4)

.preinit_array  0x0000000008005d00        0x0
                0x0000000008005d00                . = ALIGN (0x4)
                0x0000000008005d00                PROVIDE (__preinit_array_start = .)
 *(.preinit_array*)
                0x0000000008005d00                PROVIDE (__preinit_array_end = .)
                0x0000000008005d00                . = ALIGN (0x4)

.init_array     0x0000000008005d00        0x4
                0x0000000008005d00                . = ALIGN (0x4)
                0x0000000008005d00                PROVIDE (__init_array_start = .)
 *(SORT_BY_NAME(.init_array.*))
 *(.init_array*)
 .init_array    0x0000000008005d00        0x4 /opt/st/stm32cubeide_1.13.2/plugins/com.st.stm32cube.ide.mcu.externaltools.gnu-tools-for-stm32.11.3.rel1.linux64_1.1.1.202309131626/tools/bin/../lib/gcc/arm-none-eabi/11.3.1/thumb/v7-m/nofp/crtbegin.o
                0x0000000008005d04                PROVIDE (__init_array_end = .)
                0x0000000008005d04                . = ALIGN (0x4)

.fini_array     0x0000000008005d04        0x4
                0x0000000008005d04                . = ALIGN (0x4)
                [!provide]                        PROVIDE (__fini_array_start = .)
 *(SORT_BY_NAME(.fini_array.*))
 *(.fini_array*)
 .fini_array    0x0000000008005d04        0x4 /opt/st/stm32cubeide_1.13.2/plugins/com.st.stm32cube.ide.mcu.externaltools.gnu-tools-for-stm32.11.3.rel1.linux64_1.1.1.202309131626/tools/bin/../lib/gcc/arm-none-eabi/11.3.1/thumb/v7-m/nofp/crtbegin.o
                [!provide]                        PROVIDE (__fini_array_end = .)
                0x0000000008005d08                . = ALIGN (0x4)
                0x0000000008005d08                _sidata = LOADADDR (.data)

.data           0x0000000020000000       0x7c load address 0x0000000008005d08
                0x0000000020000000                . = ALIGN (0x4)
                0x0000000020000000                _sdata = .
 *(.data)
 *(.data*)
 .data.Font_11x18
                0x0000000020000000        0x8 ./Core/Src/fonts.o
                0x0000000020000000                Font_11x18
 .data.xFreeBytesRemaining
                0x0000000020000008        0x4 ./Core/Src/heap_2.o
 .data.uxCriticalNesting
                0x000000002000000c        0x4 ./Core/Src/port.o
 .data.SystemCoreClock
                0x0000000020000010        0x4 ./Core/Src/system_stm32f1xx.o
                0x0000000020000010                SystemCoreClock
 .data.uxTopUsedPriority
                0x0000000020000014        0x4 ./Core/Src/tasks.o
                0x0000000020000014                uxTopUsedPriority
 .data.uwTickPrio
                0x0000000020000018        0x4 ./Drivers/STM32F1xx_HAL_Driver/Src/stm32f1xx_hal.o
                0x0000000020000018                uwTickPrio
 .data.uwTickFreq
                0x000000002000001c        0x1 ./Drivers/STM32F1xx_HAL_Driver/Src/stm32f1xx_hal.o
                0x000000002000001c                uwTickFreq
 *fill*         0x000000002000001d        0x3 
 .data.__sglue  0x0000000020000020        0xc /opt/st/stm32cubeide_1.13.2/plugins/com.st.stm32cube.ide.mcu.externaltools.gnu-tools-for-stm32.11.3.rel1.linux64_1.1.1.202309131626/tools/bin/../lib/gcc/arm-none-eabi/11.3.1/../../../../arm-none-eabi/lib/thumb/v7-m/nofp/libc_nano.a(libc_a-findfp.o)
                0x0000000020000020                __sglue
 .data._impure_data
                0x000000002000002c       0x4c /opt/st/stm32cubeide_1.13.2/plugins/com.st.stm32cube.ide.mcu.externaltools.gnu-tools-for-stm32.11.3.rel1.linux64_1.1.1.202309131626/tools/bin/../lib/gcc/arm-none-eabi/11.3.1/../../../../arm-none-eabi/lib/thumb/v7-m/nofp/libc_nano.a(libc_a-impure.o)
                0x000000002000002c                _impure_data
 .data._impure_ptr
                0x0000000020000078        0x4 /opt/st/stm32cubeide_1.13.2/plugins/com.st.stm32cube.ide.mcu.externaltools.gnu-tools-for-stm32.11.3.rel1.linux64_1.1.1.202309131626/tools/bin/../lib/gcc/arm-none-eabi/11.3.1/../../../../arm-none-eabi/lib/thumb/v7-m/nofp/libc_nano.a(libc_a-impure.o)
                0x0000000020000078                _impure_ptr
 *(.RamFunc)
 *(.RamFunc*)
                0x000000002000007c                . = ALIGN (0x4)
                0x000000002000007c                _edata = .

.igot.plt       0x000000002000007c        0x0 load address 0x0000000008005d84
 .igot.plt      0x000000002000007c        0x0 /opt/st/stm32cubeide_1.13.2/plugins/com.st.stm32cube.ide.mcu.externaltools.gnu-tools-for-stm32.11.3.rel1.linux64_1.1.1.202309131626/tools/bin/../lib/gcc/arm-none-eabi/11.3.1/thumb/v7-m/nofp/crtbegin.o
                0x000000002000007c                . = ALIGN (0x4)

.bss            0x000000002000007c     0x2efc load address 0x0000000008005d84
                0x000000002000007c                _sbss = .
                0x000000002000007c                __bss_start__ = _sbss
 *(.bss)
 .bss           0x000000002000007c       0x1c /opt/st/stm32cubeide_1.13.2/plugins/com.st.stm32cube.ide.mcu.externaltools.gnu-tools-for-stm32.11.3.rel1.linux64_1.1.1.202309131626/tools/bin/../lib/gcc/arm-none-eabi/11.3.1/thumb/v7-m/nofp/crtbegin.o
 *(.bss*)
 .bss.ucHeap    0x0000000020000098     0x2800 ./Core/Src/heap_2.o
 .bss.xStart    0x0000000020002898        0x8 ./Core/Src/heap_2.o
 .bss.xEnd      0x00000000200028a0        0x8 ./Core/Src/heap_2.o
 .bss.xHeapHasBeenInitialised.0
                0x00000000200028a8        0x4 ./Core/Src/heap_2.o
 .bss.hi2c1     0x00000000200028ac       0x54 ./Core/Src/main.o
                0x00000000200028ac                hi2c1
 .bss.pxDataToMonitor
                0x0000000020002900        0x4 ./Core/Src/main.o
                0x0000000020002900                pxDataToMonitor
 .bss.SSD1306_Buffer
                0x0000000020002904      0x400 ./Core/Src/ssd1306.o
 .bss.SSD1306   0x0000000020002d04        0x6 ./Core/Src/ssd1306.o
 *fill*         0x0000000020002d0a        0x2 
 .bss.__sbrk_heap_end
                0x0000000020002d0c        0x4 ./Core/Src/sysmem.o
 .bss.pxCurrentTCB
                0x0000000020002d10        0x4 ./Core/Src/tasks.o
                0x0000000020002d10                pxCurrentTCB
 .bss.pxReadyTasksLists
                0x0000000020002d14       0x78 ./Core/Src/tasks.o
 .bss.xDelayedTaskList1
                0x0000000020002d8c       0x14 ./Core/Src/tasks.o
 .bss.xDelayedTaskList2
                0x0000000020002da0       0x14 ./Core/Src/tasks.o
 .bss.pxDelayedTaskList
                0x0000000020002db4        0x4 ./Core/Src/tasks.o
 .bss.pxOverflowDelayedTaskList
                0x0000000020002db8        0x4 ./Core/Src/tasks.o
 .bss.xPendingReadyList
                0x0000000020002dbc       0x14 ./Core/Src/tasks.o
 .bss.xTasksWaitingTermination
                0x0000000020002dd0       0x14 ./Core/Src/tasks.o
 .bss.uxDeletedTasksWaitingCleanUp
                0x0000000020002de4        0x4 ./Core/Src/tasks.o
 .bss.xSuspendedTaskList
                0x0000000020002de8       0x14 ./Core/Src/tasks.o
 .bss.uxCurrentNumberOfTasks
                0x0000000020002dfc        0x4 ./Core/Src/tasks.o
 .bss.xTickCount
                0x0000000020002e00        0x4 ./Core/Src/tasks.o
 .bss.uxTopReadyPriority
                0x0000000020002e04        0x4 ./Core/Src/tasks.o
 .bss.xSchedulerRunning
                0x0000000020002e08        0x4 ./Core/Src/tasks.o
 .bss.xPendedTicks
                0x0000000020002e0c        0x4 ./Core/Src/tasks.o
 .bss.xYieldPending
                0x0000000020002e10        0x4 ./Core/Src/tasks.o
 .bss.xNumOfOverflows
                0x0000000020002e14        0x4 ./Core/Src/tasks.o
 .bss.uxTaskNumber
                0x0000000020002e18        0x4 ./Core/Src/tasks.o
 .bss.xNextTaskUnblockTime
                0x0000000020002e1c        0x4 ./Core/Src/tasks.o
 .bss.xIdleTaskHandle
                0x0000000020002e20        0x4 ./Core/Src/tasks.o
 .bss.uxSchedulerSuspended
                0x0000000020002e24        0x4 ./Core/Src/tasks.o
 .bss.uwTick    0x0000000020002e28        0x4 ./Drivers/STM32F1xx_HAL_Driver/Src/stm32f1xx_hal.o
                0x0000000020002e28                uwTick
 .bss.__sf      0x0000000020002e2c      0x138 /opt/st/stm32cubeide_1.13.2/plugins/com.st.stm32cube.ide.mcu.externaltools.gnu-tools-for-stm32.11.3.rel1.linux64_1.1.1.202309131626/tools/bin/../lib/gcc/arm-none-eabi/11.3.1/../../../../arm-none-eabi/lib/thumb/v7-m/nofp/libc_nano.a(libc_a-findfp.o)
                0x0000000020002e2c                __sf
 .bss.__stdio_exit_handler
                0x0000000020002f64        0x4 /opt/st/stm32cubeide_1.13.2/plugins/com.st.stm32cube.ide.mcu.externaltools.gnu-tools-for-stm32.11.3.rel1.linux64_1.1.1.202309131626/tools/bin/../lib/gcc/arm-none-eabi/11.3.1/../../../../arm-none-eabi/lib/thumb/v7-m/nofp/libc_nano.a(libc_a-findfp.o)
                0x0000000020002f64                __stdio_exit_handler
 .bss.errno     0x0000000020002f68        0x4 /opt/st/stm32cubeide_1.13.2/plugins/com.st.stm32cube.ide.mcu.externaltools.gnu-tools-for-stm32.11.3.rel1.linux64_1.1.1.202309131626/tools/bin/../lib/gcc/arm-none-eabi/11.3.1/../../../../arm-none-eabi/lib/thumb/v7-m/nofp/libc_nano.a(libc_a-reent.o)
                0x0000000020002f68                errno
 .bss.__lock___malloc_recursive_mutex
                0x0000000020002f6c        0x1 /opt/st/stm32cubeide_1.13.2/plugins/com.st.stm32cube.ide.mcu.externaltools.gnu-tools-for-stm32.11.3.rel1.linux64_1.1.1.202309131626/tools/bin/../lib/gcc/arm-none-eabi/11.3.1/../../../../arm-none-eabi/lib/thumb/v7-m/nofp/libc_nano.a(libc_a-lock.o)
                0x0000000020002f6c                __lock___malloc_recursive_mutex
 .bss.__lock___sfp_recursive_mutex
                0x0000000020002f6d        0x1 /opt/st/stm32cubeide_1.13.2/plugins/com.st.stm32cube.ide.mcu.externaltools.gnu-tools-for-stm32.11.3.rel1.linux64_1.1.1.202309131626/tools/bin/../lib/gcc/arm-none-eabi/11.3.1/../../../../arm-none-eabi/lib/thumb/v7-m/nofp/libc_nano.a(libc_a-lock.o)
                0x0000000020002f6d                __lock___sfp_recursive_mutex
 *fill*         0x0000000020002f6e        0x2 
 .bss.__malloc_free_list
                0x0000000020002f70        0x4 /opt/st/stm32cubeide_1.13.2/plugins/com.st.stm32cube.ide.mcu.externaltools.gnu-tools-for-stm32.11.3.rel1.linux64_1.1.1.202309131626/tools/bin/../lib/gcc/arm-none-eabi/11.3.1/../../../../arm-none-eabi/lib/thumb/v7-m/nofp/libc_nano.a(libc_a-mallocr.o)
                0x0000000020002f70                __malloc_free_list
 .bss.__malloc_sbrk_start
                0x0000000020002f74        0x4 /opt/st/stm32cubeide_1.13.2/plugins/com.st.stm32cube.ide.mcu.externaltools.gnu-tools-for-stm32.11.3.rel1.linux64_1.1.1.202309131626/tools/bin/../lib/gcc/arm-none-eabi/11.3.1/../../../../arm-none-eabi/lib/thumb/v7-m/nofp/libc_nano.a(libc_a-mallocr.o)
                0x0000000020002f74                __malloc_sbrk_start
 *(COMMON)
                0x0000000020002f78                . = ALIGN (0x4)
                0x0000000020002f78                _ebss = .
                0x0000000020002f78                __bss_end__ = _ebss

._user_heap_stack
                0x0000000020002f78      0x600 load address 0x0000000008005d84
                0x0000000020002f78                . = ALIGN (0x8)
                [!provide]                        PROVIDE (end = .)
                0x0000000020002f78                PROVIDE (_end = .)
                0x0000000020003178                . = (. + _Min_Heap_Size)
 *fill*         0x0000000020002f78      0x200 
                0x0000000020003578                . = (. + _Min_Stack_Size)
 *fill*         0x0000000020003178      0x400 
                0x0000000020003578                . = ALIGN (0x8)

/DISCARD/
 libc.a(*)
 libm.a(*)
 libgcc.a(*)

.ARM.attributes
                0x0000000000000000       0x29
 *(.ARM.attributes)
 .ARM.attributes
                0x0000000000000000       0x1d /opt/st/stm32cubeide_1.13.2/plugins/com.st.stm32cube.ide.mcu.externaltools.gnu-tools-for-stm32.11.3.rel1.linux64_1.1.1.202309131626/tools/bin/../lib/gcc/arm-none-eabi/11.3.1/thumb/v7-m/nofp/crti.o
 .ARM.attributes
                0x000000000000001d       0x2d /opt/st/stm32cubeide_1.13.2/plugins/com.st.stm32cube.ide.mcu.externaltools.gnu-tools-for-stm32.11.3.rel1.linux64_1.1.1.202309131626/tools/bin/../lib/gcc/arm-none-eabi/11.3.1/thumb/v7-m/nofp/crtbegin.o
 .ARM.attributes
                0x000000000000004a       0x2d ./Core/Src/fonts.o
 .ARM.attributes
                0x0000000000000077       0x2d ./Core/Src/heap_2.o
 .ARM.attributes
                0x00000000000000a4       0x2d ./Core/Src/list.o
 .ARM.attributes
                0x00000000000000d1       0x2d ./Core/Src/main.o
 .ARM.attributes
                0x00000000000000fe       0x2d ./Core/Src/port.o
 .ARM.attributes
                0x000000000000012b       0x2d ./Core/Src/queue.o
 .ARM.attributes
                0x0000000000000158       0x2d ./Core/Src/ssd1306.o
 .ARM.attributes
                0x0000000000000185       0x2d ./Core/Src/stm32f1xx_hal_msp.o
 .ARM.attributes
                0x00000000000001b2       0x2d ./Core/Src/syscalls.o
 .ARM.attributes
                0x00000000000001df       0x2d ./Core/Src/sysmem.o
 .ARM.attributes
                0x000000000000020c       0x2d ./Core/Src/system_stm32f1xx.o
 .ARM.attributes
                0x0000000000000239       0x2d ./Core/Src/tasks.o
 .ARM.attributes
                0x0000000000000266       0x21 ./Core/Startup/startup_stm32f103c8tx.o
 .ARM.attributes
                0x0000000000000287       0x2d ./Drivers/STM32F1xx_HAL_Driver/Src/stm32f1xx_hal.o
 .ARM.attributes
                0x00000000000002b4       0x2d ./Drivers/STM32F1xx_HAL_Driver/Src/stm32f1xx_hal_cortex.o
 .ARM.attributes
                0x00000000000002e1       0x2d ./Drivers/STM32F1xx_HAL_Driver/Src/stm32f1xx_hal_gpio.o
 .ARM.attributes
                0x000000000000030e       0x2d ./Drivers/STM32F1xx_HAL_Driver/Src/stm32f1xx_hal_i2c.o
 .ARM.attributes
                0x000000000000033b       0x2d ./Drivers/STM32F1xx_HAL_Driver/Src/stm32f1xx_hal_rcc.o
 .ARM.attributes
                0x0000000000000368       0x2d /opt/st/stm32cubeide_1.13.2/plugins/com.st.stm32cube.ide.mcu.externaltools.gnu-tools-for-stm32.11.3.rel1.linux64_1.1.1.202309131626/tools/bin/../lib/gcc/arm-none-eabi/11.3.1/../../../../arm-none-eabi/lib/thumb/v7-m/nofp/libc_nano.a(libc_a-rand.o)
 .ARM.attributes
                0x0000000000000395       0x2d /opt/st/stm32cubeide_1.13.2/plugins/com.st.stm32cube.ide.mcu.externaltools.gnu-tools-for-stm32.11.3.rel1.linux64_1.1.1.202309131626/tools/bin/../lib/gcc/arm-none-eabi/11.3.1/../../../../arm-none-eabi/lib/thumb/v7-m/nofp/libc_nano.a(libc_a-findfp.o)
 .ARM.attributes
                0x00000000000003c2       0x2d /opt/st/stm32cubeide_1.13.2/plugins/com.st.stm32cube.ide.mcu.externaltools.gnu-tools-for-stm32.11.3.rel1.linux64_1.1.1.202309131626/tools/bin/../lib/gcc/arm-none-eabi/11.3.1/../../../../arm-none-eabi/lib/thumb/v7-m/nofp/libc_nano.a(libc_a-fwalk.o)
 .ARM.attributes
                0x00000000000003ef       0x2d /opt/st/stm32cubeide_1.13.2/plugins/com.st.stm32cube.ide.mcu.externaltools.gnu-tools-for-stm32.11.3.rel1.linux64_1.1.1.202309131626/tools/bin/../lib/gcc/arm-none-eabi/11.3.1/../../../../arm-none-eabi/lib/thumb/v7-m/nofp/libc_nano.a(libc_a-stdio.o)
 .ARM.attributes
                0x000000000000041c       0x2d /opt/st/stm32cubeide_1.13.2/plugins/com.st.stm32cube.ide.mcu.externaltools.gnu-tools-for-stm32.11.3.rel1.linux64_1.1.1.202309131626/tools/bin/../lib/gcc/arm-none-eabi/11.3.1/../../../../arm-none-eabi/lib/thumb/v7-m/nofp/libc_nano.a(libc_a-memset.o)
 .ARM.attributes
                0x0000000000000449       0x2d /opt/st/stm32cubeide_1.13.2/plugins/com.st.stm32cube.ide.mcu.externaltools.gnu-tools-for-stm32.11.3.rel1.linux64_1.1.1.202309131626/tools/bin/../lib/gcc/arm-none-eabi/11.3.1/../../../../arm-none-eabi/lib/thumb/v7-m/nofp/libc_nano.a(libc_a-closer.o)
 .ARM.attributes
                0x0000000000000476       0x2d /opt/st/stm32cubeide_1.13.2/plugins/com.st.stm32cube.ide.mcu.externaltools.gnu-tools-for-stm32.11.3.rel1.linux64_1.1.1.202309131626/tools/bin/../lib/gcc/arm-none-eabi/11.3.1/../../../../arm-none-eabi/lib/thumb/v7-m/nofp/libc_nano.a(libc_a-reent.o)
 .ARM.attributes
                0x00000000000004a3       0x2d /opt/st/stm32cubeide_1.13.2/plugins/com.st.stm32cube.ide.mcu.externaltools.gnu-tools-for-stm32.11.3.rel1.linux64_1.1.1.202309131626/tools/bin/../lib/gcc/arm-none-eabi/11.3.1/../../../../arm-none-eabi/lib/thumb/v7-m/nofp/libc_nano.a(libc_a-impure.o)
 .ARM.attributes
                0x00000000000004d0       0x2d /opt/st/stm32cubeide_1.13.2/plugins/com.st.stm32cube.ide.mcu.externaltools.gnu-tools-for-stm32.11.3.rel1.linux64_1.1.1.202309131626/tools/bin/../lib/gcc/arm-none-eabi/11.3.1/../../../../arm-none-eabi/lib/thumb/v7-m/nofp/libc_nano.a(libc_a-lseekr.o)
 .ARM.attributes
                0x00000000000004fd       0x2d /opt/st/stm32cubeide_1.13.2/plugins/com.st.stm32cube.ide.mcu.externaltools.gnu-tools-for-stm32.11.3.rel1.linux64_1.1.1.202309131626/tools/bin/../lib/gcc/arm-none-eabi/11.3.1/../../../../arm-none-eabi/lib/thumb/v7-m/nofp/libc_nano.a(libc_a-readr.o)
 .ARM.attributes
                0x000000000000052a       0x2d /opt/st/stm32cubeide_1.13.2/plugins/com.st.stm32cube.ide.mcu.externaltools.gnu-tools-for-stm32.11.3.rel1.linux64_1.1.1.202309131626/tools/bin/../lib/gcc/arm-none-eabi/11.3.1/../../../../arm-none-eabi/lib/thumb/v7-m/nofp/libc_nano.a(libc_a-writer.o)
 .ARM.attributes
                0x0000000000000557       0x2d /opt/st/stm32cubeide_1.13.2/plugins/com.st.stm32cube.ide.mcu.externaltools.gnu-tools-for-stm32.11.3.rel1.linux64_1.1.1.202309131626/tools/bin/../lib/gcc/arm-none-eabi/11.3.1/../../../../arm-none-eabi/lib/thumb/v7-m/nofp/libc_nano.a(libc_a-errno.o)
 .ARM.attributes
                0x0000000000000584       0x2d /opt/st/stm32cubeide_1.13.2/plugins/com.st.stm32cube.ide.mcu.externaltools.gnu-tools-for-stm32.11.3.rel1.linux64_1.1.1.202309131626/tools/bin/../lib/gcc/arm-none-eabi/11.3.1/../../../../arm-none-eabi/lib/thumb/v7-m/nofp/libc_nano.a(libc_a-init.o)
 .ARM.attributes
                0x00000000000005b1       0x2d /opt/st/stm32cubeide_1.13.2/plugins/com.st.stm32cube.ide.mcu.externaltools.gnu-tools-for-stm32.11.3.rel1.linux64_1.1.1.202309131626/tools/bin/../lib/gcc/arm-none-eabi/11.3.1/../../../../arm-none-eabi/lib/thumb/v7-m/nofp/libc_nano.a(libc_a-lock.o)
 .ARM.attributes
                0x00000000000005de       0x2d /opt/st/stm32cubeide_1.13.2/plugins/com.st.stm32cube.ide.mcu.externaltools.gnu-tools-for-stm32.11.3.rel1.linux64_1.1.1.202309131626/tools/bin/../lib/gcc/arm-none-eabi/11.3.1/../../../../arm-none-eabi/lib/thumb/v7-m/nofp/libc_nano.a(libc_a-memcpy-stub.o)
 .ARM.attributes
                0x000000000000060b       0x2d /opt/st/stm32cubeide_1.13.2/plugins/com.st.stm32cube.ide.mcu.externaltools.gnu-tools-for-stm32.11.3.rel1.linux64_1.1.1.202309131626/tools/bin/../lib/gcc/arm-none-eabi/11.3.1/../../../../arm-none-eabi/lib/thumb/v7-m/nofp/libc_nano.a(libc_a-assert.o)
 .ARM.attributes
                0x0000000000000638       0x2d /opt/st/stm32cubeide_1.13.2/plugins/com.st.stm32cube.ide.mcu.externaltools.gnu-tools-for-stm32.11.3.rel1.linux64_1.1.1.202309131626/tools/bin/../lib/gcc/arm-none-eabi/11.3.1/../../../../arm-none-eabi/lib/thumb/v7-m/nofp/libc_nano.a(libc_a-freer.o)
 .ARM.attributes
                0x0000000000000665       0x2d /opt/st/stm32cubeide_1.13.2/plugins/com.st.stm32cube.ide.mcu.externaltools.gnu-tools-for-stm32.11.3.rel1.linux64_1.1.1.202309131626/tools/bin/../lib/gcc/arm-none-eabi/11.3.1/../../../../arm-none-eabi/lib/thumb/v7-m/nofp/libc_nano.a(libc_a-malloc.o)
 .ARM.attributes
                0x0000000000000692       0x2d /opt/st/stm32cubeide_1.13.2/plugins/com.st.stm32cube.ide.mcu.externaltools.gnu-tools-for-stm32.11.3.rel1.linux64_1.1.1.202309131626/tools/bin/../lib/gcc/arm-none-eabi/11.3.1/../../../../arm-none-eabi/lib/thumb/v7-m/nofp/libc_nano.a(libc_a-mallocr.o)
 .ARM.attributes
                0x00000000000006bf       0x2d /opt/st/stm32cubeide_1.13.2/plugins/com.st.stm32cube.ide.mcu.externaltools.gnu-tools-for-stm32.11.3.rel1.linux64_1.1.1.202309131626/tools/bin/../lib/gcc/arm-none-eabi/11.3.1/../../../../arm-none-eabi/lib/thumb/v7-m/nofp/libc_nano.a(libc_a-mlock.o)
 .ARM.attributes
                0x00000000000006ec       0x2d /opt/st/stm32cubeide_1.13.2/plugins/com.st.stm32cube.ide.mcu.externaltools.gnu-tools-for-stm32.11.3.rel1.linux64_1.1.1.202309131626/tools/bin/../lib/gcc/arm-none-eabi/11.3.1/../../../../arm-none-eabi/lib/thumb/v7-m/nofp/libc_nano.a(libc_a-fflush.o)
 .ARM.attributes
                0x0000000000000719       0x2d /opt/st/stm32cubeide_1.13.2/plugins/com.st.stm32cube.ide.mcu.externaltools.gnu-tools-for-stm32.11.3.rel1.linux64_1.1.1.202309131626/tools/bin/../lib/gcc/arm-none-eabi/11.3.1/../../../../arm-none-eabi/lib/thumb/v7-m/nofp/libc_nano.a(libc_a-fprintf.o)
 .ARM.attributes
                0x0000000000000746       0x2d /opt/st/stm32cubeide_1.13.2/plugins/com.st.stm32cube.ide.mcu.externaltools.gnu-tools-for-stm32.11.3.rel1.linux64_1.1.1.202309131626/tools/bin/../lib/gcc/arm-none-eabi/11.3.1/../../../../arm-none-eabi/lib/thumb/v7-m/nofp/libc_nano.a(libc_a-sbrkr.o)
 .ARM.attributes
                0x0000000000000773       0x2d /opt/st/stm32cubeide_1.13.2/plugins/com.st.stm32cube.ide.mcu.externaltools.gnu-tools-for-stm32.11.3.rel1.linux64_1.1.1.202309131626/tools/bin/../lib/gcc/arm-none-eabi/11.3.1/../../../../arm-none-eabi/lib/thumb/v7-m/nofp/libc_nano.a(libc_a-abort.o)
 .ARM.attributes
                0x00000000000007a0       0x2d /opt/st/stm32cubeide_1.13.2/plugins/com.st.stm32cube.ide.mcu.externaltools.gnu-tools-for-stm32.11.3.rel1.linux64_1.1.1.202309131626/tools/bin/../lib/gcc/arm-none-eabi/11.3.1/../../../../arm-none-eabi/lib/thumb/v7-m/nofp/libc_nano.a(libc_a-nano-vfprintf.o)
 .ARM.attributes
                0x00000000000007cd       0x2d /opt/st/stm32cubeide_1.13.2/plugins/com.st.stm32cube.ide.mcu.externaltools.gnu-tools-for-stm32.11.3.rel1.linux64_1.1.1.202309131626/tools/bin/../lib/gcc/arm-none-eabi/11.3.1/../../../../arm-none-eabi/lib/thumb/v7-m/nofp/libc_nano.a(libc_a-nano-vfprintf_i.o)
 .ARM.attributes
                0x00000000000007fa       0x2d /opt/st/stm32cubeide_1.13.2/plugins/com.st.stm32cube.ide.mcu.externaltools.gnu-tools-for-stm32.11.3.rel1.linux64_1.1.1.202309131626/tools/bin/../lib/gcc/arm-none-eabi/11.3.1/../../../../arm-none-eabi/lib/thumb/v7-m/nofp/libc_nano.a(libc_a-wbuf.o)
 .ARM.attributes
                0x0000000000000827       0x2d /opt/st/stm32cubeide_1.13.2/plugins/com.st.stm32cube.ide.mcu.externaltools.gnu-tools-for-stm32.11.3.rel1.linux64_1.1.1.202309131626/tools/bin/../lib/gcc/arm-none-eabi/11.3.1/../../../../arm-none-eabi/lib/thumb/v7-m/nofp/libc_nano.a(libc_a-wsetup.o)
 .ARM.attributes
                0x0000000000000854       0x2d /opt/st/stm32cubeide_1.13.2/plugins/com.st.stm32cube.ide.mcu.externaltools.gnu-tools-for-stm32.11.3.rel1.linux64_1.1.1.202309131626/tools/bin/../lib/gcc/arm-none-eabi/11.3.1/../../../../arm-none-eabi/lib/thumb/v7-m/nofp/libc_nano.a(libc_a-signal.o)
 .ARM.attributes
                0x0000000000000881       0x2d /opt/st/stm32cubeide_1.13.2/plugins/com.st.stm32cube.ide.mcu.externaltools.gnu-tools-for-stm32.11.3.rel1.linux64_1.1.1.202309131626/tools/bin/../lib/gcc/arm-none-eabi/11.3.1/../../../../arm-none-eabi/lib/thumb/v7-m/nofp/libc_nano.a(libc_a-signalr.o)
 .ARM.attributes
                0x00000000000008ae       0x2d /opt/st/stm32cubeide_1.13.2/plugins/com.st.stm32cube.ide.mcu.externaltools.gnu-tools-for-stm32.11.3.rel1.linux64_1.1.1.202309131626/tools/bin/../lib/gcc/arm-none-eabi/11.3.1/../../../../arm-none-eabi/lib/thumb/v7-m/nofp/libc_nano.a(libc_a-memchr-stub.o)
 .ARM.attributes
                0x00000000000008db       0x2d /opt/st/stm32cubeide_1.13.2/plugins/com.st.stm32cube.ide.mcu.externaltools.gnu-tools-for-stm32.11.3.rel1.linux64_1.1.1.202309131626/tools/bin/../lib/gcc/arm-none-eabi/11.3.1/../../../../arm-none-eabi/lib/thumb/v7-m/nofp/libc_nano.a(libc_a-makebuf.o)
 .ARM.attributes
                0x0000000000000908       0x2d /opt/st/stm32cubeide_1.13.2/plugins/com.st.stm32cube.ide.mcu.externaltools.gnu-tools-for-stm32.11.3.rel1.linux64_1.1.1.202309131626/tools/bin/../lib/gcc/arm-none-eabi/11.3.1/../../../../arm-none-eabi/lib/thumb/v7-m/nofp/libc_nano.a(libc_a-fstatr.o)
 .ARM.attributes
                0x0000000000000935       0x2d /opt/st/stm32cubeide_1.13.2/plugins/com.st.stm32cube.ide.mcu.externaltools.gnu-tools-for-stm32.11.3.rel1.linux64_1.1.1.202309131626/tools/bin/../lib/gcc/arm-none-eabi/11.3.1/../../../../arm-none-eabi/lib/thumb/v7-m/nofp/libc_nano.a(libc_a-isattyr.o)
 .ARM.attributes
                0x0000000000000962       0x1d /opt/st/stm32cubeide_1.13.2/plugins/com.st.stm32cube.ide.mcu.externaltools.gnu-tools-for-stm32.11.3.rel1.linux64_1.1.1.202309131626/tools/bin/../lib/gcc/arm-none-eabi/11.3.1/thumb/v7-m/nofp/crtn.o
OUTPUT(RTOS_OLED.elf elf32-littlearm)
LOAD linker stubs
LOAD /opt/st/stm32cubeide_1.13.2/plugins/com.st.stm32cube.ide.mcu.externaltools.gnu-tools-for-stm32.11.3.rel1.linux64_1.1.1.202309131626/tools/bin/../lib/gcc/arm-none-eabi/11.3.1/../../../../arm-none-eabi/lib/thumb/v7-m/nofp/libc.a
LOAD /opt/st/stm32cubeide_1.13.2/plugins/com.st.stm32cube.ide.mcu.externaltools.gnu-tools-for-stm32.11.3.rel1.linux64_1.1.1.202309131626/tools/bin/../lib/gcc/arm-none-eabi/11.3.1/../../../../arm-none-eabi/lib/thumb/v7-m/nofp/libm.a
LOAD /opt/st/stm32cubeide_1.13.2/plugins/com.st.stm32cube.ide.mcu.externaltools.gnu-tools-for-stm32.11.3.rel1.linux64_1.1.1.202309131626/tools/bin/../lib/gcc/arm-none-eabi/11.3.1/thumb/v7-m/nofp/libgcc.a

.comment        0x0000000000000000       0x43
 .comment       0x0000000000000000       0x43 /opt/st/stm32cubeide_1.13.2/plugins/com.st.stm32cube.ide.mcu.externaltools.gnu-tools-for-stm32.11.3.rel1.linux64_1.1.1.202309131626/tools/bin/../lib/gcc/arm-none-eabi/11.3.1/thumb/v7-m/nofp/crtbegin.o
                                         0x44 (size before relaxing)
 .comment       0x0000000000000043       0x44 ./Core/Src/fonts.o
 .comment       0x0000000000000043       0x44 ./Core/Src/heap_2.o
 .comment       0x0000000000000043       0x44 ./Core/Src/list.o
 .comment       0x0000000000000043       0x44 ./Core/Src/main.o
 .comment       0x0000000000000043       0x44 ./Core/Src/port.o
 .comment       0x0000000000000043       0x44 ./Core/Src/queue.o
 .comment       0x0000000000000043       0x44 ./Core/Src/ssd1306.o
 .comment       0x0000000000000043       0x44 ./Core/Src/stm32f1xx_hal_msp.o
 .comment       0x0000000000000043       0x44 ./Core/Src/syscalls.o
 .comment       0x0000000000000043       0x44 ./Core/Src/sysmem.o
 .comment       0x0000000000000043       0x44 ./Core/Src/system_stm32f1xx.o
 .comment       0x0000000000000043       0x44 ./Core/Src/tasks.o
 .comment       0x0000000000000043       0x44 ./Drivers/STM32F1xx_HAL_Driver/Src/stm32f1xx_hal.o
 .comment       0x0000000000000043       0x44 ./Drivers/STM32F1xx_HAL_Driver/Src/stm32f1xx_hal_cortex.o
 .comment       0x0000000000000043       0x44 ./Drivers/STM32F1xx_HAL_Driver/Src/stm32f1xx_hal_gpio.o
 .comment       0x0000000000000043       0x44 ./Drivers/STM32F1xx_HAL_Driver/Src/stm32f1xx_hal_i2c.o
 .comment       0x0000000000000043       0x44 ./Drivers/STM32F1xx_HAL_Driver/Src/stm32f1xx_hal_rcc.o

.debug_info     0x0000000000000000     0xac9e
 .debug_info    0x0000000000000000      0x255 ./Core/Src/fonts.o
 .debug_info    0x0000000000000255      0x379 ./Core/Src/heap_2.o
 .debug_info    0x00000000000005ce      0x2af ./Core/Src/list.o
 .debug_info    0x000000000000087d      0xb5a ./Core/Src/main.o
 .debug_info    0x00000000000013d7      0x2e7 ./Core/Src/port.o
 .debug_info    0x00000000000016be     0x1100 ./Core/Src/queue.o
 .debug_info    0x00000000000027be     0x1028 ./Core/Src/ssd1306.o
 .debug_info    0x00000000000037e6      0x7af ./Core/Src/stm32f1xx_hal_msp.o
 .debug_info    0x0000000000003f95      0x6a3 ./Core/Src/syscalls.o
 .debug_info    0x0000000000004638      0x168 ./Core/Src/sysmem.o
 .debug_info    0x00000000000047a0      0x222 ./Core/Src/system_stm32f1xx.o
 .debug_info    0x00000000000049c2     0x1e99 ./Core/Src/tasks.o
 .debug_info    0x000000000000685b       0x23 ./Core/Startup/startup_stm32f103c8tx.o
 .debug_info    0x000000000000687e      0x704 ./Drivers/STM32F1xx_HAL_Driver/Src/stm32f1xx_hal.o
 .debug_info    0x0000000000006f82      0xa87 ./Drivers/STM32F1xx_HAL_Driver/Src/stm32f1xx_hal_cortex.o
 .debug_info    0x0000000000007a09      0x5ab ./Drivers/STM32F1xx_HAL_Driver/Src/stm32f1xx_hal_gpio.o
 .debug_info    0x0000000000007fb4     0x2515 ./Drivers/STM32F1xx_HAL_Driver/Src/stm32f1xx_hal_i2c.o
 .debug_info    0x000000000000a4c9      0x7d5 ./Drivers/STM32F1xx_HAL_Driver/Src/stm32f1xx_hal_rcc.o

.debug_abbrev   0x0000000000000000     0x23a8
 .debug_abbrev  0x0000000000000000      0x11c ./Core/Src/fonts.o
 .debug_abbrev  0x000000000000011c      0x1e2 ./Core/Src/heap_2.o
 .debug_abbrev  0x00000000000002fe       0xf5 ./Core/Src/list.o
 .debug_abbrev  0x00000000000003f3      0x2ed ./Core/Src/main.o
 .debug_abbrev  0x00000000000006e0      0x20c ./Core/Src/port.o
 .debug_abbrev  0x00000000000008ec      0x2d8 ./Core/Src/queue.o
 .debug_abbrev  0x0000000000000bc4      0x30d ./Core/Src/ssd1306.o
 .debug_abbrev  0x0000000000000ed1      0x192 ./Core/Src/stm32f1xx_hal_msp.o
 .debug_abbrev  0x0000000000001063      0x1b6 ./Core/Src/syscalls.o
 .debug_abbrev  0x0000000000001219       0xbc ./Core/Src/sysmem.o
 .debug_abbrev  0x00000000000012d5      0x13f ./Core/Src/system_stm32f1xx.o
 .debug_abbrev  0x0000000000001414      0x369 ./Core/Src/tasks.o
 .debug_abbrev  0x000000000000177d       0x12 ./Core/Startup/startup_stm32f103c8tx.o
 .debug_abbrev  0x000000000000178f      0x201 ./Drivers/STM32F1xx_HAL_Driver/Src/stm32f1xx_hal.o
 .debug_abbrev  0x0000000000001990      0x2f8 ./Drivers/STM32F1xx_HAL_Driver/Src/stm32f1xx_hal_cortex.o
 .debug_abbrev  0x0000000000001c88      0x1ca ./Drivers/STM32F1xx_HAL_Driver/Src/stm32f1xx_hal_gpio.o
 .debug_abbrev  0x0000000000001e52      0x2a3 ./Drivers/STM32F1xx_HAL_Driver/Src/stm32f1xx_hal_i2c.o
 .debug_abbrev  0x00000000000020f5      0x2b3 ./Drivers/STM32F1xx_HAL_Driver/Src/stm32f1xx_hal_rcc.o

.debug_aranges  0x0000000000000000      0xc08
 .debug_aranges
                0x0000000000000000       0x20 ./Core/Src/fonts.o
 .debug_aranges
                0x0000000000000020       0x48 ./Core/Src/heap_2.o
 .debug_aranges
                0x0000000000000068       0x40 ./Core/Src/list.o
 .debug_aranges
                0x00000000000000a8       0x58 ./Core/Src/main.o
 .debug_aranges
                0x0000000000000100       0x70 ./Core/Src/port.o
 .debug_aranges
                0x0000000000000170       0xf8 ./Core/Src/queue.o
 .debug_aranges
                0x0000000000000268       0xf8 ./Core/Src/ssd1306.o
 .debug_aranges
                0x0000000000000360       0x30 ./Core/Src/stm32f1xx_hal_msp.o
 .debug_aranges
                0x0000000000000390       0xa8 ./Core/Src/syscalls.o
 .debug_aranges
                0x0000000000000438       0x20 ./Core/Src/sysmem.o
 .debug_aranges
                0x0000000000000458       0x28 ./Core/Src/system_stm32f1xx.o
 .debug_aranges
                0x0000000000000480      0x1f0 ./Core/Src/tasks.o
 .debug_aranges
                0x0000000000000670       0x28 ./Core/Startup/startup_stm32f103c8tx.o
 .debug_aranges
                0x0000000000000698       0xe0 ./Drivers/STM32F1xx_HAL_Driver/Src/stm32f1xx_hal.o
 .debug_aranges
                0x0000000000000778      0x100 ./Drivers/STM32F1xx_HAL_Driver/Src/stm32f1xx_hal_cortex.o
 .debug_aranges
                0x0000000000000878       0x58 ./Drivers/STM32F1xx_HAL_Driver/Src/stm32f1xx_hal_gpio.o
 .debug_aranges
                0x00000000000008d0      0x2a8 ./Drivers/STM32F1xx_HAL_Driver/Src/stm32f1xx_hal_i2c.o
 .debug_aranges
                0x0000000000000b78       0x90 ./Drivers/STM32F1xx_HAL_Driver/Src/stm32f1xx_hal_rcc.o

.debug_rnglists
                0x0000000000000000      0x92e
 .debug_rnglists
                0x0000000000000000       0x13 ./Core/Src/fonts.o
 .debug_rnglists
                0x0000000000000013       0x33 ./Core/Src/heap_2.o
 .debug_rnglists
                0x0000000000000046       0x2b ./Core/Src/list.o
 .debug_rnglists
                0x0000000000000071       0x3e ./Core/Src/main.o
 .debug_rnglists
                0x00000000000000af       0x4f ./Core/Src/port.o
 .debug_rnglists
                0x00000000000000fe       0xbf ./Core/Src/queue.o
 .debug_rnglists
                0x00000000000001bd       0xc2 ./Core/Src/ssd1306.o
 .debug_rnglists
                0x000000000000027f       0x1f ./Core/Src/stm32f1xx_hal_msp.o
 .debug_rnglists
                0x000000000000029e       0x79 ./Core/Src/syscalls.o
 .debug_rnglists
                0x0000000000000317       0x13 ./Core/Src/sysmem.o
 .debug_rnglists
                0x000000000000032a       0x1a ./Core/Src/system_stm32f1xx.o
 .debug_rnglists
                0x0000000000000344      0x18c ./Core/Src/tasks.o
 .debug_rnglists
                0x00000000000004d0       0x19 ./Core/Startup/startup_stm32f103c8tx.o
 .debug_rnglists
                0x00000000000004e9       0xa3 ./Drivers/STM32F1xx_HAL_Driver/Src/stm32f1xx_hal.o
 .debug_rnglists
                0x000000000000058c       0xbb ./Drivers/STM32F1xx_HAL_Driver/Src/stm32f1xx_hal_cortex.o
 .debug_rnglists
                0x0000000000000647       0x3f ./Drivers/STM32F1xx_HAL_Driver/Src/stm32f1xx_hal_gpio.o
 .debug_rnglists
                0x0000000000000686      0x23c ./Drivers/STM32F1xx_HAL_Driver/Src/stm32f1xx_hal_i2c.o
 .debug_rnglists
                0x00000000000008c2       0x6c ./Drivers/STM32F1xx_HAL_Driver/Src/stm32f1xx_hal_rcc.o

.debug_macro    0x0000000000000000    0x16de8
 .debug_macro   0x0000000000000000      0x266 ./Core/Src/fonts.o
 .debug_macro   0x0000000000000266      0x215 ./Core/Src/fonts.o
 .debug_macro   0x000000000000047b       0x2e ./Core/Src/fonts.o
 .debug_macro   0x00000000000004a9       0x22 ./Core/Src/fonts.o
 .debug_macro   0x00000000000004cb       0x1c ./Core/Src/fonts.o
 .debug_macro   0x00000000000004e7       0x22 ./Core/Src/fonts.o
 .debug_macro   0x0000000000000509       0xbd ./Core/Src/fonts.o
 .debug_macro   0x00000000000005c6      0xd23 ./Core/Src/fonts.o
 .debug_macro   0x00000000000012e9     0xe09e ./Core/Src/fonts.o
 .debug_macro   0x000000000000f387       0x6d ./Core/Src/fonts.o
 .debug_macro   0x000000000000f3f4     0x348d ./Core/Src/fonts.o
 .debug_macro   0x0000000000012881       0x5c ./Core/Src/fonts.o
 .debug_macro   0x00000000000128dd      0x5bc ./Core/Src/fonts.o
 .debug_macro   0x0000000000012e99      0x289 ./Core/Src/fonts.o
 .debug_macro   0x0000000000013122      0x1cb ./Core/Src/fonts.o
 .debug_macro   0x00000000000132ed      0x114 ./Core/Src/fonts.o
 .debug_macro   0x0000000000013401      0x1b2 ./Core/Src/fonts.o
 .debug_macro   0x00000000000135b3       0x27 ./Core/Src/fonts.o
 .debug_macro   0x00000000000135da      0x136 ./Core/Src/fonts.o
 .debug_macro   0x0000000000013710      0x1bc ./Core/Src/fonts.o
 .debug_macro   0x00000000000138cc       0x34 ./Core/Src/fonts.o
 .debug_macro   0x0000000000013900       0x3c ./Core/Src/fonts.o
 .debug_macro   0x000000000001393c       0x57 ./Core/Src/fonts.o
 .debug_macro   0x0000000000013993       0x87 ./Core/Src/fonts.o
 .debug_macro   0x0000000000013a1a      0x240 ./Core/Src/fonts.o
 .debug_macro   0x0000000000013c5a      0x287 ./Core/Src/fonts.o
 .debug_macro   0x0000000000013ee1      0x140 ./Core/Src/fonts.o
 .debug_macro   0x0000000000014021       0x83 ./Core/Src/fonts.o
 .debug_macro   0x00000000000140a4       0x61 ./Core/Src/fonts.o
 .debug_macro   0x0000000000014105       0x10 ./Core/Src/fonts.o
 .debug_macro   0x0000000000014115       0x35 ./Core/Src/fonts.o
 .debug_macro   0x000000000001414a       0x20 ./Core/Src/fonts.o
 .debug_macro   0x000000000001416a      0x226 ./Core/Src/heap_2.o
 .debug_macro   0x0000000000014390       0x16 ./Core/Src/heap_2.o
 .debug_macro   0x00000000000143a6      0x198 ./Core/Src/list.o
 .debug_macro   0x000000000001453e      0x337 ./Core/Src/main.o
 .debug_macro   0x0000000000014875       0x80 ./Core/Src/main.o
 .debug_macro   0x00000000000148f5       0x1d ./Core/Src/main.o
 .debug_macro   0x0000000000014912      0x183 ./Core/Src/port.o
 .debug_macro   0x0000000000014a95      0x22f ./Core/Src/queue.o
 .debug_macro   0x0000000000014cc4      0x2f1 ./Core/Src/ssd1306.o
 .debug_macro   0x0000000000014fb5      0x198 ./Core/Src/stm32f1xx_hal_msp.o
 .debug_macro   0x000000000001514d      0x274 ./Core/Src/syscalls.o
 .debug_macro   0x00000000000153c1       0x10 ./Core/Src/syscalls.o
 .debug_macro   0x00000000000153d1       0x10 ./Core/Src/syscalls.o
 .debug_macro   0x00000000000153e1       0x10 ./Core/Src/syscalls.o
 .debug_macro   0x00000000000153f1       0x10 ./Core/Src/syscalls.o
 .debug_macro   0x0000000000015401       0x1c ./Core/Src/syscalls.o
 .debug_macro   0x000000000001541d       0x52 ./Core/Src/syscalls.o
 .debug_macro   0x000000000001546f       0x22 ./Core/Src/syscalls.o
 .debug_macro   0x0000000000015491       0x10 ./Core/Src/syscalls.o
 .debug_macro   0x00000000000154a1       0x52 ./Core/Src/syscalls.o
 .debug_macro   0x00000000000154f3       0xcf ./Core/Src/syscalls.o
 .debug_macro   0x00000000000155c2       0x1c ./Core/Src/syscalls.o
 .debug_macro   0x00000000000155de       0x3d ./Core/Src/syscalls.o
 .debug_macro   0x000000000001561b       0x35 ./Core/Src/syscalls.o
 .debug_macro   0x0000000000015650      0x12c ./Core/Src/syscalls.o
 .debug_macro   0x000000000001577c       0x10 ./Core/Src/syscalls.o
 .debug_macro   0x000000000001578c      0x242 ./Core/Src/syscalls.o
 .debug_macro   0x00000000000159ce       0x1c ./Core/Src/syscalls.o
 .debug_macro   0x00000000000159ea       0x10 ./Core/Src/syscalls.o
 .debug_macro   0x00000000000159fa       0x10 ./Core/Src/syscalls.o
 .debug_macro   0x0000000000015a0a       0x16 ./Core/Src/syscalls.o
 .debug_macro   0x0000000000015a20      0x147 ./Core/Src/syscalls.o
 .debug_macro   0x0000000000015b67      0x18a ./Core/Src/syscalls.o
 .debug_macro   0x0000000000015cf1       0x16 ./Core/Src/syscalls.o
 .debug_macro   0x0000000000015d07       0xce ./Core/Src/syscalls.o
 .debug_macro   0x0000000000015dd5       0xff ./Core/Src/sysmem.o
 .debug_macro   0x0000000000015ed4      0x23c ./Core/Src/sysmem.o
 .debug_macro   0x0000000000016110      0x18e ./Core/Src/system_stm32f1xx.o
 .debug_macro   0x000000000001629e      0x27e ./Core/Src/tasks.o
 .debug_macro   0x000000000001651c       0x17 ./Core/Src/tasks.o
 .debug_macro   0x0000000000016533      0x1b2 ./Drivers/STM32F1xx_HAL_Driver/Src/stm32f1xx_hal.o
 .debug_macro   0x00000000000166e5      0x18e ./Drivers/STM32F1xx_HAL_Driver/Src/stm32f1xx_hal_cortex.o
 .debug_macro   0x0000000000016873      0x1f9 ./Drivers/STM32F1xx_HAL_Driver/Src/stm32f1xx_hal_gpio.o
 .debug_macro   0x0000000000016a6c      0x1dc ./Drivers/STM32F1xx_HAL_Driver/Src/stm32f1xx_hal_i2c.o
 .debug_macro   0x0000000000016c48      0x1a0 ./Drivers/STM32F1xx_HAL_Driver/Src/stm32f1xx_hal_rcc.o

.debug_line     0x0000000000000000     0xd726
 .debug_line    0x0000000000000000      0x767 ./Core/Src/fonts.o
 .debug_line    0x0000000000000767      0x721 ./Core/Src/heap_2.o
 .debug_line    0x0000000000000e88      0x634 ./Core/Src/list.o
 .debug_line    0x00000000000014bc      0x981 ./Core/Src/main.o
 .debug_line    0x0000000000001e3d      0x5a1 ./Core/Src/port.o
 .debug_line    0x00000000000023de      0xe6f ./Core/Src/queue.o
 .debug_line    0x000000000000324d      0xf20 ./Core/Src/ssd1306.o
 .debug_line    0x000000000000416d      0x65a ./Core/Src/stm32f1xx_hal_msp.o
 .debug_line    0x00000000000047c7      0x7dd ./Core/Src/syscalls.o
 .debug_line    0x0000000000004fa4      0x4ae ./Core/Src/sysmem.o
 .debug_line    0x0000000000005452      0x68e ./Core/Src/system_stm32f1xx.o
 .debug_line    0x0000000000005ae0     0x1826 ./Core/Src/tasks.o
 .debug_line    0x0000000000007306       0x78 ./Core/Startup/startup_stm32f103c8tx.o
 .debug_line    0x000000000000737e      0x8bb ./Drivers/STM32F1xx_HAL_Driver/Src/stm32f1xx_hal.o
 .debug_line    0x0000000000007c39      0xaa3 ./Drivers/STM32F1xx_HAL_Driver/Src/stm32f1xx_hal_cortex.o
 .debug_line    0x00000000000086dc      0x954 ./Drivers/STM32F1xx_HAL_Driver/Src/stm32f1xx_hal_gpio.o
 .debug_line    0x0000000000009030     0x3a32 ./Drivers/STM32F1xx_HAL_Driver/Src/stm32f1xx_hal_i2c.o
 .debug_line    0x000000000000ca62      0xcc4 ./Drivers/STM32F1xx_HAL_Driver/Src/stm32f1xx_hal_rcc.o

.debug_str      0x0000000000000000    0x8ca4c
 .debug_str     0x0000000000000000    0x7f353 ./Core/Src/fonts.o
                                      0x7f6bc (size before relaxing)
 .debug_str     0x000000000007f353     0x5638 ./Core/Src/heap_2.o
                                       0xc79f (size before relaxing)
 .debug_str     0x000000000008498b      0x11e ./Core/Src/list.o
                                       0xaf65 (size before relaxing)
 .debug_str     0x0000000000084aa9      0xee1 ./Core/Src/main.o
                                      0x8556c (size before relaxing)
 .debug_str     0x000000000008598a      0x6e0 ./Core/Src/port.o
                                       0x95aa (size before relaxing)
 .debug_str     0x000000000008606a      0xa51 ./Core/Src/queue.o
                                       0xd489 (size before relaxing)
 .debug_str     0x0000000000086abb      0x4d8 ./Core/Src/ssd1306.o
                                      0x80189 (size before relaxing)
 .debug_str     0x0000000000086f93       0xae ./Core/Src/stm32f1xx_hal_msp.o
                                      0x7ca1b (size before relaxing)
 .debug_str     0x0000000000087041     0x24cb ./Core/Src/syscalls.o
                                       0x9857 (size before relaxing)
 .debug_str     0x000000000008950c       0x6b ./Core/Src/sysmem.o
                                       0x600e (size before relaxing)
 .debug_str     0x0000000000089577       0x7e ./Core/Src/system_stm32f1xx.o
                                      0x7c570 (size before relaxing)
 .debug_str     0x00000000000895f5     0x1a58 ./Core/Src/tasks.o
                                       0xe022 (size before relaxing)
 .debug_str     0x000000000008b04d       0x34 ./Core/Startup/startup_stm32f103c8tx.o
                                         0x78 (size before relaxing)
 .debug_str     0x000000000008b081      0x618 ./Drivers/STM32F1xx_HAL_Driver/Src/stm32f1xx_hal.o
                                      0x7cca3 (size before relaxing)
 .debug_str     0x000000000008b699      0x2c5 ./Drivers/STM32F1xx_HAL_Driver/Src/stm32f1xx_hal_cortex.o
                                      0x7cbef (size before relaxing)
 .debug_str     0x000000000008b95e      0x346 ./Drivers/STM32F1xx_HAL_Driver/Src/stm32f1xx_hal_gpio.o
                                      0x7c8f6 (size before relaxing)
 .debug_str     0x000000000008bca4      0xb9f ./Drivers/STM32F1xx_HAL_Driver/Src/stm32f1xx_hal_i2c.o
                                      0x7d637 (size before relaxing)
 .debug_str     0x000000000008c843      0x209 ./Drivers/STM32F1xx_HAL_Driver/Src/stm32f1xx_hal_rcc.o
                                      0x7c99f (size before relaxing)

.debug_frame    0x0000000000000000     0x3a20
 .debug_frame   0x0000000000000000       0x38 ./Core/Src/fonts.o
 .debug_frame   0x0000000000000038       0xe4 ./Core/Src/heap_2.o
 .debug_frame   0x000000000000011c       0xd8 ./Core/Src/list.o
 .debug_frame   0x00000000000001f4      0x118 ./Core/Src/main.o
 .debug_frame   0x000000000000030c      0x160 ./Core/Src/port.o
 .debug_frame   0x000000000000046c      0x41c ./Core/Src/queue.o
 .debug_frame   0x0000000000000888      0x414 ./Core/Src/ssd1306.o
 .debug_frame   0x0000000000000c9c       0x80 ./Core/Src/stm32f1xx_hal_msp.o
 .debug_frame   0x0000000000000d1c      0x2ac ./Core/Src/syscalls.o
 .debug_frame   0x0000000000000fc8       0x34 ./Core/Src/sysmem.o
 .debug_frame   0x0000000000000ffc       0x58 ./Core/Src/system_stm32f1xx.o
 .debug_frame   0x0000000000001054      0x888 ./Core/Src/tasks.o
 .debug_frame   0x00000000000018dc      0x334 ./Drivers/STM32F1xx_HAL_Driver/Src/stm32f1xx_hal.o
 .debug_frame   0x0000000000001c10      0x428 ./Drivers/STM32F1xx_HAL_Driver/Src/stm32f1xx_hal_cortex.o
 .debug_frame   0x0000000000002038      0x14c ./Drivers/STM32F1xx_HAL_Driver/Src/stm32f1xx_hal_gpio.o
 .debug_frame   0x0000000000002184      0xc84 ./Drivers/STM32F1xx_HAL_Driver/Src/stm32f1xx_hal_i2c.o
 .debug_frame   0x0000000000002e08      0x218 ./Drivers/STM32F1xx_HAL_Driver/Src/stm32f1xx_hal_rcc.o
 .debug_frame   0x0000000000003020       0x44 /opt/st/stm32cubeide_1.13.2/plugins/com.st.stm32cube.ide.mcu.externaltools.gnu-tools-for-stm32.11.3.rel1.linux64_1.1.1.202309131626/tools/bin/../lib/gcc/arm-none-eabi/11.3.1/../../../../arm-none-eabi/lib/thumb/v7-m/nofp/libc_nano.a(libc_a-rand.o)
 .debug_frame   0x0000000000003064      0x144 /opt/st/stm32cubeide_1.13.2/plugins/com.st.stm32cube.ide.mcu.externaltools.gnu-tools-for-stm32.11.3.rel1.linux64_1.1.1.202309131626/tools/bin/../lib/gcc/arm-none-eabi/11.3.1/../../../../arm-none-eabi/lib/thumb/v7-m/nofp/libc_nano.a(libc_a-findfp.o)