Archive member included to satisfy reference by file (symbol)

/opt/st/stm32cubeide_1.13.2/plugins/com.st.stm32cube.ide.mcu.externaltools.gnu-tools-for-stm32.11.3.rel1.linux64_1.1.1.202309131626/tools/bin/../lib/gcc/arm-none-eabi/11.3.1/../../../../arm-none-eabi/lib/thumb/v7-m/nofp/libc_nano.a(libc_a-exit.o)
                              /opt/st/stm32cubeide_1.13.2/plugins/com.st.stm32cube.ide.mcu.externaltools.gnu-tools-for-stm32.11.3.rel1.linux64_1.1.1.202309131626/tools/bin/../lib/gcc/arm-none-eabi/11.3.1/../../../../arm-none-eabi/lib/thumb/v7-m/nofp/crt0.o (exit)
/opt/st/stm32cubeide_1.13.2/plugins/com.st.stm32cube.ide.mcu.externaltools.gnu-tools-for-stm32.11.3.rel1.linux64_1.1.1.202309131626/tools/bin/../lib/gcc/arm-none-eabi/11.3.1/../../../../arm-none-eabi/lib/thumb/v7-m/nofp/libc_nano.a(libc_a-findfp.o)
                              /opt/st/stm32cubeide_1.13.2/plugins/com.st.stm32cube.ide.mcu.externaltools.gnu-tools-for-stm32.11.3.rel1.linux64_1.1.1.202309131626/tools/bin/../lib/gcc/arm-none-eabi/11.3.1/../../../../arm-none-eabi/lib/thumb/v7-m/nofp/libc_nano.a(libc_a-exit.o) (__stdio_exit_handler)
/opt/st/stm32cubeide_1.13.2/plugins/com.st.stm32cube.ide.mcu.externaltools.gnu-tools-for-stm32.11.3.rel1.linux64_1.1.1.202309131626/tools/bin/../lib/gcc/arm-none-eabi/11.3.1/../../../../arm-none-eabi/lib/thumb/v7-m/nofp/libc_nano.a(libc_a-fwalk.o)
                              /opt/st/stm32cubeide_1.13.2/plugins/com.st.stm32cube.ide.mcu.externaltools.gnu-tools-for-stm32.11.3.rel1.linux64_1.1.1.202309131626/tools/bin/../lib/gcc/arm-none-eabi/11.3.1/../../../../arm-none-eabi/lib/thumb/v7-m/nofp/libc_nano.a(libc_a-findfp.o) (_fwalk_sglue)
/opt/st/stm32cubeide_1.13.2/plugins/com.st.stm32cube.ide.mcu.externaltools.gnu-tools-for-stm32.11.3.rel1.linux64_1.1.1.202309131626/tools/bin/../lib/gcc/arm-none-eabi/11.3.1/../../../../arm-none-eabi/lib/thumb/v7-m/nofp/libc_nano.a(libc_a-stdio.o)
                              /opt/st/stm32cubeide_1.13.2/plugins/com.st.stm32cube.ide.mcu.externaltools.gnu-tools-for-stm32.11.3.rel1.linux64_1.1.1.202309131626/tools/bin/../lib/gcc/arm-none-eabi/11.3.1/../../../../arm-none-eabi/lib/thumb/v7-m/nofp/libc_nano.a(libc_a-findfp.o) (__sread)
/opt/st/stm32cubeide_1.13.2/plugins/com.st.stm32cube.ide.mcu.externaltools.gnu-tools-for-stm32.11.3.rel1.linux64_1.1.1.202309131626/tools/bin/../lib/gcc/arm-none-eabi/11.3.1/../../../../arm-none-eabi/lib/thumb/v7-m/nofp/libc_nano.a(libc_a-memset.o)
                              /opt/st/stm32cubeide_1.13.2/plugins/com.st.stm32cube.ide.mcu.externaltools.gnu-tools-for-stm32.11.3.rel1.linux64_1.1.1.202309131626/tools/bin/../lib/gcc/arm-none-eabi/11.3.1/../../../../arm-none-eabi/lib/thumb/v7-m/nofp/crt0.o (memset)
/opt/st/stm32cubeide_1.13.2/plugins/com.st.stm32cube.ide.mcu.externaltools.gnu-tools-for-stm32.11.3.rel1.linux64_1.1.1.202309131626/tools/bin/../lib/gcc/arm-none-eabi/11.3.1/../../../../arm-none-eabi/lib/thumb/v7-m/nofp/libc_nano.a(libc_a-closer.o)
                              /opt/st/stm32cubeide_1.13.2/plugins/com.st.stm32cube.ide.mcu.externaltools.gnu-tools-for-stm32.11.3.rel1.linux64_1.1.1.202309131626/tools/bin/../lib/gcc/arm-none-eabi/11.3.1/../../../../arm-none-eabi/lib/thumb/v7-m/nofp/libc_nano.a(libc_a-stdio.o) (_close_r)
/opt/st/stm32cubeide_1.13.2/plugins/com.st.stm32cube.ide.mcu.externaltools.gnu-tools-for-stm32.11.3.rel1.linux64_1.1.1.202309131626/tools/bin/../lib/gcc/arm-none-eabi/11.3.1/../../../../arm-none-eabi/lib/thumb/v7-m/nofp/libc_nano.a(libc_a-reent.o)
                              /opt/st/stm32cubeide_1.13.2/plugins/com.st.stm32cube.ide.mcu.externaltools.gnu-tools-for-stm32.11.3.rel1.linux64_1.1.1.202309131626/tools/bin/../lib/gcc/arm-none-eabi/11.3.1/../../../../arm-none-eabi/lib/thumb/v7-m/nofp/libc_nano.a(libc_a-closer.o) (errno)
/opt/st/stm32cubeide_1.13.2/plugins/com.st.stm32cube.ide.mcu.externaltools.gnu-tools-for-stm32.11.3.rel1.linux64_1.1.1.202309131626/tools/bin/../lib/gcc/arm-none-eabi/11.3.1/../../../../arm-none-eabi/lib/thumb/v7-m/nofp/libc_nano.a(libc_a-impure.o)
                              /opt/st/stm32cubeide_1.13.2/plugins/com.st.stm32cube.ide.mcu.externaltools.gnu-tools-for-stm32.11.3.rel1.linux64_1.1.1.202309131626/tools/bin/../lib/gcc/arm-none-eabi/11.3.1/../../../../arm-none-eabi/lib/thumb/v7-m/nofp/libc_nano.a(libc_a-reent.o) (_impure_ptr)
/opt/st/stm32cubeide_1.13.2/plugins/com.st.stm32cube.ide.mcu.externaltools.gnu-tools-for-stm32.11.3.rel1.linux64_1.1.1.202309131626/tools/bin/../lib/gcc/arm-none-eabi/11.3.1/../../../../arm-none-eabi/lib/thumb/v7-m/nofp/libc_nano.a(libc_a-lseekr.o)
                              /opt/st/stm32cubeide_1.13.2/plugins/com.st.stm32cube.ide.mcu.externaltools.gnu-tools-for-stm32.11.3.rel1.linux64_1.1.1.202309131626/tools/bin/../lib/gcc/arm-none-eabi/11.3.1/../../../../arm-none-eabi/lib/thumb/v7-m/nofp/libc_nano.a(libc_a-stdio.o) (_lseek_r)
[...]
Memory Configuration

Name             Origin             Length             Attributes
RAM              0x0000000020000000 0x0000000000005000 xrw
FLASH            0x0000000008000000 0x0000000000010000 xr
*default*        0x0000000000000000 0xffffffffffffffff

Linker script and memory map

LOAD /opt/st/stm32cubeide_1.13.2/plugins/com.st.stm32cube.ide.mcu.externaltools.gnu-tools-for-stm32.11.3.rel1.linux64_1.1.1.202309131626/tools/bin/../lib/gcc/arm-none-eabi/11.3.1/thumb/v7-m/nofp/crti.o
LOAD /opt/st/stm32cubeide_1.13.2/plugins/com.st.stm32cube.ide.mcu.externaltools.gnu-tools-for-stm32.11.3.rel1.linux64_1.1.1.202309131626/tools/bin/../lib/gcc/arm-none-eabi/11.3.1/thumb/v7-m/nofp/crtbegin.o
LOAD /opt/st/stm32cubeide_1.13.2/plugins/com.st.stm32cube.ide.mcu.externaltools.gnu-tools-for-stm32.11.3.rel1.linux64_1.1.1.202309131626/tools/bin/../lib/gcc/arm-none-eabi/11.3.1/../../../../arm-none-eabi/lib/thumb/v7-m/nofp/crt0.o
LOAD ./Core/Src/croutine.o
LOAD ./Core/Src/event_groups.o
LOAD ./Core/Src/heap_2.o
LOAD ./Core/Src/list.o
LOAD ./Core/Src/main.o
LOAD ./Core/Src/port.o
LOAD ./Core/Src/queue.o
LOAD ./Core/Src/stm32f1xx_hal_msp.o
LOAD ./Core/Src/syscalls.o
LOAD ./Core/Src/sysmem.o
LOAD ./Core/Src/system_stm32f1xx.o
LOAD ./Core/Src/tasks.o
LOAD ./Core/Src/timers.o
LOAD ./Core/Startup/startup_stm32f103c8tx.o
LOAD ./Drivers/STM32F1xx_HAL_Driver/Src/stm32f1xx_hal.o
LOAD ./Drivers/STM32F1xx_HAL_Driver/Src/stm32f1xx_hal_cortex.o
LOAD ./Drivers/STM32F1xx_HAL_Driver/Src/stm32f1xx_hal_dma.o
LOAD ./Drivers/STM32F1xx_HAL_Driver/Src/stm32f1xx_hal_exti.o
LOAD ./Drivers/STM32F1xx_HAL_Driver/Src/stm32f1xx_hal_flash.o
LOAD ./Drivers/STM32F1xx_HAL_Driver/Src/stm32f1xx_hal_flash_ex.o
LOAD ./Drivers/STM32F1xx_HAL_Driver/Src/stm32f1xx_hal_gpio.o
LOAD ./Drivers/STM32F1xx_HAL_Driver/Src/stm32f1xx_hal_gpio_ex.o
LOAD ./Drivers/STM32F1xx_HAL_Driver/Src/stm32f1xx_hal_pwr.o
LOAD ./Drivers/STM32F1xx_HAL_Driver/Src/stm32f1xx_hal_rcc.o
LOAD ./Drivers/STM32F1xx_HAL_Driver/Src/stm32f1xx_hal_rcc_ex.o
START GROUP
LOAD /opt/st/stm32cubeide_1.13.2/plugins/com.st.stm32cube.ide.mcu.externaltools.gnu-tools-for-stm32.11.3.rel1.linux64_1.1.1.202309131626/tools/bin/../lib/gcc/arm-none-eabi/11.3.1/../../../../arm-none-eabi/lib/thumb/v7-m/nofp/libc_nano.a
LOAD /opt/st/stm32cubeide_1.13.2/plugins/com.st.stm32cube.ide.mcu.externaltools.gnu-tools-for-stm32.11.3.rel1.linux64_1.1.1.202309131626/tools/bin/../lib/gcc/arm-none-eabi/11.3.1/../../../../arm-none-eabi/lib/thumb/v7-m/nofp/libm.a
END GROUP
START GROUP
LOAD /opt/st/stm32cubeide_1.13.2/plugins/com.st.stm32cube.ide.mcu.externaltools.gnu-tools-for-stm32.11.3.rel1.linux64_1.1.1.202309131626/tools/bin/../lib/gcc/arm-none-eabi/11.3.1/thumb/v7-m/nofp/libgcc.a
LOAD /opt/st/stm32cubeide_1.13.2/plugins/com.st.stm32cube.ide.mcu.externaltools.gnu-tools-for-stm32.11.3.rel1.linux64_1.1.1.202309131626/tools/bin/../lib/gcc/arm-none-eabi/11.3.1/../../../../arm-none-eabi/lib/thumb/v7-m/nofp/libc_nano.a
END GROUP
START GROUP
LOAD /opt/st/stm32cubeide_1.13.2/plugins/com.st.stm32cube.ide.mcu.externaltools.gnu-tools-for-stm32.11.3.rel1.linux64_1.1.1.202309131626/tools/bin/../lib/gcc/arm-none-eabi/11.3.1/thumb/v7-m/nofp/libgcc.a
LOAD /opt/st/stm32cubeide_1.13.2/plugins/com.st.stm32cube.ide.mcu.externaltools.gnu-tools-for-stm32.11.3.rel1.linux64_1.1.1.202309131626/tools/bin/../lib/gcc/arm-none-eabi/11.3.1/../../../../arm-none-eabi/lib/thumb/v7-m/nofp/libc_nano.a
LOAD /opt/st/stm32cubeide_1.13.2/plugins/com.st.stm32cube.ide.mcu.externaltools.gnu-tools-for-stm32.11.3.rel1.linux64_1.1.1.202309131626/tools/bin/../lib/gcc/arm-none-eabi/11.3.1/../../../../arm-none-eabi/lib/thumb/v7-m/nofp/libnosys.a
END GROUP
START GROUP
LOAD /opt/st/stm32cubeide_1.13.2/plugins/com.st.stm32cube.ide.mcu.externaltools.gnu-tools-for-stm32.11.3.rel1.linux64_1.1.1.202309131626/tools/bin/../lib/gcc/arm-none-eabi/11.3.1/thumb/v7-m/nofp/libgcc.a
LOAD /opt/st/stm32cubeide_1.13.2/plugins/com.st.stm32cube.ide.mcu.externaltools.gnu-tools-for-stm32.11.3.rel1.linux64_1.1.1.202309131626/tools/bin/../lib/gcc/arm-none-eabi/11.3.1/../../../../arm-none-eabi/lib/thumb/v7-m/nofp/libc_nano.a
LOAD /opt/st/stm32cubeide_1.13.2/plugins/com.st.stm32cube.ide.mcu.externaltools.gnu-tools-for-stm32.11.3.rel1.linux64_1.1.1.202309131626/tools/bin/../lib/gcc/arm-none-eabi/11.3.1/../../../../arm-none-eabi/lib/thumb/v7-m/nofp/libnosys.a
END GROUP
LOAD /opt/st/stm32cubeide_1.13.2/plugins/com.st.stm32cube.ide.mcu.externaltools.gnu-tools-for-stm32.11.3.rel1.linux64_1.1.1.202309131626/tools/bin/../lib/gcc/arm-none-eabi/11.3.1/thumb/v7-m/nofp/crtend.o
LOAD /opt/st/stm32cubeide_1.13.2/plugins/com.st.stm32cube.ide.mcu.externaltools.gnu-tools-for-stm32.11.3.rel1.linux64_1.1.1.202309131626/tools/bin/../lib/gcc/arm-none-eabi/11.3.1/thumb/v7-m/nofp/crtn.o
                0x0000000020005000                _estack = (ORIGIN (RAM) + LENGTH (RAM))
                0x0000000000000200                _Min_Heap_Size = 0x200
                0x0000000000000400                _Min_Stack_Size = 0x400

.isr_vector     0x0000000008000000      0x10c
                0x0000000008000000                . = ALIGN (0x4)
 *(.isr_vector)
 .isr_vector    0x0000000008000000      0x10c ./Core/Startup/startup_stm32f103c8tx.o
                0x0000000008000000                g_pfnVectors
                0x000000000800010c                . = ALIGN (0x4)

.text           0x0000000008000110     0x1810
                0x0000000008000110                . = ALIGN (0x4)
 *(.text)
 .text          0x0000000008000110       0x40 /opt/st/stm32cubeide_1.13.2/plugins/com.st.stm32cube.ide.mcu.externaltools.gnu-tools-for-stm32.11.3.rel1.linux64_1.1.1.202309131626/tools/bin/../lib/gcc/arm-none-eabi/11.3.1/thumb/v7-m/nofp/crtbegin.o
 *(.text*)
 .text.pvPortMalloc
                0x0000000008000150      0x13c ./Core/Src/heap_2.o
                0x0000000008000150                pvPortMalloc
 .text.vPortFree
                0x000000000800028c       0x98 ./Core/Src/heap_2.o
                0x000000000800028c                vPortFree
 .text.prvHeapInit
                0x0000000008000324       0x50 ./Core/Src/heap_2.o
 .text.vListInitialise
                0x0000000008000374       0x3e ./Core/Src/list.o
                0x0000000008000374                vListInitialise
 .text.vListInitialiseItem
                0x00000000080003b2       0x18 ./Core/Src/list.o
                0x00000000080003b2                vListInitialiseItem
 .text.vListInsert
                0x00000000080003ca       0x70 ./Core/Src/list.o
                0x00000000080003ca                vListInsert
 .text.uxListRemove
                0x000000000800043a       0x52 ./Core/Src/list.o
                0x000000000800043a                uxListRemove
 .text.main     0x000000000800048c       0x70 ./Core/Src/main.o
                0x000000000800048c                main
 .text.MX_GPIO_Init
                0x00000000080004fc       0x68 ./Core/Src/main.o
 .text.LED_01   0x0000000008000564       0x20 ./Core/Src/main.o
                0x0000000008000564                LED_01
 .text.LED_02   0x0000000008000584       0x20 ./Core/Src/main.o
                0x0000000008000584                LED_02
 .text.LED_03   0x00000000080005a4       0x20 ./Core/Src/main.o
                0x00000000080005a4                LED_03
 .text.pxPortInitialiseStack
                0x00000000080005c4       0x58 ./Core/Src/port.o
                0x00000000080005c4                pxPortInitialiseStack
 .text.prvTaskExitError
                0x000000000800061c       0x32 ./Core/Src/port.o
 *fill*         0x000000000800064e        0x2 
 .text.SVC_Handler
                0x0000000008000650       0x28 ./Core/Src/port.o
                0x0000000008000650                SVC_Handler
 .text.prvPortStartFirstTask
                0x0000000008000678       0x24 ./Core/Src/port.o
 .text.xPortStartScheduler
                0x000000000800069c       0x40 ./Core/Src/port.o
                0x000000000800069c                xPortStartScheduler
 .text.vPortEnterCritical
                0x00000000080006dc       0x34 ./Core/Src/port.o
                0x00000000080006dc                vPortEnterCritical
 .text.vPortExitCritical
                0x0000000008000710       0x34 ./Core/Src/port.o
                0x0000000008000710                vPortExitCritical
 *fill*         0x0000000008000744        0xc 
 .text.PendSV_Handler
                0x0000000008000750       0x48 ./Core/Src/port.o
                0x0000000008000750                PendSV_Handler
 .text.SysTick_Handler
                0x0000000008000798       0x44 ./Core/Src/port.o
                0x0000000008000798                SysTick_Handler
 .text.vPortSetupTimerInterrupt
                0x00000000080007dc       0x34 ./Core/Src/port.o
                0x00000000080007dc                vPortSetupTimerInterrupt
 .text.HAL_MspInit
                0x0000000008000810       0x44 ./Core/Src/stm32f1xx_hal_msp.o
                0x0000000008000810                HAL_MspInit
 .text.SystemInit
                0x0000000008000854        0xc ./Core/Src/system_stm32f1xx.o
                0x0000000008000854                SystemInit
 .text.xTaskCreate
                0x0000000008000860       0x8c ./Core/Src/tasks.o
                0x0000000008000860                xTaskCreate
 .text.prvInitialiseNewTask
                0x00000000080008ec       0xe0 ./Core/Src/tasks.o
 .text.prvAddNewTaskToReadyList
                0x00000000080009cc      0x12c ./Core/Src/tasks.o
 .text.vTaskDelay
                0x0000000008000af8       0x48 ./Core/Src/tasks.o
                0x0000000008000af8                vTaskDelay
 .text.vTaskStartScheduler
                0x0000000008000b40       0x78 ./Core/Src/tasks.o
                0x0000000008000b40                vTaskStartScheduler
 .text.vTaskSuspendAll
                0x0000000008000bb8       0x1c ./Core/Src/tasks.o
                0x0000000008000bb8                vTaskSuspendAll
 .text.xTaskResumeAll
                0x0000000008000bd4      0x1d8 ./Core/Src/tasks.o
                0x0000000008000bd4                xTaskResumeAll
 .text.xTaskIncrementTick
                0x0000000008000dac      0x20c ./Core/Src/tasks.o
                0x0000000008000dac                xTaskIncrementTick
 .text.vTaskSwitchContext
                0x0000000008000fb8       0x8c ./Core/Src/tasks.o
                0x0000000008000fb8                vTaskSwitchContext
 .text.prvIdleTask
                0x0000000008001044       0x30 ./Core/Src/tasks.o
 .text.prvInitialiseTaskLists
                0x0000000008001074       0x80 ./Core/Src/tasks.o
 .text.prvCheckTasksWaitingTermination
                0x00000000080010f4       0x5c ./Core/Src/tasks.o
 .text.prvDeleteTCB
                0x0000000008001150       0x20 ./Core/Src/tasks.o
 .text.prvResetNextTaskUnblockTime
                0x0000000008001170       0x34 ./Core/Src/tasks.o
 .text.prvAddCurrentTaskToDelayedList
                0x00000000080011a4      0x100 ./Core/Src/tasks.o
 .text.Reset_Handler
                0x00000000080012a4       0x48 ./Core/Startup/startup_stm32f103c8tx.o
                0x00000000080012a4                Reset_Handler
 .text.Default_Handler
                0x00000000080012ec        0x2 ./Core/Startup/startup_stm32f103c8tx.o
                0x00000000080012ec                RTC_Alarm_IRQHandler
                0x00000000080012ec                EXTI2_IRQHandler
                0x00000000080012ec                DebugMon_Handler
                0x00000000080012ec                TIM1_CC_IRQHandler
                0x00000000080012ec                HardFault_Handler
                0x00000000080012ec                PVD_IRQHandler
                0x00000000080012ec                NMI_Handler
                0x00000000080012ec                EXTI3_IRQHandler
                0x00000000080012ec                EXTI0_IRQHandler
                0x00000000080012ec                I2C2_EV_IRQHandler
                0x00000000080012ec                UsageFault_Handler
                0x00000000080012ec                ADC1_2_IRQHandler
                0x00000000080012ec                SPI1_IRQHandler
                0x00000000080012ec                TAMPER_IRQHandler
                0x00000000080012ec                DMA1_Channel4_IRQHandler
                0x00000000080012ec                USART3_IRQHandler
                0x00000000080012ec                RTC_IRQHandler
                0x00000000080012ec                DMA1_Channel7_IRQHandler
                0x00000000080012ec                CAN1_RX1_IRQHandler
                0x00000000080012ec                TIM4_IRQHandler
                0x00000000080012ec                I2C1_EV_IRQHandler
                0x00000000080012ec                DMA1_Channel6_IRQHandler
                0x00000000080012ec                TIM3_IRQHandler
                0x00000000080012ec                RCC_IRQHandler
                0x00000000080012ec                TIM1_TRG_COM_IRQHandler
                0x00000000080012ec                DMA1_Channel1_IRQHandler
                0x00000000080012ec                Default_Handler
                0x00000000080012ec                EXTI15_10_IRQHandler
                0x00000000080012ec                EXTI9_5_IRQHandler
                0x00000000080012ec                SPI2_IRQHandler
                0x00000000080012ec                MemManage_Handler
                0x00000000080012ec                DMA1_Channel5_IRQHandler
                0x00000000080012ec                EXTI4_IRQHandler
                0x00000000080012ec                USB_LP_CAN1_RX0_IRQHandler
                0x00000000080012ec                USB_HP_CAN1_TX_IRQHandler
                0x00000000080012ec                DMA1_Channel3_IRQHandler
                0x00000000080012ec                TIM1_UP_IRQHandler
                0x00000000080012ec                WWDG_IRQHandler
                0x00000000080012ec                TIM2_IRQHandler
                0x00000000080012ec                TIM1_BRK_IRQHandler
                0x00000000080012ec                EXTI1_IRQHandler
                0x00000000080012ec                USART2_IRQHandler
                0x00000000080012ec                I2C2_ER_IRQHandler
                0x00000000080012ec                DMA1_Channel2_IRQHandler
                0x00000000080012ec                CAN1_SCE_IRQHandler
                0x00000000080012ec                FLASH_IRQHandler
                0x00000000080012ec                BusFault_Handler
                0x00000000080012ec                USART1_IRQHandler
                0x00000000080012ec                I2C1_ER_IRQHandler
                0x00000000080012ec                USBWakeUp_IRQHandler
 *fill*         0x00000000080012ee        0x2 
 .text.HAL_Init
                0x00000000080012f0       0x2c ./Drivers/STM32F1xx_HAL_Driver/Src/stm32f1xx_hal.o
                0x00000000080012f0                HAL_Init
 .text.HAL_InitTick
                0x000000000800131c       0x60 ./Drivers/STM32F1xx_HAL_Driver/Src/stm32f1xx_hal.o
                0x000000000800131c                HAL_InitTick
 .text.__NVIC_SetPriorityGrouping
                0x000000000800137c       0x48 ./Drivers/STM32F1xx_HAL_Driver/Src/stm32f1xx_hal_cortex.o
 .text.__NVIC_GetPriorityGrouping
                0x00000000080013c4       0x1c ./Drivers/STM32F1xx_HAL_Driver/Src/stm32f1xx_hal_cortex.o
 .text.__NVIC_SetPriority
                0x00000000080013e0       0x54 ./Drivers/STM32F1xx_HAL_Driver/Src/stm32f1xx_hal_cortex.o
 .text.NVIC_EncodePriority
                0x0000000008001434       0x64 ./Drivers/STM32F1xx_HAL_Driver/Src/stm32f1xx_hal_cortex.o
 .text.SysTick_Config
                0x0000000008001498       0x44 ./Drivers/STM32F1xx_HAL_Driver/Src/stm32f1xx_hal_cortex.o
 .text.HAL_NVIC_SetPriorityGrouping
                0x00000000080014dc       0x16 ./Drivers/STM32F1xx_HAL_Driver/Src/stm32f1xx_hal_cortex.o
                0x00000000080014dc                HAL_NVIC_SetPriorityGrouping
 .text.HAL_NVIC_SetPriority
                0x00000000080014f2       0x38 ./Drivers/STM32F1xx_HAL_Driver/Src/stm32f1xx_hal_cortex.o
                0x00000000080014f2                HAL_NVIC_SetPriority
 .text.HAL_SYSTICK_Config
                0x000000000800152a       0x18 ./Drivers/STM32F1xx_HAL_Driver/Src/stm32f1xx_hal_cortex.o
                0x000000000800152a                HAL_SYSTICK_Config
 *fill*         0x0000000008001542        0x2 
 .text.HAL_GPIO_Init
                0x0000000008001544      0x308 ./Drivers/STM32F1xx_HAL_Driver/Src/stm32f1xx_hal_gpio.o
                0x0000000008001544                HAL_GPIO_Init
 .text.HAL_GPIO_WritePin
                0x000000000800184c       0x30 ./Drivers/STM32F1xx_HAL_Driver/Src/stm32f1xx_hal_gpio.o
                0x000000000800184c                HAL_GPIO_WritePin
 .text.HAL_GPIO_TogglePin
                0x000000000800187c       0x32 ./Drivers/STM32F1xx_HAL_Driver/Src/stm32f1xx_hal_gpio.o
                0x000000000800187c                HAL_GPIO_TogglePin
 .text.memset   0x00000000080018ae       0x10 /opt/st/stm32cubeide_1.13.2/plugins/com.st.stm32cube.ide.mcu.externaltools.gnu-tools-for-stm32.11.3.rel1.linux64_1.1.1.202309131626/tools/bin/../lib/gcc/arm-none-eabi/11.3.1/../../../../arm-none-eabi/lib/thumb/v7-m/nofp/libc_nano.a(libc_a-memset.o)
                0x00000000080018ae                memset
 *fill*         0x00000000080018be        0x2 
 .text.__libc_init_array
                0x00000000080018c0       0x48 /opt/st/stm32cubeide_1.13.2/plugins/com.st.stm32cube.ide.mcu.externaltools.gnu-tools-for-stm32.11.3.rel1.linux64_1.1.1.202309131626/tools/bin/../lib/gcc/arm-none-eabi/11.3.1/../../../../arm-none-eabi/lib/thumb/v7-m/nofp/libc_nano.a(libc_a-init.o)
                0x00000000080018c0                __libc_init_array
 *(.glue_7)
 .glue_7        0x0000000008001908        0x0 linker stubs
 *(.glue_7t)
 .glue_7t       0x0000000008001908        0x0 linker stubs
 *(.eh_frame)
 .eh_frame      0x0000000008001908        0x0 /opt/st/stm32cubeide_1.13.2/plugins/com.st.stm32cube.ide.mcu.externaltools.gnu-tools-for-stm32.11.3.rel1.linux64_1.1.1.202309131626/tools/bin/../lib/gcc/arm-none-eabi/11.3.1/thumb/v7-m/nofp/crtbegin.o
 *(.init)
 .init          0x0000000008001908        0x4 /opt/st/stm32cubeide_1.13.2/plugins/com.st.stm32cube.ide.mcu.externaltools.gnu-tools-for-stm32.11.3.rel1.linux64_1.1.1.202309131626/tools/bin/../lib/gcc/arm-none-eabi/11.3.1/thumb/v7-m/nofp/crti.o
                0x0000000008001908                _init
 .init          0x000000000800190c        0x8 /opt/st/stm32cubeide_1.13.2/plugins/com.st.stm32cube.ide.mcu.externaltools.gnu-tools-for-stm32.11.3.rel1.linux64_1.1.1.202309131626/tools/bin/../lib/gcc/arm-none-eabi/11.3.1/thumb/v7-m/nofp/crtn.o
 *(.fini)
 .fini          0x0000000008001914        0x4 /opt/st/stm32cubeide_1.13.2/plugins/com.st.stm32cube.ide.mcu.externaltools.gnu-tools-for-stm32.11.3.rel1.linux64_1.1.1.202309131626/tools/bin/../lib/gcc/arm-none-eabi/11.3.1/thumb/v7-m/nofp/crti.o
                0x0000000008001914                _fini
 .fini          0x0000000008001918        0x8 /opt/st/stm32cubeide_1.13.2/plugins/com.st.stm32cube.ide.mcu.externaltools.gnu-tools-for-stm32.11.3.rel1.linux64_1.1.1.202309131626/tools/bin/../lib/gcc/arm-none-eabi/11.3.1/thumb/v7-m/nofp/crtn.o
                0x0000000008001920                . = ALIGN (0x4)
                0x0000000008001920                _etext = .

.vfp11_veneer   0x0000000008001920        0x0
 .vfp11_veneer  0x0000000008001920        0x0 linker stubs

.v4_bx          0x0000000008001920        0x0
 .v4_bx         0x0000000008001920        0x0 linker stubs

.iplt           0x0000000008001920        0x0
 .iplt          0x0000000008001920        0x0 /opt/st/stm32cubeide_1.13.2/plugins/com.st.stm32cube.ide.mcu.externaltools.gnu-tools-for-stm32.11.3.rel1.linux64_1.1.1.202309131626/tools/bin/../lib/gcc/arm-none-eabi/11.3.1/thumb/v7-m/nofp/crtbegin.o

.rodata         0x0000000008001920       0x2c
                0x0000000008001920                . = ALIGN (0x4)
 *(.rodata)
 .rodata        0x0000000008001920       0x23 ./Core/Src/main.o
 *fill*         0x0000000008001943        0x1 
 .rodata        0x0000000008001944        0x5 ./Core/Src/tasks.o
 *(.rodata*)
                0x000000000800194c                . = ALIGN (0x4)
 *fill*         0x0000000008001949        0x3 

.rel.dyn        0x000000000800194c        0x0
 .rel.iplt      0x000000000800194c        0x0 /opt/st/stm32cubeide_1.13.2/plugins/com.st.stm32cube.ide.mcu.externaltools.gnu-tools-for-stm32.11.3.rel1.linux64_1.1.1.202309131626/tools/bin/../lib/gcc/arm-none-eabi/11.3.1/thumb/v7-m/nofp/crtbegin.o

.ARM.extab      0x000000000800194c        0x0
                0x000000000800194c                . = ALIGN (0x4)
 *(.ARM.extab* .gnu.linkonce.armextab.*)
                0x000000000800194c                . = ALIGN (0x4)

.ARM            0x000000000800194c        0x0
                0x000000000800194c                . = ALIGN (0x4)
                0x000000000800194c                __exidx_start = .
 *(.ARM.exidx*)
                0x000000000800194c                __exidx_end = .
                0x000000000800194c                . = ALIGN (0x4)

.preinit_array  0x000000000800194c        0x0
                0x000000000800194c                . = ALIGN (0x4)
                0x000000000800194c                PROVIDE (__preinit_array_start = .)
 *(.preinit_array*)
                0x000000000800194c                PROVIDE (__preinit_array_end = .)
                0x000000000800194c                . = ALIGN (0x4)

.init_array     0x000000000800194c        0x4
                0x000000000800194c                . = ALIGN (0x4)
                0x000000000800194c                PROVIDE (__init_array_start = .)
 *(SORT_BY_NAME(.init_array.*))
 *(.init_array*)
 .init_array    0x000000000800194c        0x4 /opt/st/stm32cubeide_1.13.2/plugins/com.st.stm32cube.ide.mcu.externaltools.gnu-tools-for-stm32.11.3.rel1.linux64_1.1.1.202309131626/tools/bin/../lib/gcc/arm-none-eabi/11.3.1/thumb/v7-m/nofp/crtbegin.o
                0x0000000008001950                PROVIDE (__init_array_end = .)
                0x0000000008001950                . = ALIGN (0x4)

.fini_array     0x0000000008001950        0x4
                0x0000000008001950                . = ALIGN (0x4)
                [!provide]                        PROVIDE (__fini_array_start = .)
 *(SORT_BY_NAME(.fini_array.*))
 *(.fini_array*)
 .fini_array    0x0000000008001950        0x4 /opt/st/stm32cubeide_1.13.2/plugins/com.st.stm32cube.ide.mcu.externaltools.gnu-tools-for-stm32.11.3.rel1.linux64_1.1.1.202309131626/tools/bin/../lib/gcc/arm-none-eabi/11.3.1/thumb/v7-m/nofp/crtbegin.o
                [!provide]                        PROVIDE (__fini_array_end = .)
                0x0000000008001954                . = ALIGN (0x4)
                0x0000000008001954                _sidata = LOADADDR (.data)

.data           0x0000000020000000       0x18 load address 0x0000000008001954
                0x0000000020000000                . = ALIGN (0x4)
                0x0000000020000000                _sdata = .
 *(.data)
 *(.data*)
 .data.xFreeBytesRemaining
                0x0000000020000000        0x4 ./Core/Src/heap_2.o
 .data.uxCriticalNesting
                0x0000000020000004        0x4 ./Core/Src/port.o
 .data.SystemCoreClock
                0x0000000020000008        0x4 ./Core/Src/system_stm32f1xx.o
                0x0000000020000008                SystemCoreClock
 .data.uxTopUsedPriority
                0x000000002000000c        0x4 ./Core/Src/tasks.o
                0x000000002000000c                uxTopUsedPriority
 .data.uwTickPrio
                0x0000000020000010        0x4 ./Drivers/STM32F1xx_HAL_Driver/Src/stm32f1xx_hal.o
                0x0000000020000010                uwTickPrio
 .data.uwTickFreq
                0x0000000020000014        0x1 ./Drivers/STM32F1xx_HAL_Driver/Src/stm32f1xx_hal.o
                0x0000000020000014                uwTickFreq
 *(.RamFunc)
 *(.RamFunc*)
                0x0000000020000018                . = ALIGN (0x4)
 *fill*         0x0000000020000015        0x3 
                0x0000000020000018                _edata = .

.igot.plt       0x0000000020000018        0x0 load address 0x000000000800196c
 .igot.plt      0x0000000020000018        0x0 /opt/st/stm32cubeide_1.13.2/plugins/com.st.stm32cube.ide.mcu.externaltools.gnu-tools-for-stm32.11.3.rel1.linux64_1.1.1.202309131626/tools/bin/../lib/gcc/arm-none-eabi/11.3.1/thumb/v7-m/nofp/crtbegin.o
                0x0000000020000018                . = ALIGN (0x4)

.bss            0x0000000020000018     0x2948 load address 0x000000000800196c
                0x0000000020000018                _sbss = .
                0x0000000020000018                __bss_start__ = _sbss
 *(.bss)
 .bss           0x0000000020000018       0x1c /opt/st/stm32cubeide_1.13.2/plugins/com.st.stm32cube.ide.mcu.externaltools.gnu-tools-for-stm32.11.3.rel1.linux64_1.1.1.202309131626/tools/bin/../lib/gcc/arm-none-eabi/11.3.1/thumb/v7-m/nofp/crtbegin.o
 *(.bss*)
 .bss.ucHeap    0x0000000020000034     0x2800 ./Core/Src/heap_2.o
 .bss.xStart    0x0000000020002834        0x8 ./Core/Src/heap_2.o
 .bss.xEnd      0x000000002000283c        0x8 ./Core/Src/heap_2.o
 .bss.xHeapHasBeenInitialised.0
                0x0000000020002844        0x4 ./Core/Src/heap_2.o
 .bss.pxCurrentTCB
                0x0000000020002848        0x4 ./Core/Src/tasks.o
                0x0000000020002848                pxCurrentTCB
 .bss.pxReadyTasksLists
                0x000000002000284c       0x78 ./Core/Src/tasks.o
 .bss.xDelayedTaskList1
                0x00000000200028c4       0x14 ./Core/Src/tasks.o
 .bss.xDelayedTaskList2
                0x00000000200028d8       0x14 ./Core/Src/tasks.o
 .bss.pxDelayedTaskList
                0x00000000200028ec        0x4 ./Core/Src/tasks.o
 .bss.pxOverflowDelayedTaskList
                0x00000000200028f0        0x4 ./Core/Src/tasks.o
 .bss.xPendingReadyList
                0x00000000200028f4       0x14 ./Core/Src/tasks.o
 .bss.xTasksWaitingTermination
                0x0000000020002908       0x14 ./Core/Src/tasks.o
 .bss.uxDeletedTasksWaitingCleanUp
                0x000000002000291c        0x4 ./Core/Src/tasks.o
 .bss.xSuspendedTaskList
                0x0000000020002920       0x14 ./Core/Src/tasks.o
 .bss.uxCurrentNumberOfTasks
                0x0000000020002934        0x4 ./Core/Src/tasks.o
 .bss.xTickCount
                0x0000000020002938        0x4 ./Core/Src/tasks.o
 .bss.uxTopReadyPriority
                0x000000002000293c        0x4 ./Core/Src/tasks.o
 .bss.xSchedulerRunning
                0x0000000020002940        0x4 ./Core/Src/tasks.o
 .bss.xPendedTicks
                0x0000000020002944        0x4 ./Core/Src/tasks.o
 .bss.xYieldPending
                0x0000000020002948        0x4 ./Core/Src/tasks.o
 .bss.xNumOfOverflows
                0x000000002000294c        0x4 ./Core/Src/tasks.o
 .bss.uxTaskNumber
                0x0000000020002950        0x4 ./Core/Src/tasks.o
 .bss.xNextTaskUnblockTime
                0x0000000020002954        0x4 ./Core/Src/tasks.o
 .bss.xIdleTaskHandle
                0x0000000020002958        0x4 ./Core/Src/tasks.o
 .bss.uxSchedulerSuspended
                0x000000002000295c        0x4 ./Core/Src/tasks.o
 *(COMMON)
                0x0000000020002960                . = ALIGN (0x4)
                0x0000000020002960                _ebss = .
                0x0000000020002960                __bss_end__ = _ebss

._user_heap_stack
                0x0000000020002960      0x600 load address 0x000000000800196c
                0x0000000020002960                . = ALIGN (0x8)
                [!provide]                        PROVIDE (end = .)
                0x0000000020002960                PROVIDE (_end = .)
                0x0000000020002b60                . = (. + _Min_Heap_Size)
 *fill*         0x0000000020002960      0x200 
                0x0000000020002f60                . = (. + _Min_Stack_Size)
 *fill*         0x0000000020002b60      0x400 
                0x0000000020002f60                . = ALIGN (0x8)

/DISCARD/
 libc.a(*)
 libm.a(*)
 libgcc.a(*)

.ARM.attributes
                0x0000000000000000       0x29
 *(.ARM.attributes)
 .ARM.attributes
                0x0000000000000000       0x1d /opt/st/stm32cubeide_1.13.2/plugins/com.st.stm32cube.ide.mcu.externaltools.gnu-tools-for-stm32.11.3.rel1.linux64_1.1.1.202309131626/tools/bin/../lib/gcc/arm-none-eabi/11.3.1/thumb/v7-m/nofp/crti.o
 .ARM.attributes
                0x000000000000001d       0x2d /opt/st/stm32cubeide_1.13.2/plugins/com.st.stm32cube.ide.mcu.externaltools.gnu-tools-for-stm32.11.3.rel1.linux64_1.1.1.202309131626/tools/bin/../lib/gcc/arm-none-eabi/11.3.1/thumb/v7-m/nofp/crtbegin.o
 .ARM.attributes
                0x000000000000004a       0x2d ./Core/Src/heap_2.o
 .ARM.attributes
                0x0000000000000077       0x2d ./Core/Src/list.o
 .ARM.attributes
                0x00000000000000a4       0x2d ./Core/Src/main.o
 .ARM.attributes
                0x00000000000000d1       0x2d ./Core/Src/port.o
 .ARM.attributes
                0x00000000000000fe       0x2d ./Core/Src/stm32f1xx_hal_msp.o
 .ARM.attributes
                0x000000000000012b       0x2d ./Core/Src/system_stm32f1xx.o
 .ARM.attributes
                0x0000000000000158       0x2d ./Core/Src/tasks.o
 .ARM.attributes
                0x0000000000000185       0x21 ./Core/Startup/startup_stm32f103c8tx.o
 .ARM.attributes
                0x00000000000001a6       0x2d ./Drivers/STM32F1xx_HAL_Driver/Src/stm32f1xx_hal.o
 .ARM.attributes
                0x00000000000001d3       0x2d ./Drivers/STM32F1xx_HAL_Driver/Src/stm32f1xx_hal_cortex.o
 .ARM.attributes
                0x0000000000000200       0x2d ./Drivers/STM32F1xx_HAL_Driver/Src/stm32f1xx_hal_gpio.o
 .ARM.attributes
                0x000000000000022d       0x2d /opt/st/stm32cubeide_1.13.2/plugins/com.st.stm32cube.ide.mcu.externaltools.gnu-tools-for-stm32.11.3.rel1.linux64_1.1.1.202309131626/tools/bin/../lib/gcc/arm-none-eabi/11.3.1/../../../../arm-none-eabi/lib/thumb/v7-m/nofp/libc_nano.a(libc_a-memset.o)
 .ARM.attributes
                0x000000000000025a       0x2d /opt/st/stm32cubeide_1.13.2/plugins/com.st.stm32cube.ide.mcu.externaltools.gnu-tools-for-stm32.11.3.rel1.linux64_1.1.1.202309131626/tools/bin/../lib/gcc/arm-none-eabi/11.3.1/../../../../arm-none-eabi/lib/thumb/v7-m/nofp/libc_nano.a(libc_a-init.o)
 .ARM.attributes
                0x0000000000000287       0x1d /opt/st/stm32cubeide_1.13.2/plugins/com.st.stm32cube.ide.mcu.externaltools.gnu-tools-for-stm32.11.3.rel1.linux64_1.1.1.202309131626/tools/bin/../lib/gcc/arm-none-eabi/11.3.1/thumb/v7-m/nofp/crtn.o
OUTPUT(RTOS_API.elf elf32-littlearm)
LOAD linker stubs
LOAD /opt/st/stm32cubeide_1.13.2/plugins/com.st.stm32cube.ide.mcu.externaltools.gnu-tools-for-stm32.11.3.rel1.linux64_1.1.1.202309131626/tools/bin/../lib/gcc/arm-none-eabi/11.3.1/../../../../arm-none-eabi/lib/thumb/v7-m/nofp/libc.a
LOAD /opt/st/stm32cubeide_1.13.2/plugins/com.st.stm32cube.ide.mcu.externaltools.gnu-tools-for-stm32.11.3.rel1.linux64_1.1.1.202309131626/tools/bin/../lib/gcc/arm-none-eabi/11.3.1/../../../../arm-none-eabi/lib/thumb/v7-m/nofp/libm.a
LOAD /opt/st/stm32cubeide_1.13.2/plugins/com.st.stm32cube.ide.mcu.externaltools.gnu-tools-for-stm32.11.3.rel1.linux64_1.1.1.202309131626/tools/bin/../lib/gcc/arm-none-eabi/11.3.1/thumb/v7-m/nofp/libgcc.a

.comment        0x0000000000000000       0x43
 .comment       0x0000000000000000       0x43 /opt/st/stm32cubeide_1.13.2/plugins/com.st.stm32cube.ide.mcu.externaltools.gnu-tools-for-stm32.11.3.rel1.linux64_1.1.1.202309131626/tools/bin/../lib/gcc/arm-none-eabi/11.3.1/thumb/v7-m/nofp/crtbegin.o
                                         0x44 (size before relaxing)
 .comment       0x0000000000000043       0x44 ./Core/Src/heap_2.o
 .comment       0x0000000000000043       0x44 ./Core/Src/list.o
 .comment       0x0000000000000043       0x44 ./Core/Src/main.o
 .comment       0x0000000000000043       0x44 ./Core/Src/port.o
 .comment       0x0000000000000043       0x44 ./Core/Src/stm32f1xx_hal_msp.o
 .comment       0x0000000000000043       0x44 ./Core/Src/system_stm32f1xx.o
 .comment       0x0000000000000043       0x44 ./Core/Src/tasks.o
 .comment       0x0000000000000043       0x44 ./Drivers/STM32F1xx_HAL_Driver/Src/stm32f1xx_hal.o
 .comment       0x0000000000000043       0x44 ./Drivers/STM32F1xx_HAL_Driver/Src/stm32f1xx_hal_cortex.o
 .comment       0x0000000000000043       0x44 ./Drivers/STM32F1xx_HAL_Driver/Src/stm32f1xx_hal_gpio.o

.debug_info     0x0000000000000000     0x46ab
 .debug_info    0x0000000000000000      0x379 ./Core/Src/heap_2.o
 .debug_info    0x0000000000000379      0x2af ./Core/Src/list.o
 .debug_info    0x0000000000000628      0x41f ./Core/Src/main.o
 .debug_info    0x0000000000000a47      0x2e7 ./Core/Src/port.o
 .debug_info    0x0000000000000d2e      0x169 ./Core/Src/stm32f1xx_hal_msp.o
 .debug_info    0x0000000000000e97      0x222 ./Core/Src/system_stm32f1xx.o
 .debug_info    0x00000000000010b9     0x1e99 ./Core/Src/tasks.o
 .debug_info    0x0000000000002f52       0x23 ./Core/Startup/startup_stm32f103c8tx.o
 .debug_info    0x0000000000002f75      0x704 ./Drivers/STM32F1xx_HAL_Driver/Src/stm32f1xx_hal.o
 .debug_info    0x0000000000003679      0xa87 ./Drivers/STM32F1xx_HAL_Driver/Src/stm32f1xx_hal_cortex.o
 .debug_info    0x0000000000004100      0x5ab ./Drivers/STM32F1xx_HAL_Driver/Src/stm32f1xx_hal_gpio.o

.debug_abbrev   0x0000000000000000     0x131c
 .debug_abbrev  0x0000000000000000      0x1e2 ./Core/Src/heap_2.o
 .debug_abbrev  0x00000000000001e2       0xf5 ./Core/Src/list.o
 .debug_abbrev  0x00000000000002d7      0x1f6 ./Core/Src/main.o
 .debug_abbrev  0x00000000000004cd      0x20c ./Core/Src/port.o
 .debug_abbrev  0x00000000000006d9       0xc6 ./Core/Src/stm32f1xx_hal_msp.o
 .debug_abbrev  0x000000000000079f      0x13f ./Core/Src/system_stm32f1xx.o
 .debug_abbrev  0x00000000000008de      0x369 ./Core/Src/tasks.o
 .debug_abbrev  0x0000000000000c47       0x12 ./Core/Startup/startup_stm32f103c8tx.o
 .debug_abbrev  0x0000000000000c59      0x201 ./Drivers/STM32F1xx_HAL_Driver/Src/stm32f1xx_hal.o
 .debug_abbrev  0x0000000000000e5a      0x2f8 ./Drivers/STM32F1xx_HAL_Driver/Src/stm32f1xx_hal_cortex.o
 .debug_abbrev  0x0000000000001152      0x1ca ./Drivers/STM32F1xx_HAL_Driver/Src/stm32f1xx_hal_gpio.o

.debug_aranges  0x0000000000000000      0x5d0
 .debug_aranges
                0x0000000000000000       0x48 ./Core/Src/heap_2.o
 .debug_aranges
                0x0000000000000048       0x40 ./Core/Src/list.o
 .debug_aranges
                0x0000000000000088       0x40 ./Core/Src/main.o
 .debug_aranges
                0x00000000000000c8       0x70 ./Core/Src/port.o
 .debug_aranges
                0x0000000000000138       0x20 ./Core/Src/stm32f1xx_hal_msp.o
 .debug_aranges
                0x0000000000000158       0x28 ./Core/Src/system_stm32f1xx.o
 .debug_aranges
                0x0000000000000180      0x1f0 ./Core/Src/tasks.o
 .debug_aranges
                0x0000000000000370       0x28 ./Core/Startup/startup_stm32f103c8tx.o
 .debug_aranges
                0x0000000000000398       0xe0 ./Drivers/STM32F1xx_HAL_Driver/Src/stm32f1xx_hal.o
 .debug_aranges
                0x0000000000000478      0x100 ./Drivers/STM32F1xx_HAL_Driver/Src/stm32f1xx_hal_cortex.o
 .debug_aranges
                0x0000000000000578       0x58 ./Drivers/STM32F1xx_HAL_Driver/Src/stm32f1xx_hal_gpio.o

.debug_rnglists
                0x0000000000000000      0x447
 .debug_rnglists
                0x0000000000000000       0x33 ./Core/Src/heap_2.o
 .debug_rnglists
                0x0000000000000033       0x2b ./Core/Src/list.o
 .debug_rnglists
                0x000000000000005e       0x2b ./Core/Src/main.o
 .debug_rnglists
                0x0000000000000089       0x4f ./Core/Src/port.o
 .debug_rnglists
                0x00000000000000d8       0x13 ./Core/Src/stm32f1xx_hal_msp.o
 .debug_rnglists
                0x00000000000000eb       0x1a ./Core/Src/system_stm32f1xx.o
 .debug_rnglists
                0x0000000000000105      0x18c ./Core/Src/tasks.o
 .debug_rnglists
                0x0000000000000291       0x19 ./Core/Startup/startup_stm32f103c8tx.o
 .debug_rnglists
                0x00000000000002aa       0xa3 ./Drivers/STM32F1xx_HAL_Driver/Src/stm32f1xx_hal.o
 .debug_rnglists
                0x000000000000034d       0xbb ./Drivers/STM32F1xx_HAL_Driver/Src/stm32f1xx_hal_cortex.o
 .debug_rnglists
                0x0000000000000408       0x3f ./Drivers/STM32F1xx_HAL_Driver/Src/stm32f1xx_hal_gpio.o

.debug_macro    0x0000000000000000    0x14e1a
 .debug_macro   0x0000000000000000      0x226 ./Core/Src/heap_2.o
 .debug_macro   0x0000000000000226       0x16 ./Core/Src/heap_2.o
 .debug_macro   0x000000000000023c       0x35 ./Core/Src/heap_2.o
 .debug_macro   0x0000000000000271       0x20 ./Core/Src/heap_2.o
 .debug_macro   0x0000000000000291      0x198 ./Core/Src/list.o
 .debug_macro   0x0000000000000429      0x1fb ./Core/Src/main.o
 .debug_macro   0x0000000000000624      0x20f ./Core/Src/main.o
 .debug_macro   0x0000000000000833       0x2e ./Core/Src/main.o
 .debug_macro   0x0000000000000861       0x22 ./Core/Src/main.o
 .debug_macro   0x0000000000000883       0x1c ./Core/Src/main.o
 .debug_macro   0x000000000000089f       0x22 ./Core/Src/main.o
 .debug_macro   0x00000000000008c1       0xbd ./Core/Src/main.o
 .debug_macro   0x000000000000097e      0xd23 ./Core/Src/main.o
 .debug_macro   0x00000000000016a1     0xe09e ./Core/Src/main.o
 .debug_macro   0x000000000000f73f       0x6d ./Core/Src/main.o
 .debug_macro   0x000000000000f7ac     0x348d ./Core/Src/main.o
 .debug_macro   0x0000000000012c39       0x5c ./Core/Src/main.o
 .debug_macro   0x0000000000012c95      0x5bc ./Core/Src/main.o
 .debug_macro   0x0000000000013251      0x289 ./Core/Src/main.o
 .debug_macro   0x00000000000134da      0x1cb ./Core/Src/main.o
 .debug_macro   0x00000000000136a5      0x114 ./Core/Src/main.o
 .debug_macro   0x00000000000137b9      0x1b2 ./Core/Src/main.o
 .debug_macro   0x000000000001396b       0x27 ./Core/Src/main.o
 .debug_macro   0x0000000000013992      0x136 ./Core/Src/main.o
 .debug_macro   0x0000000000013ac8      0x1bc ./Core/Src/main.o
 .debug_macro   0x0000000000013c84       0x34 ./Core/Src/main.o
 .debug_macro   0x0000000000013cb8       0x3c ./Core/Src/main.o
 .debug_macro   0x0000000000013cf4       0x57 ./Core/Src/main.o
 .debug_macro   0x0000000000013d4b       0x87 ./Core/Src/main.o
 .debug_macro   0x0000000000013dd2      0x240 ./Core/Src/main.o
 .debug_macro   0x0000000000014012      0x140 ./Core/Src/main.o
 .debug_macro   0x0000000000014152       0x83 ./Core/Src/main.o
 .debug_macro   0x00000000000141d5      0x183 ./Core/Src/port.o
 .debug_macro   0x0000000000014358      0x18e ./Core/Src/stm32f1xx_hal_msp.o
 .debug_macro   0x00000000000144e6      0x184 ./Core/Src/system_stm32f1xx.o
 .debug_macro   0x000000000001466a      0x27e ./Core/Src/tasks.o
 .debug_macro   0x00000000000148e8       0x17 ./Core/Src/tasks.o
 .debug_macro   0x00000000000148ff      0x1a8 ./Drivers/STM32F1xx_HAL_Driver/Src/stm32f1xx_hal.o
 .debug_macro   0x0000000000014aa7      0x184 ./Drivers/STM32F1xx_HAL_Driver/Src/stm32f1xx_hal_cortex.o
 .debug_macro   0x0000000000014c2b      0x1ef ./Drivers/STM32F1xx_HAL_Driver/Src/stm32f1xx_hal_gpio.o

.debug_line     0x0000000000000000     0x5b83
 .debug_line    0x0000000000000000      0x721 ./Core/Src/heap_2.o
 .debug_line    0x0000000000000721      0x634 ./Core/Src/list.o
 .debug_line    0x0000000000000d55      0x712 ./Core/Src/main.o
 .debug_line    0x0000000000001467      0x5a1 ./Core/Src/port.o
 .debug_line    0x0000000000001a08      0x5f9 ./Core/Src/stm32f1xx_hal_msp.o
 .debug_line    0x0000000000002001      0x677 ./Core/Src/system_stm32f1xx.o
 .debug_line    0x0000000000002678     0x1826 ./Core/Src/tasks.o
 .debug_line    0x0000000000003e9e       0x78 ./Core/Startup/startup_stm32f103c8tx.o
 .debug_line    0x0000000000003f16      0x8a4 ./Drivers/STM32F1xx_HAL_Driver/Src/stm32f1xx_hal.o
 .debug_line    0x00000000000047ba      0xa8c ./Drivers/STM32F1xx_HAL_Driver/Src/stm32f1xx_hal_cortex.o
 .debug_line    0x0000000000005246      0x93d ./Drivers/STM32F1xx_HAL_Driver/Src/stm32f1xx_hal_gpio.o

.debug_str      0x0000000000000000    0x8624b
 .debug_str     0x0000000000000000     0xc560 ./Core/Src/heap_2.o
                                       0xc796 (size before relaxing)
 .debug_str     0x000000000000c560      0x11e ./Core/Src/list.o
                                       0xaf5c (size before relaxing)
 .debug_str     0x000000000000c67e    0x76c32 ./Core/Src/main.o
                                      0x7fc4d (size before relaxing)
 .debug_str     0x00000000000832b0      0x6e0 ./Core/Src/port.o
                                       0x95a1 (size before relaxing)
 .debug_str     0x0000000000083990       0x2c ./Core/Src/stm32f1xx_hal_msp.o
                                      0x7ac22 (size before relaxing)
 .debug_str     0x00000000000839bc       0x7e ./Core/Src/system_stm32f1xx.o
                                      0x7ac7b (size before relaxing)
 .debug_str     0x0000000000083a3a     0x1be3 ./Core/Src/tasks.o
                                       0xe019 (size before relaxing)
 .debug_str     0x000000000008561d       0x34 ./Core/Startup/startup_stm32f103c8tx.o
                                         0x6f (size before relaxing)
 .debug_str     0x0000000000085651      0x61d ./Drivers/STM32F1xx_HAL_Driver/Src/stm32f1xx_hal.o
                                      0x7b3ae (size before relaxing)
 .debug_str     0x0000000000085c6e      0x2cf ./Drivers/STM32F1xx_HAL_Driver/Src/stm32f1xx_hal_cortex.o
                                      0x7b2fa (size before relaxing)
 .debug_str     0x0000000000085f3d      0x30e ./Drivers/STM32F1xx_HAL_Driver/Src/stm32f1xx_hal_gpio.o
                                      0x7b001 (size before relaxing)

.debug_frame    0x0000000000000000     0x15dc
 .debug_frame   0x0000000000000000       0xe4 ./Core/Src/heap_2.o
 .debug_frame   0x00000000000000e4       0xd8 ./Core/Src/list.o
 .debug_frame   0x00000000000001bc       0xb4 ./Core/Src/main.o
 .debug_frame   0x0000000000000270      0x160 ./Core/Src/port.o
 .debug_frame   0x00000000000003d0       0x38 ./Core/Src/stm32f1xx_hal_msp.o
 .debug_frame   0x0000000000000408       0x58 ./Core/Src/system_stm32f1xx.o
 .debug_frame   0x0000000000000460      0x888 ./Core/Src/tasks.o
 .debug_frame   0x0000000000000ce8      0x334 ./Drivers/STM32F1xx_HAL_Driver/Src/stm32f1xx_hal.o
 .debug_frame   0x000000000000101c      0x428 ./Drivers/STM32F1xx_HAL_Driver/Src/stm32f1xx_hal_cortex.o
 .debug_frame   0x0000000000001444      0x14c ./Drivers/STM32F1xx_HAL_Driver/Src/stm32f1xx_hal_gpio.o
 .debug_frame   0x0000000000001590       0x20 /opt/st/stm32cubeide_1.13.2/plugins/com.st.stm32cube.ide.mcu.externaltools.gnu-tools-for-stm32.11.3.rel1.linux64_1.1.1.202309131626/tools/bin/../lib/gcc/arm-none-eabi/11.3.1/../../../../arm-none-eabi/lib/thumb/v7-m/nofp/libc_nano.a(libc_a-memset.o)
 .debug_frame   0x00000000000015b0       0x2c /opt/st/stm32cubeide_1.13.2/plugins/com.st.stm32cube.ide.mcu.externaltools.gnu-tools-for-stm32.11.3.rel1.linux64_1.1.1.202309131626/tools/bin/../lib/gcc/arm-none-eabi/11.3.1/../../../../arm-none-eabi/lib/thumb/v7-m/nofp/libc_nano.a(libc_a-init.o)

.debug_line_str
                0x0000000000000000       0x63
 .debug_line_str
                0x0000000000000000       0x63 ./Core/Startup/startup_stm32f103c8tx.o
                                         0x7b (size before relaxing)
