17:33:24 **** Incremental Build of configuration Debug for project EXI_ISR ****
make -j8 all 
arm-none-eabi-gcc "../Core/Src/main.c" -mcpu=cortex-m3 -std=gnu11 -g3 -DDEBUG -DUSE_HAL_DRIVER -DSTM32F103xB -c -I../Core/Inc -I../Drivers/STM32F1xx_HAL_Driver/Inc/Legacy -I../Drivers/STM32F1xx_HAL_Driver/Inc -I../Drivers/CMSIS/Device/ST/STM32F1xx/Include -I../Drivers/CMSIS/Include -O0 -ffunction-sections -fdata-sections -Wall -fstack-usage -fcyclomatic-complexity -MMD -MP -MF"Core/Src/main.d" -MT"Core/Src/main.o" --specs=nano.specs -mfloat-abi=soft -mthumb -o "Core/Src/main.o"
arm-none-eabi-g++ -o "EXI_ISR.elf" @"objects.list"   -mcpu=cortex-m3 -T"/home/mustafa/STM32CubeIDE/workspace_1.13.2/PreRTOS/EXI_ISR/STM32F103C8TX_FLASH.ld" --specs=nosys.specs -Wl,-Map="EXI_ISR.map" -Wl,--gc-sections -static --specs=nano.specs -mfloat-abi=soft -mthumb -Wl,--start-group -lc -lm -lstdc++ -lsupc++ -Wl,--end-group
Finished building target: EXI_ISR.elf
 
arm-none-eabi-size   EXI_ISR.elf 
arm-none-eabi-objdump -h -S  EXI_ISR.elf  > "EXI_ISR.list"
   text	   data	    bss	    dec	    hex	filename
   4828	     20	   1572	   6420	   1914	EXI_ISR.elf
Finished building: default.size.stdout
 
Finished building: EXI_ISR.list
 

17:33:26 Build Finished. 0 errors, 0 warnings. (took 1s.180ms)

