14:40:08 **** Incremental Build of configuration Debug for project RTOS_Sharedrsrc ****
make -j8 all 
arm-none-eabi-gcc "../Core/Src/main.c" -mcpu=cortex-m3 -std=gnu11 -g3 -DDEBUG -DUSE_HAL_DRIVER -DSTM32F103xB -c -I../Core/Inc -I../Drivers/STM32F1xx_HAL_Driver/Inc/Legacy -I../Drivers/STM32F1xx_HAL_Driver/Inc -I../Drivers/CMSIS/Device/ST/STM32F1xx/Include -I../Drivers/CMSIS/Include -O0 -ffunction-sections -fdata-sections -Wall -fstack-usage -fcyclomatic-complexity -MMD -MP -MF"Core/Src/main.d" -MT"Core/Src/main.o" --specs=nano.specs -mfloat-abi=soft -mthumb -o "Core/Src/main.o"
arm-none-eabi-g++ -o "RTOS_Sharedrsrc.elf" @"objects.list"   -mcpu=cortex-m3 -T"/home/mustafa/STM32CubeIDE/workspace_1.13.2/PreRTOS/RTOS_Sharedrsrc/STM32F103C8TX_FLASH.ld" --specs=nosys.specs -Wl,-Map="RTOS_Sharedrsrc.map" -Wl,--gc-sections -static --specs=nano.specs -mfloat-abi=soft -mthumb -Wl,--start-group -lc -lm -lstdc++ -lsupc++ -Wl,--end-group
Finished building target: RTOS_Sharedrsrc.elf
 
arm-none-eabi-size   RTOS_Sharedrsrc.elf 
arm-none-eabi-objdump -h -S  RTOS_Sharedrsrc.elf  > "RTOS_Sharedrsrc.list"
   text	   data	    bss	    dec	    hex	filename
   7372	     20	  12108	  19500	   4c2c	RTOS_Sharedrsrc.elf
Finished building: default.size.stdout
 
Finished building: RTOS_Sharedrsrc.list
 

14:40:08 Build Finished. 0 errors, 0 warnings. (took 379ms)

