08:40:06 **** Incremental Build of configuration Debug for project GPIOinterfacing ****
make -j8 all 
arm-none-eabi-g++ "../Core/Src/main.cpp" -mcpu=cortex-m3 -std=gnu++14 -g3 -DDEBUG -DUSE_HAL_DRIVER -DSTM32F103xB -c -I../Core/Inc -I../Drivers/STM32F1xx_HAL_Driver/Inc/Legacy -I../Drivers/STM32F1xx_HAL_Driver/Inc -I../Drivers/CMSIS/Device/ST/STM32F1xx/Include -I../Drivers/CMSIS/Include -O0 -ffunction-sections -fdata-sections -fno-exceptions -fno-rtti -fno-use-cxa-atexit -Wall -fstack-usage -fcyclomatic-complexity -MMD -MP -MF"Core/Src/main.d" -MT"Core/Src/main.o" --specs=nano.specs -mfloat-abi=soft -mthumb -o "Core/Src/main.o"
arm-none-eabi-g++ -o "GPIOinterfacing.elf" @"objects.list"   -mcpu=cortex-m3 -T"/home/mustafa/STM32CubeIDE/workspace_1.13.2/GPIOinterfacing/STM32F103C8TX_FLASH.ld" --specs=nosys.specs -Wl,-Map="GPIOinterfacing.map" -Wl,--gc-sections -static --specs=nano.specs -mfloat-abi=soft -mthumb -Wl,--start-group -lc -lm -lstdc++ -lsupc++ -Wl,--end-group
Finished building target: GPIOinterfacing.elf
 
arm-none-eabi-size   GPIOinterfacing.elf 
arm-none-eabi-objdump -h -S  GPIOinterfacing.elf  > "GPIOinterfacing.list"
   text	   data	    bss	    dec	    hex	filename
   3340	     20	   1572	   4932	   1344	GPIOinterfacing.elf
Finished building: default.size.stdout
 
Finished building: GPIOinterfacing.list
 

08:40:07 Build Finished. 0 errors, 0 warnings. (took 1s.165ms)

