10:23:49 **** Incremental Build of configuration Debug for project PreRTOS ****
make -j8 all 
arm-none-eabi-gcc "../Core/Src/main.c" -mcpu=cortex-m3 -std=gnu11 -g3 -DDEBUG -DUSE_HAL_DRIVER -DSTM32F103xB -c -I../Core/Inc -I../Drivers/STM32F1xx_HAL_Driver/Inc/Legacy -I../Drivers/STM32F1xx_HAL_Driver/Inc -I../Drivers/CMSIS/Device/ST/STM32F1xx/Include -I../Drivers/CMSIS/Include -O0 -ffunction-sections -fdata-sections -Wall -fstack-usage -fcyclomatic-complexity -MMD -MP -MF"Core/Src/main.d" -MT"Core/Src/main.o" --specs=nano.specs -mfloat-abi=soft -mthumb -o "Core/Src/main.o"
arm-none-eabi-g++ -o "PreRTOS.elf" @"objects.list"   -mcpu=cortex-m3 -T"/home/mustafa/STM32CubeIDE/workspace_1.13.2/PreRTOS/STM32F103C8TX_FLASH.ld" --specs=nosys.specs -Wl,-Map="PreRTOS.map" -Wl,--gc-sections -static --specs=nano.specs -mfloat-abi=soft -mthumb -Wl,--start-group -lc -lm -lstdc++ -lsupc++ -Wl,--end-group
Finished building target: PreRTOS.elf
 
arm-none-eabi-size   PreRTOS.elf 
arm-none-eabi-objdump -h -S  PreRTOS.elf  > "PreRTOS.list"
   text	   data	    bss	    dec	    hex	filename
   4656	     20	   1572	   6248	   1868	PreRTOS.elf
Finished building: default.size.stdout
 
Finished building: PreRTOS.list
 

10:23:50 Build Finished. 0 errors, 0 warnings. (took 1s.294ms)

