17:28:28 **** Incremental Build of configuration Debug for project RTOS_API ****
make -j8 all 
arm-none-eabi-gcc "../Core/Src/main.c" -mcpu=cortex-m3 -std=gnu11 -g3 -DDEBUG -DUSE_HAL_DRIVER -DSTM32F103xB -c -I../Core/Inc -I../Drivers/STM32F1xx_HAL_Driver/Inc/Legacy -I../Drivers/STM32F1xx_HAL_Driver/Inc -I../Drivers/CMSIS/Device/ST/STM32F1xx/Include -I../Drivers/CMSIS/Include -O0 -ffunction-sections -fdata-sections -Wall -fstack-usage -fcyclomatic-complexity -MMD -MP -MF"Core/Src/main.d" -MT"Core/Src/main.o" --specs=nano.specs -mfloat-abi=soft -mthumb -o "Core/Src/main.o"
arm-none-eabi-gcc -o "RTOS_API.elf" @"objects.list"   -mcpu=cortex-m3 -T"/home/mustafa/STM32CubeIDE/workspace_1.13.2/RTOS_API/STM32F103C8TX_FLASH.ld" --specs=nosys.specs -Wl,-Map="RTOS_API.map" -Wl,--gc-sections -static --specs=nano.specs -mfloat-abi=soft -mthumb -Wl,--start-group -lc -lm -Wl,--end-group
Finished building target: RTOS_API.elf
 
arm-none-eabi-size   RTOS_API.elf 
arm-none-eabi-objdump -h -S  RTOS_API.elf  > "RTOS_API.list"
   text	   data	    bss	    dec	    hex	filename
   6472	     32	  12104	  18608	   48b0	RTOS_API.elf
Finished building: default.size.stdout
 
Finished building: RTOS_API.list
 

17:28:28 Build Finished. 0 errors, 0 warnings. (took 372ms)

